[2026-05-19T20:07:39.561+0000] {processor.py:186} INFO - Started process (PID=176) to work on /opt/airflow/dags/create_mart_performance_dag.py
[2026-05-19T20:07:39.562+0000] {processor.py:914} INFO - Processing file /opt/airflow/dags/create_mart_performance_dag.py for tasks to queue
[2026-05-19T20:07:39.565+0000] {logging_mixin.py:190} INFO - [2026-05-19T20:07:39.564+0000] {dagbag.py:588} INFO - Filling up the DagBag from /opt/airflow/dags/create_mart_performance_dag.py
[2026-05-19T20:07:39.605+0000] {processor.py:925} INFO - DAG(s) 'create_analytics_mart_performance' retrieved from /opt/airflow/dags/create_mart_performance_dag.py
[2026-05-19T20:07:39.775+0000] {logging_mixin.py:190} INFO - [2026-05-19T20:07:39.775+0000] {override.py:1911} INFO - Created Permission View: can edit on DAG:create_analytics_mart_performance
[2026-05-19T20:07:39.783+0000] {logging_mixin.py:190} INFO - [2026-05-19T20:07:39.782+0000] {override.py:1911} INFO - Created Permission View: can delete on DAG:create_analytics_mart_performance
[2026-05-19T20:07:39.788+0000] {logging_mixin.py:190} INFO - [2026-05-19T20:07:39.788+0000] {override.py:1911} INFO - Created Permission View: can read on DAG:create_analytics_mart_performance
[2026-05-19T20:07:39.794+0000] {logging_mixin.py:190} INFO - [2026-05-19T20:07:39.793+0000] {override.py:1911} INFO - Created Permission View: menu access on DAG Run:create_analytics_mart_performance
[2026-05-19T20:07:39.798+0000] {logging_mixin.py:190} INFO - [2026-05-19T20:07:39.798+0000] {override.py:1911} INFO - Created Permission View: can create on DAG Run:create_analytics_mart_performance
[2026-05-19T20:07:39.804+0000] {logging_mixin.py:190} INFO - [2026-05-19T20:07:39.803+0000] {override.py:1911} INFO - Created Permission View: can delete on DAG Run:create_analytics_mart_performance
[2026-05-19T20:07:39.808+0000] {logging_mixin.py:190} INFO - [2026-05-19T20:07:39.808+0000] {override.py:1911} INFO - Created Permission View: can read on DAG Run:create_analytics_mart_performance
[2026-05-19T20:07:39.809+0000] {logging_mixin.py:190} INFO - [2026-05-19T20:07:39.808+0000] {dag.py:3239} INFO - Sync 1 DAGs
[2026-05-19T20:07:39.818+0000] {logging_mixin.py:190} INFO - [2026-05-19T20:07:39.818+0000] {dag.py:3262} INFO - Creating ORM DAG for create_analytics_mart_performance
[2026-05-19T20:07:39.827+0000] {logging_mixin.py:190} INFO - [2026-05-19T20:07:39.827+0000] {dag.py:4180} INFO - Setting next_dagrun for create_analytics_mart_performance to 2026-05-18 03:00:00+00:00, run_after=2026-05-19 03:00:00+00:00
[2026-05-19T20:07:39.841+0000] {processor.py:208} INFO - Processing /opt/airflow/dags/create_mart_performance_dag.py took 0.285 seconds
[2026-05-19T20:08:09.979+0000] {processor.py:186} INFO - Started process (PID=198) to work on /opt/airflow/dags/create_mart_performance_dag.py
[2026-05-19T20:08:09.980+0000] {processor.py:914} INFO - Processing file /opt/airflow/dags/create_mart_performance_dag.py for tasks to queue
[2026-05-19T20:08:09.982+0000] {logging_mixin.py:190} INFO - [2026-05-19T20:08:09.981+0000] {dagbag.py:588} INFO - Filling up the DagBag from /opt/airflow/dags/create_mart_performance_dag.py
[2026-05-19T20:08:10.002+0000] {processor.py:925} INFO - DAG(s) 'create_analytics_mart_performance' retrieved from /opt/airflow/dags/create_mart_performance_dag.py
[2026-05-19T20:08:10.021+0000] {logging_mixin.py:190} INFO - [2026-05-19T20:08:10.021+0000] {dag.py:3239} INFO - Sync 1 DAGs
[2026-05-19T20:08:10.039+0000] {logging_mixin.py:190} INFO - [2026-05-19T20:08:10.039+0000] {dag.py:4180} INFO - Setting next_dagrun for create_analytics_mart_performance to 2026-05-18 03:00:00+00:00, run_after=2026-05-19 03:00:00+00:00
[2026-05-19T20:08:10.053+0000] {processor.py:208} INFO - Processing /opt/airflow/dags/create_mart_performance_dag.py took 0.078 seconds
[2026-05-19T20:08:40.549+0000] {processor.py:186} INFO - Started process (PID=219) to work on /opt/airflow/dags/create_mart_performance_dag.py
[2026-05-19T20:08:40.550+0000] {processor.py:914} INFO - Processing file /opt/airflow/dags/create_mart_performance_dag.py for tasks to queue
[2026-05-19T20:08:40.552+0000] {logging_mixin.py:190} INFO - [2026-05-19T20:08:40.551+0000] {dagbag.py:588} INFO - Filling up the DagBag from /opt/airflow/dags/create_mart_performance_dag.py
[2026-05-19T20:08:40.577+0000] {processor.py:925} INFO - DAG(s) 'create_analytics_mart_performance' retrieved from /opt/airflow/dags/create_mart_performance_dag.py
[2026-05-19T20:08:40.601+0000] {logging_mixin.py:190} INFO - [2026-05-19T20:08:40.601+0000] {dag.py:3239} INFO - Sync 1 DAGs
[2026-05-19T20:08:40.621+0000] {logging_mixin.py:190} INFO - [2026-05-19T20:08:40.621+0000] {dag.py:4180} INFO - Setting next_dagrun for create_analytics_mart_performance to 2026-05-18 03:00:00+00:00, run_after=2026-05-19 03:00:00+00:00
[2026-05-19T20:08:40.636+0000] {processor.py:208} INFO - Processing /opt/airflow/dags/create_mart_performance_dag.py took 0.094 seconds
[2026-05-19T20:09:11.092+0000] {processor.py:186} INFO - Started process (PID=247) to work on /opt/airflow/dags/create_mart_performance_dag.py
[2026-05-19T20:09:11.094+0000] {processor.py:914} INFO - Processing file /opt/airflow/dags/create_mart_performance_dag.py for tasks to queue
[2026-05-19T20:09:11.095+0000] {logging_mixin.py:190} INFO - [2026-05-19T20:09:11.095+0000] {dagbag.py:588} INFO - Filling up the DagBag from /opt/airflow/dags/create_mart_performance_dag.py
[2026-05-19T20:09:11.120+0000] {processor.py:925} INFO - DAG(s) 'create_analytics_mart_performance' retrieved from /opt/airflow/dags/create_mart_performance_dag.py
[2026-05-19T20:09:11.140+0000] {logging_mixin.py:190} INFO - [2026-05-19T20:09:11.140+0000] {dag.py:3239} INFO - Sync 1 DAGs
[2026-05-19T20:09:11.159+0000] {logging_mixin.py:190} INFO - [2026-05-19T20:09:11.158+0000] {dag.py:4180} INFO - Setting next_dagrun for create_analytics_mart_performance to 2026-05-19 03:00:00+00:00, run_after=2026-05-20 03:00:00+00:00
[2026-05-19T20:09:11.173+0000] {processor.py:208} INFO - Processing /opt/airflow/dags/create_mart_performance_dag.py took 0.087 seconds
[2026-05-19T20:09:41.705+0000] {processor.py:186} INFO - Started process (PID=268) to work on /opt/airflow/dags/create_mart_performance_dag.py
[2026-05-19T20:09:41.705+0000] {processor.py:914} INFO - Processing file /opt/airflow/dags/create_mart_performance_dag.py for tasks to queue
[2026-05-19T20:09:41.708+0000] {logging_mixin.py:190} INFO - [2026-05-19T20:09:41.707+0000] {dagbag.py:588} INFO - Filling up the DagBag from /opt/airflow/dags/create_mart_performance_dag.py
[2026-05-19T20:09:41.729+0000] {processor.py:925} INFO - DAG(s) 'create_analytics_mart_performance' retrieved from /opt/airflow/dags/create_mart_performance_dag.py
[2026-05-19T20:09:41.749+0000] {logging_mixin.py:190} INFO - [2026-05-19T20:09:41.749+0000] {dag.py:3239} INFO - Sync 1 DAGs
[2026-05-19T20:09:41.771+0000] {logging_mixin.py:190} INFO - [2026-05-19T20:09:41.770+0000] {dag.py:4180} INFO - Setting next_dagrun for create_analytics_mart_performance to 2026-05-19 03:00:00+00:00, run_after=2026-05-20 03:00:00+00:00
[2026-05-19T20:09:41.790+0000] {processor.py:208} INFO - Processing /opt/airflow/dags/create_mart_performance_dag.py took 0.090 seconds
[2026-05-19T20:10:12.268+0000] {processor.py:186} INFO - Started process (PID=289) to work on /opt/airflow/dags/create_mart_performance_dag.py
[2026-05-19T20:10:12.269+0000] {processor.py:914} INFO - Processing file /opt/airflow/dags/create_mart_performance_dag.py for tasks to queue
[2026-05-19T20:10:12.272+0000] {logging_mixin.py:190} INFO - [2026-05-19T20:10:12.271+0000] {dagbag.py:588} INFO - Filling up the DagBag from /opt/airflow/dags/create_mart_performance_dag.py
[2026-05-19T20:10:12.302+0000] {processor.py:925} INFO - DAG(s) 'create_analytics_mart_performance' retrieved from /opt/airflow/dags/create_mart_performance_dag.py
[2026-05-19T20:10:12.320+0000] {logging_mixin.py:190} INFO - [2026-05-19T20:10:12.320+0000] {dag.py:3239} INFO - Sync 1 DAGs
[2026-05-19T20:10:12.338+0000] {logging_mixin.py:190} INFO - [2026-05-19T20:10:12.337+0000] {dag.py:4180} INFO - Setting next_dagrun for create_analytics_mart_performance to 2026-05-19 03:00:00+00:00, run_after=2026-05-20 03:00:00+00:00
[2026-05-19T20:10:12.352+0000] {processor.py:208} INFO - Processing /opt/airflow/dags/create_mart_performance_dag.py took 0.090 seconds
[2026-05-19T20:10:43.035+0000] {processor.py:186} INFO - Started process (PID=310) to work on /opt/airflow/dags/create_mart_performance_dag.py
[2026-05-19T20:10:43.036+0000] {processor.py:914} INFO - Processing file /opt/airflow/dags/create_mart_performance_dag.py for tasks to queue
[2026-05-19T20:10:43.037+0000] {logging_mixin.py:190} INFO - [2026-05-19T20:10:43.037+0000] {dagbag.py:588} INFO - Filling up the DagBag from /opt/airflow/dags/create_mart_performance_dag.py
[2026-05-19T20:10:43.057+0000] {processor.py:925} INFO - DAG(s) 'create_analytics_mart_performance' retrieved from /opt/airflow/dags/create_mart_performance_dag.py
[2026-05-19T20:10:43.075+0000] {logging_mixin.py:190} INFO - [2026-05-19T20:10:43.075+0000] {dag.py:3239} INFO - Sync 1 DAGs
[2026-05-19T20:10:43.093+0000] {logging_mixin.py:190} INFO - [2026-05-19T20:10:43.093+0000] {dag.py:4180} INFO - Setting next_dagrun for create_analytics_mart_performance to 2026-05-19 03:00:00+00:00, run_after=2026-05-20 03:00:00+00:00
[2026-05-19T20:10:43.108+0000] {processor.py:208} INFO - Processing /opt/airflow/dags/create_mart_performance_dag.py took 0.078 seconds
[2026-05-19T20:11:13.451+0000] {processor.py:186} INFO - Started process (PID=331) to work on /opt/airflow/dags/create_mart_performance_dag.py
[2026-05-19T20:11:13.453+0000] {processor.py:914} INFO - Processing file /opt/airflow/dags/create_mart_performance_dag.py for tasks to queue
[2026-05-19T20:11:13.455+0000] {logging_mixin.py:190} INFO - [2026-05-19T20:11:13.455+0000] {dagbag.py:588} INFO - Filling up the DagBag from /opt/airflow/dags/create_mart_performance_dag.py
[2026-05-19T20:11:13.476+0000] {processor.py:925} INFO - DAG(s) 'create_analytics_mart_performance' retrieved from /opt/airflow/dags/create_mart_performance_dag.py
[2026-05-19T20:11:13.497+0000] {logging_mixin.py:190} INFO - [2026-05-19T20:11:13.497+0000] {dag.py:3239} INFO - Sync 1 DAGs
[2026-05-19T20:11:13.514+0000] {logging_mixin.py:190} INFO - [2026-05-19T20:11:13.514+0000] {dag.py:4180} INFO - Setting next_dagrun for create_analytics_mart_performance to 2026-05-19 03:00:00+00:00, run_after=2026-05-20 03:00:00+00:00
[2026-05-19T20:11:13.526+0000] {processor.py:208} INFO - Processing /opt/airflow/dags/create_mart_performance_dag.py took 0.081 seconds
[2026-05-19T20:11:43.983+0000] {processor.py:186} INFO - Started process (PID=352) to work on /opt/airflow/dags/create_mart_performance_dag.py
[2026-05-19T20:11:43.984+0000] {processor.py:914} INFO - Processing file /opt/airflow/dags/create_mart_performance_dag.py for tasks to queue
[2026-05-19T20:11:43.987+0000] {logging_mixin.py:190} INFO - [2026-05-19T20:11:43.986+0000] {dagbag.py:588} INFO - Filling up the DagBag from /opt/airflow/dags/create_mart_performance_dag.py
[2026-05-19T20:11:44.008+0000] {processor.py:925} INFO - DAG(s) 'create_analytics_mart_performance' retrieved from /opt/airflow/dags/create_mart_performance_dag.py
[2026-05-19T20:11:44.032+0000] {logging_mixin.py:190} INFO - [2026-05-19T20:11:44.032+0000] {dag.py:3239} INFO - Sync 1 DAGs
[2026-05-19T20:11:44.052+0000] {logging_mixin.py:190} INFO - [2026-05-19T20:11:44.052+0000] {dag.py:4180} INFO - Setting next_dagrun for create_analytics_mart_performance to 2026-05-19 03:00:00+00:00, run_after=2026-05-20 03:00:00+00:00
[2026-05-19T20:11:44.066+0000] {processor.py:208} INFO - Processing /opt/airflow/dags/create_mart_performance_dag.py took 0.090 seconds
[2026-05-19T20:12:14.719+0000] {processor.py:186} INFO - Started process (PID=373) to work on /opt/airflow/dags/create_mart_performance_dag.py
[2026-05-19T20:12:14.720+0000] {processor.py:914} INFO - Processing file /opt/airflow/dags/create_mart_performance_dag.py for tasks to queue
[2026-05-19T20:12:14.722+0000] {logging_mixin.py:190} INFO - [2026-05-19T20:12:14.722+0000] {dagbag.py:588} INFO - Filling up the DagBag from /opt/airflow/dags/create_mart_performance_dag.py
[2026-05-19T20:12:14.739+0000] {processor.py:925} INFO - DAG(s) 'create_analytics_mart_performance' retrieved from /opt/airflow/dags/create_mart_performance_dag.py
[2026-05-19T20:12:14.757+0000] {logging_mixin.py:190} INFO - [2026-05-19T20:12:14.756+0000] {dag.py:3239} INFO - Sync 1 DAGs
[2026-05-19T20:12:14.775+0000] {logging_mixin.py:190} INFO - [2026-05-19T20:12:14.775+0000] {dag.py:4180} INFO - Setting next_dagrun for create_analytics_mart_performance to 2026-05-19 03:00:00+00:00, run_after=2026-05-20 03:00:00+00:00
[2026-05-19T20:12:14.788+0000] {processor.py:208} INFO - Processing /opt/airflow/dags/create_mart_performance_dag.py took 0.075 seconds
[2026-05-19T20:12:45.413+0000] {processor.py:186} INFO - Started process (PID=394) to work on /opt/airflow/dags/create_mart_performance_dag.py
[2026-05-19T20:12:45.414+0000] {processor.py:914} INFO - Processing file /opt/airflow/dags/create_mart_performance_dag.py for tasks to queue
[2026-05-19T20:12:45.416+0000] {logging_mixin.py:190} INFO - [2026-05-19T20:12:45.416+0000] {dagbag.py:588} INFO - Filling up the DagBag from /opt/airflow/dags/create_mart_performance_dag.py
[2026-05-19T20:12:45.438+0000] {processor.py:925} INFO - DAG(s) 'create_analytics_mart_performance' retrieved from /opt/airflow/dags/create_mart_performance_dag.py
[2026-05-19T20:12:45.459+0000] {logging_mixin.py:190} INFO - [2026-05-19T20:12:45.458+0000] {dag.py:3239} INFO - Sync 1 DAGs
[2026-05-19T20:12:45.477+0000] {logging_mixin.py:190} INFO - [2026-05-19T20:12:45.477+0000] {dag.py:4180} INFO - Setting next_dagrun for create_analytics_mart_performance to 2026-05-19 03:00:00+00:00, run_after=2026-05-20 03:00:00+00:00
[2026-05-19T20:12:45.491+0000] {processor.py:208} INFO - Processing /opt/airflow/dags/create_mart_performance_dag.py took 0.082 seconds
[2026-05-19T20:13:16.149+0000] {processor.py:186} INFO - Started process (PID=415) to work on /opt/airflow/dags/create_mart_performance_dag.py
[2026-05-19T20:13:16.150+0000] {processor.py:914} INFO - Processing file /opt/airflow/dags/create_mart_performance_dag.py for tasks to queue
[2026-05-19T20:13:16.153+0000] {logging_mixin.py:190} INFO - [2026-05-19T20:13:16.153+0000] {dagbag.py:588} INFO - Filling up the DagBag from /opt/airflow/dags/create_mart_performance_dag.py
[2026-05-19T20:13:16.186+0000] {processor.py:925} INFO - DAG(s) 'create_analytics_mart_performance' retrieved from /opt/airflow/dags/create_mart_performance_dag.py
[2026-05-19T20:13:16.203+0000] {logging_mixin.py:190} INFO - [2026-05-19T20:13:16.203+0000] {dag.py:3239} INFO - Sync 1 DAGs
[2026-05-19T20:13:16.220+0000] {logging_mixin.py:190} INFO - [2026-05-19T20:13:16.220+0000] {dag.py:4180} INFO - Setting next_dagrun for create_analytics_mart_performance to 2026-05-19 03:00:00+00:00, run_after=2026-05-20 03:00:00+00:00
[2026-05-19T20:13:16.235+0000] {processor.py:208} INFO - Processing /opt/airflow/dags/create_mart_performance_dag.py took 0.092 seconds
[2026-05-19T20:13:46.805+0000] {processor.py:186} INFO - Started process (PID=436) to work on /opt/airflow/dags/create_mart_performance_dag.py
[2026-05-19T20:13:46.806+0000] {processor.py:914} INFO - Processing file /opt/airflow/dags/create_mart_performance_dag.py for tasks to queue
[2026-05-19T20:13:46.809+0000] {logging_mixin.py:190} INFO - [2026-05-19T20:13:46.809+0000] {dagbag.py:588} INFO - Filling up the DagBag from /opt/airflow/dags/create_mart_performance_dag.py
[2026-05-19T20:13:46.829+0000] {processor.py:925} INFO - DAG(s) 'create_analytics_mart_performance' retrieved from /opt/airflow/dags/create_mart_performance_dag.py
[2026-05-19T20:13:46.848+0000] {logging_mixin.py:190} INFO - [2026-05-19T20:13:46.847+0000] {dag.py:3239} INFO - Sync 1 DAGs
[2026-05-19T20:13:46.868+0000] {logging_mixin.py:190} INFO - [2026-05-19T20:13:46.867+0000] {dag.py:4180} INFO - Setting next_dagrun for create_analytics_mart_performance to 2026-05-19 03:00:00+00:00, run_after=2026-05-20 03:00:00+00:00
[2026-05-19T20:13:46.883+0000] {processor.py:208} INFO - Processing /opt/airflow/dags/create_mart_performance_dag.py took 0.082 seconds
[2026-05-19T20:14:17.416+0000] {processor.py:186} INFO - Started process (PID=457) to work on /opt/airflow/dags/create_mart_performance_dag.py
[2026-05-19T20:14:17.417+0000] {processor.py:914} INFO - Processing file /opt/airflow/dags/create_mart_performance_dag.py for tasks to queue
[2026-05-19T20:14:17.419+0000] {logging_mixin.py:190} INFO - [2026-05-19T20:14:17.419+0000] {dagbag.py:588} INFO - Filling up the DagBag from /opt/airflow/dags/create_mart_performance_dag.py
[2026-05-19T20:14:17.440+0000] {processor.py:925} INFO - DAG(s) 'create_analytics_mart_performance' retrieved from /opt/airflow/dags/create_mart_performance_dag.py
[2026-05-19T20:14:17.458+0000] {logging_mixin.py:190} INFO - [2026-05-19T20:14:17.458+0000] {dag.py:3239} INFO - Sync 1 DAGs
[2026-05-19T20:14:17.476+0000] {logging_mixin.py:190} INFO - [2026-05-19T20:14:17.476+0000] {dag.py:4180} INFO - Setting next_dagrun for create_analytics_mart_performance to 2026-05-19 03:00:00+00:00, run_after=2026-05-20 03:00:00+00:00
[2026-05-19T20:14:17.491+0000] {processor.py:208} INFO - Processing /opt/airflow/dags/create_mart_performance_dag.py took 0.079 seconds
[2026-05-19T20:14:48.085+0000] {processor.py:186} INFO - Started process (PID=478) to work on /opt/airflow/dags/create_mart_performance_dag.py
[2026-05-19T20:14:48.086+0000] {processor.py:914} INFO - Processing file /opt/airflow/dags/create_mart_performance_dag.py for tasks to queue
[2026-05-19T20:14:48.088+0000] {logging_mixin.py:190} INFO - [2026-05-19T20:14:48.087+0000] {dagbag.py:588} INFO - Filling up the DagBag from /opt/airflow/dags/create_mart_performance_dag.py
[2026-05-19T20:14:48.108+0000] {processor.py:925} INFO - DAG(s) 'create_analytics_mart_performance' retrieved from /opt/airflow/dags/create_mart_performance_dag.py
[2026-05-19T20:14:48.129+0000] {logging_mixin.py:190} INFO - [2026-05-19T20:14:48.128+0000] {dag.py:3239} INFO - Sync 1 DAGs
[2026-05-19T20:14:48.147+0000] {logging_mixin.py:190} INFO - [2026-05-19T20:14:48.147+0000] {dag.py:4180} INFO - Setting next_dagrun for create_analytics_mart_performance to 2026-05-19 03:00:00+00:00, run_after=2026-05-20 03:00:00+00:00
[2026-05-19T20:14:48.160+0000] {processor.py:208} INFO - Processing /opt/airflow/dags/create_mart_performance_dag.py took 0.079 seconds
[2026-05-19T20:15:18.615+0000] {processor.py:186} INFO - Started process (PID=499) to work on /opt/airflow/dags/create_mart_performance_dag.py
[2026-05-19T20:15:18.616+0000] {processor.py:914} INFO - Processing file /opt/airflow/dags/create_mart_performance_dag.py for tasks to queue
[2026-05-19T20:15:18.617+0000] {logging_mixin.py:190} INFO - [2026-05-19T20:15:18.617+0000] {dagbag.py:588} INFO - Filling up the DagBag from /opt/airflow/dags/create_mart_performance_dag.py
[2026-05-19T20:15:18.640+0000] {processor.py:925} INFO - DAG(s) 'create_analytics_mart_performance' retrieved from /opt/airflow/dags/create_mart_performance_dag.py
[2026-05-19T20:15:18.658+0000] {logging_mixin.py:190} INFO - [2026-05-19T20:15:18.657+0000] {dag.py:3239} INFO - Sync 1 DAGs
[2026-05-19T20:15:18.676+0000] {logging_mixin.py:190} INFO - [2026-05-19T20:15:18.675+0000] {dag.py:4180} INFO - Setting next_dagrun for create_analytics_mart_performance to 2026-05-19 03:00:00+00:00, run_after=2026-05-20 03:00:00+00:00
[2026-05-19T20:15:18.688+0000] {processor.py:208} INFO - Processing /opt/airflow/dags/create_mart_performance_dag.py took 0.081 seconds
