[2026-05-19T20:07:39.630+0000] {processor.py:186} INFO - Started process (PID=184) to work on /opt/airflow/dags/create_mart_dag.py
[2026-05-19T20:07:39.631+0000] {processor.py:914} INFO - Processing file /opt/airflow/dags/create_mart_dag.py for tasks to queue
[2026-05-19T20:07:39.633+0000] {logging_mixin.py:190} INFO - [2026-05-19T20:07:39.633+0000] {dagbag.py:588} INFO - Filling up the DagBag from /opt/airflow/dags/create_mart_dag.py
[2026-05-19T20:07:39.669+0000] {processor.py:925} INFO - DAG(s) 'create_analytics_mart' retrieved from /opt/airflow/dags/create_mart_dag.py
[2026-05-19T20:07:39.775+0000] {logging_mixin.py:190} INFO - [2026-05-19T20:07:39.774+0000] {override.py:1911} INFO - Created Permission View: can edit on DAG:create_analytics_mart
[2026-05-19T20:07:39.782+0000] {logging_mixin.py:190} INFO - [2026-05-19T20:07:39.782+0000] {override.py:1911} INFO - Created Permission View: can delete on DAG:create_analytics_mart
[2026-05-19T20:07:39.788+0000] {logging_mixin.py:190} INFO - [2026-05-19T20:07:39.787+0000] {override.py:1911} INFO - Created Permission View: can read on DAG:create_analytics_mart
[2026-05-19T20:07:39.793+0000] {logging_mixin.py:190} INFO - [2026-05-19T20:07:39.793+0000] {override.py:1911} INFO - Created Permission View: menu access on DAG Run:create_analytics_mart
[2026-05-19T20:07:39.798+0000] {logging_mixin.py:190} INFO - [2026-05-19T20:07:39.798+0000] {override.py:1911} INFO - Created Permission View: can create on DAG Run:create_analytics_mart
[2026-05-19T20:07:39.803+0000] {logging_mixin.py:190} INFO - [2026-05-19T20:07:39.803+0000] {override.py:1911} INFO - Created Permission View: can delete on DAG Run:create_analytics_mart
[2026-05-19T20:07:39.808+0000] {logging_mixin.py:190} INFO - [2026-05-19T20:07:39.807+0000] {override.py:1911} INFO - Created Permission View: can read on DAG Run:create_analytics_mart
[2026-05-19T20:07:39.808+0000] {logging_mixin.py:190} INFO - [2026-05-19T20:07:39.808+0000] {dag.py:3239} INFO - Sync 1 DAGs
[2026-05-19T20:07:39.818+0000] {logging_mixin.py:190} INFO - [2026-05-19T20:07:39.818+0000] {dag.py:3262} INFO - Creating ORM DAG for create_analytics_mart
[2026-05-19T20:07:39.827+0000] {logging_mixin.py:190} INFO - [2026-05-19T20:07:39.827+0000] {dag.py:4180} INFO - Setting next_dagrun for create_analytics_mart to 2026-05-18 02:00:00+00:00, run_after=2026-05-19 02:00:00+00:00
[2026-05-19T20:07:39.841+0000] {processor.py:208} INFO - Processing /opt/airflow/dags/create_mart_dag.py took 0.215 seconds
[2026-05-19T20:08:10.044+0000] {processor.py:186} INFO - Started process (PID=206) to work on /opt/airflow/dags/create_mart_dag.py
[2026-05-19T20:08:10.045+0000] {processor.py:914} INFO - Processing file /opt/airflow/dags/create_mart_dag.py for tasks to queue
[2026-05-19T20:08:10.047+0000] {logging_mixin.py:190} INFO - [2026-05-19T20:08:10.047+0000] {dagbag.py:588} INFO - Filling up the DagBag from /opt/airflow/dags/create_mart_dag.py
[2026-05-19T20:08:10.068+0000] {processor.py:925} INFO - DAG(s) 'create_analytics_mart' retrieved from /opt/airflow/dags/create_mart_dag.py
[2026-05-19T20:08:10.084+0000] {logging_mixin.py:190} INFO - [2026-05-19T20:08:10.084+0000] {dag.py:3239} INFO - Sync 1 DAGs
[2026-05-19T20:08:10.101+0000] {logging_mixin.py:190} INFO - [2026-05-19T20:08:10.100+0000] {dag.py:4180} INFO - Setting next_dagrun for create_analytics_mart to 2026-05-18 02:00:00+00:00, run_after=2026-05-19 02:00:00+00:00
[2026-05-19T20:08:10.112+0000] {processor.py:208} INFO - Processing /opt/airflow/dags/create_mart_dag.py took 0.072 seconds
[2026-05-19T20:08:40.617+0000] {processor.py:186} INFO - Started process (PID=227) to work on /opt/airflow/dags/create_mart_dag.py
[2026-05-19T20:08:40.619+0000] {processor.py:914} INFO - Processing file /opt/airflow/dags/create_mart_dag.py for tasks to queue
[2026-05-19T20:08:40.621+0000] {logging_mixin.py:190} INFO - [2026-05-19T20:08:40.620+0000] {dagbag.py:588} INFO - Filling up the DagBag from /opt/airflow/dags/create_mart_dag.py
[2026-05-19T20:08:40.642+0000] {processor.py:925} INFO - DAG(s) 'create_analytics_mart' retrieved from /opt/airflow/dags/create_mart_dag.py
[2026-05-19T20:08:40.662+0000] {logging_mixin.py:190} INFO - [2026-05-19T20:08:40.662+0000] {dag.py:3239} INFO - Sync 1 DAGs
[2026-05-19T20:08:40.680+0000] {logging_mixin.py:190} INFO - [2026-05-19T20:08:40.679+0000] {dag.py:4180} INFO - Setting next_dagrun for create_analytics_mart to 2026-05-18 02:00:00+00:00, run_after=2026-05-19 02:00:00+00:00
[2026-05-19T20:08:40.692+0000] {processor.py:208} INFO - Processing /opt/airflow/dags/create_mart_dag.py took 0.079 seconds
[2026-05-19T20:09:11.151+0000] {processor.py:186} INFO - Started process (PID=255) to work on /opt/airflow/dags/create_mart_dag.py
[2026-05-19T20:09:11.151+0000] {processor.py:914} INFO - Processing file /opt/airflow/dags/create_mart_dag.py for tasks to queue
[2026-05-19T20:09:11.153+0000] {logging_mixin.py:190} INFO - [2026-05-19T20:09:11.153+0000] {dagbag.py:588} INFO - Filling up the DagBag from /opt/airflow/dags/create_mart_dag.py
[2026-05-19T20:09:11.173+0000] {processor.py:925} INFO - DAG(s) 'create_analytics_mart' retrieved from /opt/airflow/dags/create_mart_dag.py
[2026-05-19T20:09:11.191+0000] {logging_mixin.py:190} INFO - [2026-05-19T20:09:11.191+0000] {dag.py:3239} INFO - Sync 1 DAGs
[2026-05-19T20:09:11.212+0000] {logging_mixin.py:190} INFO - [2026-05-19T20:09:11.212+0000] {dag.py:4180} INFO - Setting next_dagrun for create_analytics_mart to 2026-05-18 02:00:00+00:00, run_after=2026-05-19 02:00:00+00:00
[2026-05-19T20:09:11.224+0000] {processor.py:208} INFO - Processing /opt/airflow/dags/create_mart_dag.py took 0.078 seconds
[2026-05-19T20:09:41.764+0000] {processor.py:186} INFO - Started process (PID=276) to work on /opt/airflow/dags/create_mart_dag.py
[2026-05-19T20:09:41.765+0000] {processor.py:914} INFO - Processing file /opt/airflow/dags/create_mart_dag.py for tasks to queue
[2026-05-19T20:09:41.767+0000] {logging_mixin.py:190} INFO - [2026-05-19T20:09:41.767+0000] {dagbag.py:588} INFO - Filling up the DagBag from /opt/airflow/dags/create_mart_dag.py
[2026-05-19T20:09:41.790+0000] {processor.py:925} INFO - DAG(s) 'create_analytics_mart' retrieved from /opt/airflow/dags/create_mart_dag.py
[2026-05-19T20:09:41.811+0000] {logging_mixin.py:190} INFO - [2026-05-19T20:09:41.811+0000] {dag.py:3239} INFO - Sync 1 DAGs
[2026-05-19T20:09:41.831+0000] {logging_mixin.py:190} INFO - [2026-05-19T20:09:41.830+0000] {dag.py:4180} INFO - Setting next_dagrun for create_analytics_mart to 2026-05-18 02:00:00+00:00, run_after=2026-05-19 02:00:00+00:00
[2026-05-19T20:09:41.848+0000] {processor.py:208} INFO - Processing /opt/airflow/dags/create_mart_dag.py took 0.088 seconds
[2026-05-19T20:10:12.337+0000] {processor.py:186} INFO - Started process (PID=297) to work on /opt/airflow/dags/create_mart_dag.py
[2026-05-19T20:10:12.338+0000] {processor.py:914} INFO - Processing file /opt/airflow/dags/create_mart_dag.py for tasks to queue
[2026-05-19T20:10:12.340+0000] {logging_mixin.py:190} INFO - [2026-05-19T20:10:12.339+0000] {dagbag.py:588} INFO - Filling up the DagBag from /opt/airflow/dags/create_mart_dag.py
[2026-05-19T20:10:12.360+0000] {processor.py:925} INFO - DAG(s) 'create_analytics_mart' retrieved from /opt/airflow/dags/create_mart_dag.py
[2026-05-19T20:10:12.377+0000] {logging_mixin.py:190} INFO - [2026-05-19T20:10:12.377+0000] {dag.py:3239} INFO - Sync 1 DAGs
[2026-05-19T20:10:12.393+0000] {logging_mixin.py:190} INFO - [2026-05-19T20:10:12.393+0000] {dag.py:4180} INFO - Setting next_dagrun for create_analytics_mart to 2026-05-18 02:00:00+00:00, run_after=2026-05-19 02:00:00+00:00
[2026-05-19T20:10:12.407+0000] {processor.py:208} INFO - Processing /opt/airflow/dags/create_mart_dag.py took 0.074 seconds
[2026-05-19T20:10:43.094+0000] {processor.py:186} INFO - Started process (PID=318) to work on /opt/airflow/dags/create_mart_dag.py
[2026-05-19T20:10:43.095+0000] {processor.py:914} INFO - Processing file /opt/airflow/dags/create_mart_dag.py for tasks to queue
[2026-05-19T20:10:43.097+0000] {logging_mixin.py:190} INFO - [2026-05-19T20:10:43.096+0000] {dagbag.py:588} INFO - Filling up the DagBag from /opt/airflow/dags/create_mart_dag.py
[2026-05-19T20:10:43.116+0000] {processor.py:925} INFO - DAG(s) 'create_analytics_mart' retrieved from /opt/airflow/dags/create_mart_dag.py
[2026-05-19T20:10:43.134+0000] {logging_mixin.py:190} INFO - [2026-05-19T20:10:43.134+0000] {dag.py:3239} INFO - Sync 1 DAGs
[2026-05-19T20:10:43.151+0000] {logging_mixin.py:190} INFO - [2026-05-19T20:10:43.151+0000] {dag.py:4180} INFO - Setting next_dagrun for create_analytics_mart to 2026-05-18 02:00:00+00:00, run_after=2026-05-19 02:00:00+00:00
[2026-05-19T20:10:43.164+0000] {processor.py:208} INFO - Processing /opt/airflow/dags/create_mart_dag.py took 0.074 seconds
[2026-05-19T20:11:13.551+0000] {processor.py:186} INFO - Started process (PID=341) to work on /opt/airflow/dags/create_mart_dag.py
[2026-05-19T20:11:13.551+0000] {processor.py:914} INFO - Processing file /opt/airflow/dags/create_mart_dag.py for tasks to queue
[2026-05-19T20:11:13.553+0000] {logging_mixin.py:190} INFO - [2026-05-19T20:11:13.553+0000] {dagbag.py:588} INFO - Filling up the DagBag from /opt/airflow/dags/create_mart_dag.py
[2026-05-19T20:11:13.567+0000] {processor.py:925} INFO - DAG(s) 'create_analytics_mart' retrieved from /opt/airflow/dags/create_mart_dag.py
[2026-05-19T20:11:13.587+0000] {logging_mixin.py:190} INFO - [2026-05-19T20:11:13.587+0000] {dag.py:3239} INFO - Sync 1 DAGs
[2026-05-19T20:11:13.604+0000] {logging_mixin.py:190} INFO - [2026-05-19T20:11:13.604+0000] {dag.py:4180} INFO - Setting next_dagrun for create_analytics_mart to 2026-05-18 02:00:00+00:00, run_after=2026-05-19 02:00:00+00:00
[2026-05-19T20:11:13.617+0000] {processor.py:208} INFO - Processing /opt/airflow/dags/create_mart_dag.py took 0.071 seconds
[2026-05-19T20:11:44.054+0000] {processor.py:186} INFO - Started process (PID=360) to work on /opt/airflow/dags/create_mart_dag.py
[2026-05-19T20:11:44.055+0000] {processor.py:914} INFO - Processing file /opt/airflow/dags/create_mart_dag.py for tasks to queue
[2026-05-19T20:11:44.057+0000] {logging_mixin.py:190} INFO - [2026-05-19T20:11:44.057+0000] {dagbag.py:588} INFO - Filling up the DagBag from /opt/airflow/dags/create_mart_dag.py
[2026-05-19T20:11:44.078+0000] {processor.py:925} INFO - DAG(s) 'create_analytics_mart' retrieved from /opt/airflow/dags/create_mart_dag.py
[2026-05-19T20:11:44.097+0000] {logging_mixin.py:190} INFO - [2026-05-19T20:11:44.096+0000] {dag.py:3239} INFO - Sync 1 DAGs
[2026-05-19T20:11:44.114+0000] {logging_mixin.py:190} INFO - [2026-05-19T20:11:44.113+0000] {dag.py:4180} INFO - Setting next_dagrun for create_analytics_mart to 2026-05-18 02:00:00+00:00, run_after=2026-05-19 02:00:00+00:00
[2026-05-19T20:11:44.129+0000] {processor.py:208} INFO - Processing /opt/airflow/dags/create_mart_dag.py took 0.079 seconds
[2026-05-19T20:12:14.770+0000] {processor.py:186} INFO - Started process (PID=381) to work on /opt/airflow/dags/create_mart_dag.py
[2026-05-19T20:12:14.771+0000] {processor.py:914} INFO - Processing file /opt/airflow/dags/create_mart_dag.py for tasks to queue
[2026-05-19T20:12:14.773+0000] {logging_mixin.py:190} INFO - [2026-05-19T20:12:14.773+0000] {dagbag.py:588} INFO - Filling up the DagBag from /opt/airflow/dags/create_mart_dag.py
[2026-05-19T20:12:14.789+0000] {processor.py:925} INFO - DAG(s) 'create_analytics_mart' retrieved from /opt/airflow/dags/create_mart_dag.py
[2026-05-19T20:12:14.808+0000] {logging_mixin.py:190} INFO - [2026-05-19T20:12:14.808+0000] {dag.py:3239} INFO - Sync 1 DAGs
[2026-05-19T20:12:14.826+0000] {logging_mixin.py:190} INFO - [2026-05-19T20:12:14.826+0000] {dag.py:4180} INFO - Setting next_dagrun for create_analytics_mart to 2026-05-18 02:00:00+00:00, run_after=2026-05-19 02:00:00+00:00
[2026-05-19T20:12:14.840+0000] {processor.py:208} INFO - Processing /opt/airflow/dags/create_mart_dag.py took 0.074 seconds
[2026-05-19T20:12:45.477+0000] {processor.py:186} INFO - Started process (PID=402) to work on /opt/airflow/dags/create_mart_dag.py
[2026-05-19T20:12:45.478+0000] {processor.py:914} INFO - Processing file /opt/airflow/dags/create_mart_dag.py for tasks to queue
[2026-05-19T20:12:45.479+0000] {logging_mixin.py:190} INFO - [2026-05-19T20:12:45.479+0000] {dagbag.py:588} INFO - Filling up the DagBag from /opt/airflow/dags/create_mart_dag.py
[2026-05-19T20:12:45.497+0000] {processor.py:925} INFO - DAG(s) 'create_analytics_mart' retrieved from /opt/airflow/dags/create_mart_dag.py
[2026-05-19T20:12:45.515+0000] {logging_mixin.py:190} INFO - [2026-05-19T20:12:45.515+0000] {dag.py:3239} INFO - Sync 1 DAGs
[2026-05-19T20:12:45.532+0000] {logging_mixin.py:190} INFO - [2026-05-19T20:12:45.532+0000] {dag.py:4180} INFO - Setting next_dagrun for create_analytics_mart to 2026-05-18 02:00:00+00:00, run_after=2026-05-19 02:00:00+00:00
[2026-05-19T20:12:45.545+0000] {processor.py:208} INFO - Processing /opt/airflow/dags/create_mart_dag.py took 0.073 seconds
[2026-05-19T20:13:16.208+0000] {processor.py:186} INFO - Started process (PID=423) to work on /opt/airflow/dags/create_mart_dag.py
[2026-05-19T20:13:16.209+0000] {processor.py:914} INFO - Processing file /opt/airflow/dags/create_mart_dag.py for tasks to queue
[2026-05-19T20:13:16.211+0000] {logging_mixin.py:190} INFO - [2026-05-19T20:13:16.210+0000] {dagbag.py:588} INFO - Filling up the DagBag from /opt/airflow/dags/create_mart_dag.py
[2026-05-19T20:13:16.236+0000] {processor.py:925} INFO - DAG(s) 'create_analytics_mart' retrieved from /opt/airflow/dags/create_mart_dag.py
[2026-05-19T20:13:16.254+0000] {logging_mixin.py:190} INFO - [2026-05-19T20:13:16.253+0000] {dag.py:3239} INFO - Sync 1 DAGs
[2026-05-19T20:13:16.270+0000] {logging_mixin.py:190} INFO - [2026-05-19T20:13:16.269+0000] {dag.py:4180} INFO - Setting next_dagrun for create_analytics_mart to 2026-05-18 02:00:00+00:00, run_after=2026-05-19 02:00:00+00:00
[2026-05-19T20:13:16.281+0000] {processor.py:208} INFO - Processing /opt/airflow/dags/create_mart_dag.py took 0.077 seconds
[2026-05-19T20:13:46.863+0000] {processor.py:186} INFO - Started process (PID=444) to work on /opt/airflow/dags/create_mart_dag.py
[2026-05-19T20:13:46.864+0000] {processor.py:914} INFO - Processing file /opt/airflow/dags/create_mart_dag.py for tasks to queue
[2026-05-19T20:13:46.866+0000] {logging_mixin.py:190} INFO - [2026-05-19T20:13:46.865+0000] {dagbag.py:588} INFO - Filling up the DagBag from /opt/airflow/dags/create_mart_dag.py
[2026-05-19T20:13:46.888+0000] {processor.py:925} INFO - DAG(s) 'create_analytics_mart' retrieved from /opt/airflow/dags/create_mart_dag.py
[2026-05-19T20:13:46.908+0000] {logging_mixin.py:190} INFO - [2026-05-19T20:13:46.907+0000] {dag.py:3239} INFO - Sync 1 DAGs
[2026-05-19T20:13:46.926+0000] {logging_mixin.py:190} INFO - [2026-05-19T20:13:46.926+0000] {dag.py:4180} INFO - Setting next_dagrun for create_analytics_mart to 2026-05-18 02:00:00+00:00, run_after=2026-05-19 02:00:00+00:00
[2026-05-19T20:13:46.941+0000] {processor.py:208} INFO - Processing /opt/airflow/dags/create_mart_dag.py took 0.082 seconds
[2026-05-19T20:14:17.483+0000] {processor.py:186} INFO - Started process (PID=465) to work on /opt/airflow/dags/create_mart_dag.py
[2026-05-19T20:14:17.485+0000] {processor.py:914} INFO - Processing file /opt/airflow/dags/create_mart_dag.py for tasks to queue
[2026-05-19T20:14:17.486+0000] {logging_mixin.py:190} INFO - [2026-05-19T20:14:17.486+0000] {dagbag.py:588} INFO - Filling up the DagBag from /opt/airflow/dags/create_mart_dag.py
[2026-05-19T20:14:17.507+0000] {processor.py:925} INFO - DAG(s) 'create_analytics_mart' retrieved from /opt/airflow/dags/create_mart_dag.py
[2026-05-19T20:14:17.525+0000] {logging_mixin.py:190} INFO - [2026-05-19T20:14:17.525+0000] {dag.py:3239} INFO - Sync 1 DAGs
[2026-05-19T20:14:17.541+0000] {logging_mixin.py:190} INFO - [2026-05-19T20:14:17.541+0000] {dag.py:4180} INFO - Setting next_dagrun for create_analytics_mart to 2026-05-18 02:00:00+00:00, run_after=2026-05-19 02:00:00+00:00
[2026-05-19T20:14:17.556+0000] {processor.py:208} INFO - Processing /opt/airflow/dags/create_mart_dag.py took 0.076 seconds
[2026-05-19T20:14:48.145+0000] {processor.py:186} INFO - Started process (PID=486) to work on /opt/airflow/dags/create_mart_dag.py
[2026-05-19T20:14:48.146+0000] {processor.py:914} INFO - Processing file /opt/airflow/dags/create_mart_dag.py for tasks to queue
[2026-05-19T20:14:48.148+0000] {logging_mixin.py:190} INFO - [2026-05-19T20:14:48.148+0000] {dagbag.py:588} INFO - Filling up the DagBag from /opt/airflow/dags/create_mart_dag.py
[2026-05-19T20:14:48.165+0000] {processor.py:925} INFO - DAG(s) 'create_analytics_mart' retrieved from /opt/airflow/dags/create_mart_dag.py
[2026-05-19T20:14:48.183+0000] {logging_mixin.py:190} INFO - [2026-05-19T20:14:48.183+0000] {dag.py:3239} INFO - Sync 1 DAGs
[2026-05-19T20:14:48.200+0000] {logging_mixin.py:190} INFO - [2026-05-19T20:14:48.200+0000] {dag.py:4180} INFO - Setting next_dagrun for create_analytics_mart to 2026-05-18 02:00:00+00:00, run_after=2026-05-19 02:00:00+00:00
[2026-05-19T20:14:48.214+0000] {processor.py:208} INFO - Processing /opt/airflow/dags/create_mart_dag.py took 0.073 seconds
[2026-05-19T20:15:18.664+0000] {processor.py:186} INFO - Started process (PID=507) to work on /opt/airflow/dags/create_mart_dag.py
[2026-05-19T20:15:18.665+0000] {processor.py:914} INFO - Processing file /opt/airflow/dags/create_mart_dag.py for tasks to queue
[2026-05-19T20:15:18.666+0000] {logging_mixin.py:190} INFO - [2026-05-19T20:15:18.666+0000] {dagbag.py:588} INFO - Filling up the DagBag from /opt/airflow/dags/create_mart_dag.py
[2026-05-19T20:15:18.683+0000] {processor.py:925} INFO - DAG(s) 'create_analytics_mart' retrieved from /opt/airflow/dags/create_mart_dag.py
[2026-05-19T20:15:18.701+0000] {logging_mixin.py:190} INFO - [2026-05-19T20:15:18.701+0000] {dag.py:3239} INFO - Sync 1 DAGs
[2026-05-19T20:15:18.722+0000] {logging_mixin.py:190} INFO - [2026-05-19T20:15:18.721+0000] {dag.py:4180} INFO - Setting next_dagrun for create_analytics_mart to 2026-05-18 02:00:00+00:00, run_after=2026-05-19 02:00:00+00:00
[2026-05-19T20:15:18.735+0000] {processor.py:208} INFO - Processing /opt/airflow/dags/create_mart_dag.py took 0.075 seconds
