[2026-05-20T05:34:42.782+0000] {local_task_job_runner.py:123} INFO - ::group::Pre task execution logs
[2026-05-20T05:34:42.794+0000] {taskinstance.py:2613} INFO - Dependencies all met for dep_context=non-requeueable deps ti=<TaskInstance: create_analytics_mart_performance.create_performance_mart scheduled__2026-05-19T03:00:00+00:00 [queued]>
[2026-05-20T05:34:42.799+0000] {taskinstance.py:2613} INFO - Dependencies all met for dep_context=requeueable deps ti=<TaskInstance: create_analytics_mart_performance.create_performance_mart scheduled__2026-05-19T03:00:00+00:00 [queued]>
[2026-05-20T05:34:42.800+0000] {taskinstance.py:2866} INFO - Starting attempt 2 of 2
[2026-05-20T05:34:42.808+0000] {taskinstance.py:2889} INFO - Executing <Task(PythonOperator): create_performance_mart> on 2026-05-19 03:00:00+00:00
[2026-05-20T05:34:42.813+0000] {standard_task_runner.py:104} INFO - Running: ['***', 'tasks', 'run', 'create_analytics_mart_performance', 'create_performance_mart', 'scheduled__2026-05-19T03:00:00+00:00', '--job-id', '10', '--raw', '--subdir', 'DAGS_FOLDER/create_mart_performance_dag.py', '--cfg-path', '/tmp/tmpia197s51']
[2026-05-20T05:34:42.815+0000] {standard_task_runner.py:105} INFO - Job 10: Subtask create_performance_mart
[2026-05-20T05:34:42.815+0000] {logging_mixin.py:190} WARNING - /home/***/.local/lib/python3.12/site-packages/***/task/task_runner/standard_task_runner.py:70 DeprecationWarning: This process (pid=403) is multi-threaded, use of fork() may lead to deadlocks in the child.
[2026-05-20T05:34:42.816+0000] {standard_task_runner.py:72} INFO - Started process 404 to run task
[2026-05-20T05:34:42.846+0000] {task_command.py:467} INFO - Running <TaskInstance: create_analytics_mart_performance.create_performance_mart scheduled__2026-05-19T03:00:00+00:00 [running]> on host 948565da22e8
[2026-05-20T05:34:42.900+0000] {taskinstance.py:3132} INFO - Exporting env vars: AIRFLOW_CTX_DAG_OWNER='schepetova' AIRFLOW_CTX_DAG_ID='create_analytics_mart_performance' AIRFLOW_CTX_TASK_ID='create_performance_mart' AIRFLOW_CTX_EXECUTION_DATE='2026-05-19T03:00:00+00:00' AIRFLOW_CTX_TRY_NUMBER='2' AIRFLOW_CTX_DAG_RUN_ID='scheduled__2026-05-19T03:00:00+00:00'
[2026-05-20T05:34:42.901+0000] {taskinstance.py:731} INFO - ::endgroup::
[2026-05-20T05:34:42.911+0000] {logging_mixin.py:190} INFO - Подключение к host.docker.internal:5433 ...
[2026-05-20T05:34:42.922+0000] {logging_mixin.py:190} INFO - Схема dmr создана/существует
[2026-05-20T05:34:42.924+0000] {logging_mixin.py:190} INFO - Таблица dmr.analytics_student_performance создана
[2026-05-20T05:34:43.282+0000] {logging_mixin.py:190} INFO - Найдено уникальных пар (студент, курс) с оценками: 17272
[2026-05-20T05:34:44.396+0000] {logging_mixin.py:190} INFO - Витрина заполнена. Добавлено/обновлено записей: 17272
[2026-05-20T05:34:44.396+0000] {logging_mixin.py:190} INFO - Витрина dmr.analytics_student_performance успешно создана/обновлена.
[2026-05-20T05:34:44.399+0000] {python.py:240} INFO - Done. Returned value was: None
[2026-05-20T05:34:44.405+0000] {taskinstance.py:340} INFO - ::group::Post task execution logs
[2026-05-20T05:34:44.406+0000] {taskinstance.py:352} INFO - Marking task as SUCCESS. dag_id=create_analytics_mart_performance, task_id=create_performance_mart, run_id=scheduled__2026-05-19T03:00:00+00:00, execution_date=20260519T030000, start_date=20260520T053442, end_date=20260520T053444
[2026-05-20T05:34:44.437+0000] {local_task_job_runner.py:266} INFO - Task exited with return code 0
[2026-05-20T05:34:44.448+0000] {taskinstance.py:3895} INFO - 0 downstream tasks scheduled from follow-on schedule check
[2026-05-20T05:34:44.449+0000] {local_task_job_runner.py:245} INFO - ::endgroup::
