[2026-05-20T05:29:41.784+0000] {processor.py:186} INFO - Started process (PID=177) to work on /opt/airflow/dags/create_mart_performance_dag.py
[2026-05-20T05:29:41.785+0000] {processor.py:914} INFO - Processing file /opt/airflow/dags/create_mart_performance_dag.py for tasks to queue
[2026-05-20T05:29:41.788+0000] {logging_mixin.py:190} INFO - [2026-05-20T05:29:41.787+0000] {dagbag.py:588} INFO - Filling up the DagBag from /opt/airflow/dags/create_mart_performance_dag.py
[2026-05-20T05:29:41.810+0000] {processor.py:925} INFO - DAG(s) 'create_analytics_mart_performance' retrieved from /opt/airflow/dags/create_mart_performance_dag.py
[2026-05-20T05:29:41.834+0000] {logging_mixin.py:190} INFO - [2026-05-20T05:29:41.834+0000] {dag.py:3239} INFO - Sync 1 DAGs
[2026-05-20T05:29:41.857+0000] {logging_mixin.py:190} INFO - [2026-05-20T05:29:41.856+0000] {dag.py:4180} INFO - Setting next_dagrun for create_analytics_mart_performance to 2026-05-20 03:00:00+00:00, run_after=2026-05-21 03:00:00+00:00
[2026-05-20T05:29:41.873+0000] {processor.py:208} INFO - Processing /opt/airflow/dags/create_mart_performance_dag.py took 0.094 seconds
[2026-05-20T05:30:12.292+0000] {processor.py:186} INFO - Started process (PID=201) to work on /opt/airflow/dags/create_mart_performance_dag.py
[2026-05-20T05:30:12.293+0000] {processor.py:914} INFO - Processing file /opt/airflow/dags/create_mart_performance_dag.py for tasks to queue
[2026-05-20T05:30:12.296+0000] {logging_mixin.py:190} INFO - [2026-05-20T05:30:12.295+0000] {dagbag.py:588} INFO - Filling up the DagBag from /opt/airflow/dags/create_mart_performance_dag.py
[2026-05-20T05:30:12.322+0000] {processor.py:925} INFO - DAG(s) 'create_analytics_mart_performance' retrieved from /opt/airflow/dags/create_mart_performance_dag.py
[2026-05-20T05:30:12.345+0000] {logging_mixin.py:190} INFO - [2026-05-20T05:30:12.344+0000] {dag.py:3239} INFO - Sync 1 DAGs
[2026-05-20T05:30:12.370+0000] {logging_mixin.py:190} INFO - [2026-05-20T05:30:12.370+0000] {dag.py:4180} INFO - Setting next_dagrun for create_analytics_mart_performance to 2026-05-20 03:00:00+00:00, run_after=2026-05-21 03:00:00+00:00
[2026-05-20T05:30:12.388+0000] {processor.py:208} INFO - Processing /opt/airflow/dags/create_mart_performance_dag.py took 0.102 seconds
[2026-05-20T05:30:42.866+0000] {processor.py:186} INFO - Started process (PID=222) to work on /opt/airflow/dags/create_mart_performance_dag.py
[2026-05-20T05:30:42.867+0000] {processor.py:914} INFO - Processing file /opt/airflow/dags/create_mart_performance_dag.py for tasks to queue
[2026-05-20T05:30:42.870+0000] {logging_mixin.py:190} INFO - [2026-05-20T05:30:42.869+0000] {dagbag.py:588} INFO - Filling up the DagBag from /opt/airflow/dags/create_mart_performance_dag.py
[2026-05-20T05:30:42.897+0000] {processor.py:925} INFO - DAG(s) 'create_analytics_mart_performance' retrieved from /opt/airflow/dags/create_mart_performance_dag.py
[2026-05-20T05:30:42.917+0000] {logging_mixin.py:190} INFO - [2026-05-20T05:30:42.917+0000] {dag.py:3239} INFO - Sync 1 DAGs
[2026-05-20T05:30:42.937+0000] {logging_mixin.py:190} INFO - [2026-05-20T05:30:42.937+0000] {dag.py:4180} INFO - Setting next_dagrun for create_analytics_mart_performance to 2026-05-20 03:00:00+00:00, run_after=2026-05-21 03:00:00+00:00
[2026-05-20T05:30:42.961+0000] {processor.py:208} INFO - Processing /opt/airflow/dags/create_mart_performance_dag.py took 0.099 seconds
[2026-05-20T05:31:13.537+0000] {processor.py:186} INFO - Started process (PID=243) to work on /opt/airflow/dags/create_mart_performance_dag.py
[2026-05-20T05:31:13.538+0000] {processor.py:914} INFO - Processing file /opt/airflow/dags/create_mart_performance_dag.py for tasks to queue
[2026-05-20T05:31:13.540+0000] {logging_mixin.py:190} INFO - [2026-05-20T05:31:13.540+0000] {dagbag.py:588} INFO - Filling up the DagBag from /opt/airflow/dags/create_mart_performance_dag.py
[2026-05-20T05:31:13.561+0000] {processor.py:925} INFO - DAG(s) 'create_analytics_mart_performance' retrieved from /opt/airflow/dags/create_mart_performance_dag.py
[2026-05-20T05:31:13.581+0000] {logging_mixin.py:190} INFO - [2026-05-20T05:31:13.581+0000] {dag.py:3239} INFO - Sync 1 DAGs
[2026-05-20T05:31:13.598+0000] {logging_mixin.py:190} INFO - [2026-05-20T05:31:13.598+0000] {dag.py:4180} INFO - Setting next_dagrun for create_analytics_mart_performance to 2026-05-20 03:00:00+00:00, run_after=2026-05-21 03:00:00+00:00
[2026-05-20T05:31:13.612+0000] {processor.py:208} INFO - Processing /opt/airflow/dags/create_mart_performance_dag.py took 0.081 seconds
[2026-05-20T05:31:43.974+0000] {processor.py:186} INFO - Started process (PID=264) to work on /opt/airflow/dags/create_mart_performance_dag.py
[2026-05-20T05:31:43.976+0000] {processor.py:914} INFO - Processing file /opt/airflow/dags/create_mart_performance_dag.py for tasks to queue
[2026-05-20T05:31:43.978+0000] {logging_mixin.py:190} INFO - [2026-05-20T05:31:43.978+0000] {dagbag.py:588} INFO - Filling up the DagBag from /opt/airflow/dags/create_mart_performance_dag.py
[2026-05-20T05:31:44.006+0000] {processor.py:925} INFO - DAG(s) 'create_analytics_mart_performance' retrieved from /opt/airflow/dags/create_mart_performance_dag.py
[2026-05-20T05:31:44.026+0000] {logging_mixin.py:190} INFO - [2026-05-20T05:31:44.026+0000] {dag.py:3239} INFO - Sync 1 DAGs
[2026-05-20T05:31:44.046+0000] {logging_mixin.py:190} INFO - [2026-05-20T05:31:44.046+0000] {dag.py:4180} INFO - Setting next_dagrun for create_analytics_mart_performance to 2026-05-20 03:00:00+00:00, run_after=2026-05-21 03:00:00+00:00
[2026-05-20T05:31:44.063+0000] {processor.py:208} INFO - Processing /opt/airflow/dags/create_mart_performance_dag.py took 0.094 seconds
[2026-05-20T05:32:14.525+0000] {processor.py:186} INFO - Started process (PID=288) to work on /opt/airflow/dags/create_mart_performance_dag.py
[2026-05-20T05:32:14.526+0000] {processor.py:914} INFO - Processing file /opt/airflow/dags/create_mart_performance_dag.py for tasks to queue
[2026-05-20T05:32:14.528+0000] {logging_mixin.py:190} INFO - [2026-05-20T05:32:14.528+0000] {dagbag.py:588} INFO - Filling up the DagBag from /opt/airflow/dags/create_mart_performance_dag.py
[2026-05-20T05:32:14.549+0000] {processor.py:925} INFO - DAG(s) 'create_analytics_mart_performance' retrieved from /opt/airflow/dags/create_mart_performance_dag.py
[2026-05-20T05:32:14.567+0000] {logging_mixin.py:190} INFO - [2026-05-20T05:32:14.567+0000] {dag.py:3239} INFO - Sync 1 DAGs
[2026-05-20T05:32:14.586+0000] {logging_mixin.py:190} INFO - [2026-05-20T05:32:14.585+0000] {dag.py:4180} INFO - Setting next_dagrun for create_analytics_mart_performance to 2026-05-20 03:00:00+00:00, run_after=2026-05-21 03:00:00+00:00
[2026-05-20T05:32:14.600+0000] {processor.py:208} INFO - Processing /opt/airflow/dags/create_mart_performance_dag.py took 0.082 seconds
[2026-05-20T05:32:45.144+0000] {processor.py:186} INFO - Started process (PID=309) to work on /opt/airflow/dags/create_mart_performance_dag.py
[2026-05-20T05:32:45.144+0000] {processor.py:914} INFO - Processing file /opt/airflow/dags/create_mart_performance_dag.py for tasks to queue
[2026-05-20T05:32:45.146+0000] {logging_mixin.py:190} INFO - [2026-05-20T05:32:45.146+0000] {dagbag.py:588} INFO - Filling up the DagBag from /opt/airflow/dags/create_mart_performance_dag.py
[2026-05-20T05:32:45.165+0000] {processor.py:925} INFO - DAG(s) 'create_analytics_mart_performance' retrieved from /opt/airflow/dags/create_mart_performance_dag.py
[2026-05-20T05:32:45.184+0000] {logging_mixin.py:190} INFO - [2026-05-20T05:32:45.184+0000] {dag.py:3239} INFO - Sync 1 DAGs
[2026-05-20T05:32:45.202+0000] {logging_mixin.py:190} INFO - [2026-05-20T05:32:45.202+0000] {dag.py:4180} INFO - Setting next_dagrun for create_analytics_mart_performance to 2026-05-20 03:00:00+00:00, run_after=2026-05-21 03:00:00+00:00
[2026-05-20T05:32:45.226+0000] {processor.py:208} INFO - Processing /opt/airflow/dags/create_mart_performance_dag.py took 0.086 seconds
[2026-05-20T05:33:15.603+0000] {processor.py:186} INFO - Started process (PID=330) to work on /opt/airflow/dags/create_mart_performance_dag.py
[2026-05-20T05:33:15.604+0000] {processor.py:914} INFO - Processing file /opt/airflow/dags/create_mart_performance_dag.py for tasks to queue
[2026-05-20T05:33:15.607+0000] {logging_mixin.py:190} INFO - [2026-05-20T05:33:15.606+0000] {dagbag.py:588} INFO - Filling up the DagBag from /opt/airflow/dags/create_mart_performance_dag.py
[2026-05-20T05:33:15.628+0000] {processor.py:925} INFO - DAG(s) 'create_analytics_mart_performance' retrieved from /opt/airflow/dags/create_mart_performance_dag.py
[2026-05-20T05:33:15.645+0000] {logging_mixin.py:190} INFO - [2026-05-20T05:33:15.645+0000] {dag.py:3239} INFO - Sync 1 DAGs
[2026-05-20T05:33:15.662+0000] {logging_mixin.py:190} INFO - [2026-05-20T05:33:15.662+0000] {dag.py:4180} INFO - Setting next_dagrun for create_analytics_mart_performance to 2026-05-20 03:00:00+00:00, run_after=2026-05-21 03:00:00+00:00
[2026-05-20T05:33:15.687+0000] {processor.py:208} INFO - Processing /opt/airflow/dags/create_mart_performance_dag.py took 0.091 seconds
[2026-05-20T05:33:46.130+0000] {processor.py:186} INFO - Started process (PID=354) to work on /opt/airflow/dags/create_mart_performance_dag.py
[2026-05-20T05:33:46.131+0000] {processor.py:914} INFO - Processing file /opt/airflow/dags/create_mart_performance_dag.py for tasks to queue
[2026-05-20T05:33:46.133+0000] {logging_mixin.py:190} INFO - [2026-05-20T05:33:46.132+0000] {dagbag.py:588} INFO - Filling up the DagBag from /opt/airflow/dags/create_mart_performance_dag.py
[2026-05-20T05:33:46.149+0000] {processor.py:925} INFO - DAG(s) 'create_analytics_mart_performance' retrieved from /opt/airflow/dags/create_mart_performance_dag.py
[2026-05-20T05:33:46.167+0000] {logging_mixin.py:190} INFO - [2026-05-20T05:33:46.167+0000] {dag.py:3239} INFO - Sync 1 DAGs
[2026-05-20T05:33:46.187+0000] {logging_mixin.py:190} INFO - [2026-05-20T05:33:46.187+0000] {dag.py:4180} INFO - Setting next_dagrun for create_analytics_mart_performance to 2026-05-20 03:00:00+00:00, run_after=2026-05-21 03:00:00+00:00
[2026-05-20T05:33:46.202+0000] {processor.py:208} INFO - Processing /opt/airflow/dags/create_mart_performance_dag.py took 0.078 seconds
[2026-05-20T05:34:16.624+0000] {processor.py:186} INFO - Started process (PID=381) to work on /opt/airflow/dags/create_mart_performance_dag.py
[2026-05-20T05:34:16.625+0000] {processor.py:914} INFO - Processing file /opt/airflow/dags/create_mart_performance_dag.py for tasks to queue
[2026-05-20T05:34:16.628+0000] {logging_mixin.py:190} INFO - [2026-05-20T05:34:16.627+0000] {dagbag.py:588} INFO - Filling up the DagBag from /opt/airflow/dags/create_mart_performance_dag.py
[2026-05-20T05:34:16.650+0000] {processor.py:925} INFO - DAG(s) 'create_analytics_mart_performance' retrieved from /opt/airflow/dags/create_mart_performance_dag.py
[2026-05-20T05:34:16.668+0000] {logging_mixin.py:190} INFO - [2026-05-20T05:34:16.668+0000] {dag.py:3239} INFO - Sync 1 DAGs
[2026-05-20T05:34:16.686+0000] {logging_mixin.py:190} INFO - [2026-05-20T05:34:16.686+0000] {dag.py:4180} INFO - Setting next_dagrun for create_analytics_mart_performance to 2026-05-20 03:00:00+00:00, run_after=2026-05-21 03:00:00+00:00
[2026-05-20T05:34:16.701+0000] {processor.py:208} INFO - Processing /opt/airflow/dags/create_mart_performance_dag.py took 0.084 seconds
[2026-05-20T05:34:47.254+0000] {processor.py:186} INFO - Started process (PID=406) to work on /opt/airflow/dags/create_mart_performance_dag.py
[2026-05-20T05:34:47.256+0000] {processor.py:914} INFO - Processing file /opt/airflow/dags/create_mart_performance_dag.py for tasks to queue
[2026-05-20T05:34:47.258+0000] {logging_mixin.py:190} INFO - [2026-05-20T05:34:47.258+0000] {dagbag.py:588} INFO - Filling up the DagBag from /opt/airflow/dags/create_mart_performance_dag.py
[2026-05-20T05:34:47.281+0000] {processor.py:925} INFO - DAG(s) 'create_analytics_mart_performance' retrieved from /opt/airflow/dags/create_mart_performance_dag.py
[2026-05-20T05:34:47.302+0000] {logging_mixin.py:190} INFO - [2026-05-20T05:34:47.302+0000] {dag.py:3239} INFO - Sync 1 DAGs
[2026-05-20T05:34:47.321+0000] {logging_mixin.py:190} INFO - [2026-05-20T05:34:47.321+0000] {dag.py:4180} INFO - Setting next_dagrun for create_analytics_mart_performance to 2026-05-20 03:00:00+00:00, run_after=2026-05-21 03:00:00+00:00
[2026-05-20T05:34:47.345+0000] {processor.py:208} INFO - Processing /opt/airflow/dags/create_mart_performance_dag.py took 0.097 seconds
[2026-05-20T05:35:17.701+0000] {processor.py:186} INFO - Started process (PID=427) to work on /opt/airflow/dags/create_mart_performance_dag.py
[2026-05-20T05:35:17.702+0000] {processor.py:914} INFO - Processing file /opt/airflow/dags/create_mart_performance_dag.py for tasks to queue
[2026-05-20T05:35:17.703+0000] {logging_mixin.py:190} INFO - [2026-05-20T05:35:17.703+0000] {dagbag.py:588} INFO - Filling up the DagBag from /opt/airflow/dags/create_mart_performance_dag.py
[2026-05-20T05:35:17.732+0000] {logging_mixin.py:190} INFO - [2026-05-20T05:35:17.715+0000] {dagbag.py:387} ERROR - Failed to import: /opt/airflow/dags/create_mart_performance_dag.py
Traceback (most recent call last):
  File "/home/airflow/.local/lib/python3.12/site-packages/airflow/models/dagbag.py", line 383, in parse
    loader.exec_module(new_module)
  File "<frozen importlib._bootstrap_external>", line 999, in exec_module
  File "<frozen importlib._bootstrap>", line 488, in _call_with_frames_removed
  File "/opt/airflow/dags/create_mart_performance_dag.py", line 12, in <module>
    from build_mart_performance import create_mart_performance
ModuleNotFoundError: No module named 'build_mart_performance'
[2026-05-20T05:35:17.733+0000] {processor.py:927} WARNING - No viable dags retrieved from /opt/airflow/dags/create_mart_performance_dag.py
[2026-05-20T05:35:17.749+0000] {processor.py:208} INFO - Processing /opt/airflow/dags/create_mart_performance_dag.py took 0.053 seconds
[2026-05-20T05:35:48.226+0000] {processor.py:186} INFO - Started process (PID=443) to work on /opt/airflow/dags/create_mart_performance_dag.py
[2026-05-20T05:35:48.227+0000] {processor.py:914} INFO - Processing file /opt/airflow/dags/create_mart_performance_dag.py for tasks to queue
[2026-05-20T05:35:48.228+0000] {logging_mixin.py:190} INFO - [2026-05-20T05:35:48.228+0000] {dagbag.py:588} INFO - Filling up the DagBag from /opt/airflow/dags/create_mart_performance_dag.py
[2026-05-20T05:35:48.244+0000] {logging_mixin.py:190} INFO - [2026-05-20T05:35:48.241+0000] {dagbag.py:387} ERROR - Failed to import: /opt/airflow/dags/create_mart_performance_dag.py
Traceback (most recent call last):
  File "/home/airflow/.local/lib/python3.12/site-packages/airflow/models/dagbag.py", line 383, in parse
    loader.exec_module(new_module)
  File "<frozen importlib._bootstrap_external>", line 999, in exec_module
  File "<frozen importlib._bootstrap>", line 488, in _call_with_frames_removed
  File "/opt/airflow/dags/create_mart_performance_dag.py", line 12, in <module>
    from build_mart_performance import create_mart_performance
ModuleNotFoundError: No module named 'build_mart_performance'
[2026-05-20T05:35:48.245+0000] {processor.py:927} WARNING - No viable dags retrieved from /opt/airflow/dags/create_mart_performance_dag.py
[2026-05-20T05:35:48.273+0000] {processor.py:208} INFO - Processing /opt/airflow/dags/create_mart_performance_dag.py took 0.053 seconds
[2026-05-20T05:41:14.419+0000] {processor.py:186} INFO - Started process (PID=176) to work on /opt/airflow/dags/create_mart_performance_dag.py
[2026-05-20T05:41:14.420+0000] {processor.py:914} INFO - Processing file /opt/airflow/dags/create_mart_performance_dag.py for tasks to queue
[2026-05-20T05:41:14.422+0000] {logging_mixin.py:190} INFO - [2026-05-20T05:41:14.422+0000] {dagbag.py:588} INFO - Filling up the DagBag from /opt/airflow/dags/create_mart_performance_dag.py
[2026-05-20T05:41:14.436+0000] {logging_mixin.py:190} INFO - [2026-05-20T05:41:14.433+0000] {dagbag.py:387} ERROR - Failed to import: /opt/airflow/dags/create_mart_performance_dag.py
Traceback (most recent call last):
  File "/home/airflow/.local/lib/python3.12/site-packages/airflow/models/dagbag.py", line 383, in parse
    loader.exec_module(new_module)
  File "<frozen importlib._bootstrap_external>", line 999, in exec_module
  File "<frozen importlib._bootstrap>", line 488, in _call_with_frames_removed
  File "/opt/airflow/dags/create_mart_performance_dag.py", line 12, in <module>
    from build_mart_performance import create_mart_performance
ModuleNotFoundError: No module named 'build_mart_performance'
[2026-05-20T05:41:14.437+0000] {processor.py:927} WARNING - No viable dags retrieved from /opt/airflow/dags/create_mart_performance_dag.py
[2026-05-20T05:41:14.455+0000] {processor.py:208} INFO - Processing /opt/airflow/dags/create_mart_performance_dag.py took 0.041 seconds
[2026-05-20T05:41:44.811+0000] {processor.py:186} INFO - Started process (PID=192) to work on /opt/airflow/dags/create_mart_performance_dag.py
[2026-05-20T05:41:44.812+0000] {processor.py:914} INFO - Processing file /opt/airflow/dags/create_mart_performance_dag.py for tasks to queue
[2026-05-20T05:41:44.815+0000] {logging_mixin.py:190} INFO - [2026-05-20T05:41:44.815+0000] {dagbag.py:588} INFO - Filling up the DagBag from /opt/airflow/dags/create_mart_performance_dag.py
[2026-05-20T05:41:44.835+0000] {logging_mixin.py:190} INFO - [2026-05-20T05:41:44.831+0000] {dagbag.py:387} ERROR - Failed to import: /opt/airflow/dags/create_mart_performance_dag.py
Traceback (most recent call last):
  File "/home/airflow/.local/lib/python3.12/site-packages/airflow/models/dagbag.py", line 383, in parse
    loader.exec_module(new_module)
  File "<frozen importlib._bootstrap_external>", line 999, in exec_module
  File "<frozen importlib._bootstrap>", line 488, in _call_with_frames_removed
  File "/opt/airflow/dags/create_mart_performance_dag.py", line 12, in <module>
    from build_mart_performance import create_mart_performance
ModuleNotFoundError: No module named 'build_mart_performance'
[2026-05-20T05:41:44.836+0000] {processor.py:927} WARNING - No viable dags retrieved from /opt/airflow/dags/create_mart_performance_dag.py
[2026-05-20T05:41:44.853+0000] {processor.py:208} INFO - Processing /opt/airflow/dags/create_mart_performance_dag.py took 0.048 seconds
[2026-05-20T05:42:15.307+0000] {processor.py:186} INFO - Started process (PID=208) to work on /opt/airflow/dags/create_mart_performance_dag.py
[2026-05-20T05:42:15.308+0000] {processor.py:914} INFO - Processing file /opt/airflow/dags/create_mart_performance_dag.py for tasks to queue
[2026-05-20T05:42:15.311+0000] {logging_mixin.py:190} INFO - [2026-05-20T05:42:15.310+0000] {dagbag.py:588} INFO - Filling up the DagBag from /opt/airflow/dags/create_mart_performance_dag.py
[2026-05-20T05:42:15.328+0000] {logging_mixin.py:190} INFO - [2026-05-20T05:42:15.325+0000] {dagbag.py:387} ERROR - Failed to import: /opt/airflow/dags/create_mart_performance_dag.py
Traceback (most recent call last):
  File "/home/airflow/.local/lib/python3.12/site-packages/airflow/models/dagbag.py", line 383, in parse
    loader.exec_module(new_module)
  File "<frozen importlib._bootstrap_external>", line 999, in exec_module
  File "<frozen importlib._bootstrap>", line 488, in _call_with_frames_removed
  File "/opt/airflow/dags/create_mart_performance_dag.py", line 12, in <module>
    from build_mart_performance import create_mart_performance
ModuleNotFoundError: No module named 'build_mart_performance'
[2026-05-20T05:42:15.329+0000] {processor.py:927} WARNING - No viable dags retrieved from /opt/airflow/dags/create_mart_performance_dag.py
[2026-05-20T05:42:15.355+0000] {processor.py:208} INFO - Processing /opt/airflow/dags/create_mart_performance_dag.py took 0.054 seconds
[2026-05-20T05:42:45.729+0000] {processor.py:186} INFO - Started process (PID=230) to work on /opt/airflow/dags/create_mart_performance_dag.py
[2026-05-20T05:42:45.730+0000] {processor.py:914} INFO - Processing file /opt/airflow/dags/create_mart_performance_dag.py for tasks to queue
[2026-05-20T05:42:45.732+0000] {logging_mixin.py:190} INFO - [2026-05-20T05:42:45.732+0000] {dagbag.py:588} INFO - Filling up the DagBag from /opt/airflow/dags/create_mart_performance_dag.py
[2026-05-20T05:42:45.747+0000] {logging_mixin.py:190} INFO - [2026-05-20T05:42:45.744+0000] {dagbag.py:387} ERROR - Failed to import: /opt/airflow/dags/create_mart_performance_dag.py
Traceback (most recent call last):
  File "/home/airflow/.local/lib/python3.12/site-packages/airflow/models/dagbag.py", line 383, in parse
    loader.exec_module(new_module)
  File "<frozen importlib._bootstrap_external>", line 999, in exec_module
  File "<frozen importlib._bootstrap>", line 488, in _call_with_frames_removed
  File "/opt/airflow/dags/create_mart_performance_dag.py", line 12, in <module>
    from build_mart_performance import create_mart_performance
ModuleNotFoundError: No module named 'build_mart_performance'
[2026-05-20T05:42:45.748+0000] {processor.py:927} WARNING - No viable dags retrieved from /opt/airflow/dags/create_mart_performance_dag.py
[2026-05-20T05:42:45.764+0000] {processor.py:208} INFO - Processing /opt/airflow/dags/create_mart_performance_dag.py took 0.039 seconds
[2026-05-20T05:43:16.135+0000] {processor.py:186} INFO - Started process (PID=246) to work on /opt/airflow/dags/create_mart_performance_dag.py
[2026-05-20T05:43:16.136+0000] {processor.py:914} INFO - Processing file /opt/airflow/dags/create_mart_performance_dag.py for tasks to queue
[2026-05-20T05:43:16.138+0000] {logging_mixin.py:190} INFO - [2026-05-20T05:43:16.138+0000] {dagbag.py:588} INFO - Filling up the DagBag from /opt/airflow/dags/create_mart_performance_dag.py
[2026-05-20T05:43:16.150+0000] {logging_mixin.py:190} INFO - [2026-05-20T05:43:16.148+0000] {dagbag.py:387} ERROR - Failed to import: /opt/airflow/dags/create_mart_performance_dag.py
Traceback (most recent call last):
  File "/home/airflow/.local/lib/python3.12/site-packages/airflow/models/dagbag.py", line 383, in parse
    loader.exec_module(new_module)
  File "<frozen importlib._bootstrap_external>", line 999, in exec_module
  File "<frozen importlib._bootstrap>", line 488, in _call_with_frames_removed
  File "/opt/airflow/dags/create_mart_performance_dag.py", line 12, in <module>
    from build_mart_performance import create_mart_performance
ModuleNotFoundError: No module named 'build_mart_performance'
[2026-05-20T05:43:16.151+0000] {processor.py:927} WARNING - No viable dags retrieved from /opt/airflow/dags/create_mart_performance_dag.py
[2026-05-20T05:43:16.166+0000] {processor.py:208} INFO - Processing /opt/airflow/dags/create_mart_performance_dag.py took 0.035 seconds
[2026-05-20T05:43:46.640+0000] {processor.py:186} INFO - Started process (PID=262) to work on /opt/airflow/dags/create_mart_performance_dag.py
[2026-05-20T05:43:46.641+0000] {processor.py:914} INFO - Processing file /opt/airflow/dags/create_mart_performance_dag.py for tasks to queue
[2026-05-20T05:43:46.644+0000] {logging_mixin.py:190} INFO - [2026-05-20T05:43:46.643+0000] {dagbag.py:588} INFO - Filling up the DagBag from /opt/airflow/dags/create_mart_performance_dag.py
[2026-05-20T05:43:46.659+0000] {logging_mixin.py:190} INFO - [2026-05-20T05:43:46.655+0000] {dagbag.py:387} ERROR - Failed to import: /opt/airflow/dags/create_mart_performance_dag.py
Traceback (most recent call last):
  File "/home/airflow/.local/lib/python3.12/site-packages/airflow/models/dagbag.py", line 383, in parse
    loader.exec_module(new_module)
  File "<frozen importlib._bootstrap_external>", line 999, in exec_module
  File "<frozen importlib._bootstrap>", line 488, in _call_with_frames_removed
  File "/opt/airflow/dags/create_mart_performance_dag.py", line 12, in <module>
    from build_mart_performance import create_mart_performance
ModuleNotFoundError: No module named 'build_mart_performance'
[2026-05-20T05:43:46.660+0000] {processor.py:927} WARNING - No viable dags retrieved from /opt/airflow/dags/create_mart_performance_dag.py
[2026-05-20T05:43:46.684+0000] {processor.py:208} INFO - Processing /opt/airflow/dags/create_mart_performance_dag.py took 0.048 seconds
[2026-05-20T05:44:17.177+0000] {processor.py:186} INFO - Started process (PID=278) to work on /opt/airflow/dags/create_mart_performance_dag.py
[2026-05-20T05:44:17.178+0000] {processor.py:914} INFO - Processing file /opt/airflow/dags/create_mart_performance_dag.py for tasks to queue
[2026-05-20T05:44:17.181+0000] {logging_mixin.py:190} INFO - [2026-05-20T05:44:17.180+0000] {dagbag.py:588} INFO - Filling up the DagBag from /opt/airflow/dags/create_mart_performance_dag.py
[2026-05-20T05:44:17.197+0000] {logging_mixin.py:190} INFO - [2026-05-20T05:44:17.194+0000] {dagbag.py:387} ERROR - Failed to import: /opt/airflow/dags/create_mart_performance_dag.py
Traceback (most recent call last):
  File "/home/airflow/.local/lib/python3.12/site-packages/airflow/models/dagbag.py", line 383, in parse
    loader.exec_module(new_module)
  File "<frozen importlib._bootstrap_external>", line 999, in exec_module
  File "<frozen importlib._bootstrap>", line 488, in _call_with_frames_removed
  File "/opt/airflow/dags/create_mart_performance_dag.py", line 12, in <module>
    from build_mart_performance import create_mart_performance
ModuleNotFoundError: No module named 'build_mart_performance'
[2026-05-20T05:44:17.198+0000] {processor.py:927} WARNING - No viable dags retrieved from /opt/airflow/dags/create_mart_performance_dag.py
[2026-05-20T05:44:17.234+0000] {processor.py:208} INFO - Processing /opt/airflow/dags/create_mart_performance_dag.py took 0.063 seconds
[2026-05-20T05:44:47.697+0000] {processor.py:186} INFO - Started process (PID=294) to work on /opt/airflow/dags/create_mart_performance_dag.py
[2026-05-20T05:44:47.698+0000] {processor.py:914} INFO - Processing file /opt/airflow/dags/create_mart_performance_dag.py for tasks to queue
[2026-05-20T05:44:47.702+0000] {logging_mixin.py:190} INFO - [2026-05-20T05:44:47.701+0000] {dagbag.py:588} INFO - Filling up the DagBag from /opt/airflow/dags/create_mart_performance_dag.py
[2026-05-20T05:44:47.717+0000] {logging_mixin.py:190} INFO - [2026-05-20T05:44:47.714+0000] {dagbag.py:387} ERROR - Failed to import: /opt/airflow/dags/create_mart_performance_dag.py
Traceback (most recent call last):
  File "/home/airflow/.local/lib/python3.12/site-packages/airflow/models/dagbag.py", line 383, in parse
    loader.exec_module(new_module)
  File "<frozen importlib._bootstrap_external>", line 999, in exec_module
  File "<frozen importlib._bootstrap>", line 488, in _call_with_frames_removed
  File "/opt/airflow/dags/create_mart_performance_dag.py", line 12, in <module>
    from build_mart_performance import create_mart_performance
ModuleNotFoundError: No module named 'build_mart_performance'
[2026-05-20T05:44:47.719+0000] {processor.py:927} WARNING - No viable dags retrieved from /opt/airflow/dags/create_mart_performance_dag.py
[2026-05-20T05:44:47.736+0000] {processor.py:208} INFO - Processing /opt/airflow/dags/create_mart_performance_dag.py took 0.043 seconds
[2026-05-20T05:45:18.220+0000] {processor.py:186} INFO - Started process (PID=310) to work on /opt/airflow/dags/create_mart_performance_dag.py
[2026-05-20T05:45:18.221+0000] {processor.py:914} INFO - Processing file /opt/airflow/dags/create_mart_performance_dag.py for tasks to queue
[2026-05-20T05:45:18.224+0000] {logging_mixin.py:190} INFO - [2026-05-20T05:45:18.223+0000] {dagbag.py:588} INFO - Filling up the DagBag from /opt/airflow/dags/create_mart_performance_dag.py
[2026-05-20T05:45:18.239+0000] {logging_mixin.py:190} INFO - [2026-05-20T05:45:18.236+0000] {dagbag.py:387} ERROR - Failed to import: /opt/airflow/dags/create_mart_performance_dag.py
Traceback (most recent call last):
  File "/home/airflow/.local/lib/python3.12/site-packages/airflow/models/dagbag.py", line 383, in parse
    loader.exec_module(new_module)
  File "<frozen importlib._bootstrap_external>", line 999, in exec_module
  File "<frozen importlib._bootstrap>", line 488, in _call_with_frames_removed
  File "/opt/airflow/dags/create_mart_performance_dag.py", line 12, in <module>
    from build_mart_performance import create_mart_performance
ModuleNotFoundError: No module named 'build_mart_performance'
[2026-05-20T05:45:18.240+0000] {processor.py:927} WARNING - No viable dags retrieved from /opt/airflow/dags/create_mart_performance_dag.py
[2026-05-20T05:45:18.254+0000] {processor.py:208} INFO - Processing /opt/airflow/dags/create_mart_performance_dag.py took 0.041 seconds
[2026-05-20T05:48:03.880+0000] {processor.py:186} INFO - Started process (PID=179) to work on /opt/airflow/dags/create_mart_performance_dag.py
[2026-05-20T05:48:03.881+0000] {processor.py:914} INFO - Processing file /opt/airflow/dags/create_mart_performance_dag.py for tasks to queue
[2026-05-20T05:48:03.882+0000] {logging_mixin.py:190} INFO - [2026-05-20T05:48:03.882+0000] {dagbag.py:588} INFO - Filling up the DagBag from /opt/airflow/dags/create_mart_performance_dag.py
[2026-05-20T05:48:03.910+0000] {processor.py:925} INFO - DAG(s) 'create_analytics_mart_performance' retrieved from /opt/airflow/dags/create_mart_performance_dag.py
[2026-05-20T05:48:04.075+0000] {logging_mixin.py:190} INFO - [2026-05-20T05:48:04.075+0000] {override.py:1911} INFO - Created Permission View: can edit on DAG:create_analytics_mart_performance
[2026-05-20T05:48:04.082+0000] {logging_mixin.py:190} INFO - [2026-05-20T05:48:04.081+0000] {override.py:1911} INFO - Created Permission View: can delete on DAG:create_analytics_mart_performance
[2026-05-20T05:48:04.088+0000] {logging_mixin.py:190} INFO - [2026-05-20T05:48:04.088+0000] {override.py:1911} INFO - Created Permission View: can read on DAG:create_analytics_mart_performance
[2026-05-20T05:48:04.093+0000] {logging_mixin.py:190} INFO - [2026-05-20T05:48:04.093+0000] {override.py:1911} INFO - Created Permission View: can create on DAG Run:create_analytics_mart_performance
[2026-05-20T05:48:04.098+0000] {logging_mixin.py:190} INFO - [2026-05-20T05:48:04.097+0000] {override.py:1911} INFO - Created Permission View: can delete on DAG Run:create_analytics_mart_performance
[2026-05-20T05:48:04.102+0000] {logging_mixin.py:190} INFO - [2026-05-20T05:48:04.101+0000] {override.py:1911} INFO - Created Permission View: can read on DAG Run:create_analytics_mart_performance
[2026-05-20T05:48:04.106+0000] {logging_mixin.py:190} INFO - [2026-05-20T05:48:04.106+0000] {override.py:1911} INFO - Created Permission View: menu access on DAG Run:create_analytics_mart_performance
[2026-05-20T05:48:04.106+0000] {logging_mixin.py:190} INFO - [2026-05-20T05:48:04.106+0000] {dag.py:3239} INFO - Sync 1 DAGs
[2026-05-20T05:48:04.116+0000] {logging_mixin.py:190} INFO - [2026-05-20T05:48:04.116+0000] {dag.py:3262} INFO - Creating ORM DAG for create_analytics_mart_performance
[2026-05-20T05:48:04.124+0000] {logging_mixin.py:190} INFO - [2026-05-20T05:48:04.124+0000] {dag.py:4180} INFO - Setting next_dagrun for create_analytics_mart_performance to 2026-05-19 03:00:00+00:00, run_after=2026-05-20 03:00:00+00:00
[2026-05-20T05:48:04.136+0000] {processor.py:208} INFO - Processing /opt/airflow/dags/create_mart_performance_dag.py took 0.260 seconds
[2026-05-20T05:48:34.447+0000] {processor.py:186} INFO - Started process (PID=200) to work on /opt/airflow/dags/create_mart_performance_dag.py
[2026-05-20T05:48:34.448+0000] {processor.py:914} INFO - Processing file /opt/airflow/dags/create_mart_performance_dag.py for tasks to queue
[2026-05-20T05:48:34.449+0000] {logging_mixin.py:190} INFO - [2026-05-20T05:48:34.449+0000] {dagbag.py:588} INFO - Filling up the DagBag from /opt/airflow/dags/create_mart_performance_dag.py
[2026-05-20T05:48:34.472+0000] {processor.py:925} INFO - DAG(s) 'create_analytics_mart_performance' retrieved from /opt/airflow/dags/create_mart_performance_dag.py
[2026-05-20T05:48:34.489+0000] {logging_mixin.py:190} INFO - [2026-05-20T05:48:34.489+0000] {dag.py:3239} INFO - Sync 1 DAGs
[2026-05-20T05:48:34.508+0000] {logging_mixin.py:190} INFO - [2026-05-20T05:48:34.507+0000] {dag.py:4180} INFO - Setting next_dagrun for create_analytics_mart_performance to 2026-05-19 03:00:00+00:00, run_after=2026-05-20 03:00:00+00:00
[2026-05-20T05:48:34.521+0000] {processor.py:208} INFO - Processing /opt/airflow/dags/create_mart_performance_dag.py took 0.079 seconds
[2026-05-20T05:49:05.163+0000] {processor.py:186} INFO - Started process (PID=221) to work on /opt/airflow/dags/create_mart_performance_dag.py
[2026-05-20T05:49:05.164+0000] {processor.py:914} INFO - Processing file /opt/airflow/dags/create_mart_performance_dag.py for tasks to queue
[2026-05-20T05:49:05.166+0000] {logging_mixin.py:190} INFO - [2026-05-20T05:49:05.165+0000] {dagbag.py:588} INFO - Filling up the DagBag from /opt/airflow/dags/create_mart_performance_dag.py
[2026-05-20T05:49:05.189+0000] {processor.py:925} INFO - DAG(s) 'create_analytics_mart_performance' retrieved from /opt/airflow/dags/create_mart_performance_dag.py
[2026-05-20T05:49:05.209+0000] {logging_mixin.py:190} INFO - [2026-05-20T05:49:05.208+0000] {dag.py:3239} INFO - Sync 1 DAGs
[2026-05-20T05:49:05.225+0000] {logging_mixin.py:190} INFO - [2026-05-20T05:49:05.225+0000] {dag.py:4180} INFO - Setting next_dagrun for create_analytics_mart_performance to 2026-05-19 03:00:00+00:00, run_after=2026-05-20 03:00:00+00:00
[2026-05-20T05:49:05.273+0000] {processor.py:208} INFO - Processing /opt/airflow/dags/create_mart_performance_dag.py took 0.116 seconds
[2026-05-20T05:49:35.924+0000] {processor.py:186} INFO - Started process (PID=242) to work on /opt/airflow/dags/create_mart_performance_dag.py
[2026-05-20T05:49:35.925+0000] {processor.py:914} INFO - Processing file /opt/airflow/dags/create_mart_performance_dag.py for tasks to queue
[2026-05-20T05:49:35.926+0000] {logging_mixin.py:190} INFO - [2026-05-20T05:49:35.926+0000] {dagbag.py:588} INFO - Filling up the DagBag from /opt/airflow/dags/create_mart_performance_dag.py
[2026-05-20T05:49:35.945+0000] {processor.py:925} INFO - DAG(s) 'create_analytics_mart_performance' retrieved from /opt/airflow/dags/create_mart_performance_dag.py
[2026-05-20T05:49:35.963+0000] {logging_mixin.py:190} INFO - [2026-05-20T05:49:35.963+0000] {dag.py:3239} INFO - Sync 1 DAGs
[2026-05-20T05:49:35.981+0000] {logging_mixin.py:190} INFO - [2026-05-20T05:49:35.981+0000] {dag.py:4180} INFO - Setting next_dagrun for create_analytics_mart_performance to 2026-05-19 03:00:00+00:00, run_after=2026-05-20 03:00:00+00:00
[2026-05-20T05:49:36.003+0000] {processor.py:208} INFO - Processing /opt/airflow/dags/create_mart_performance_dag.py took 0.084 seconds
[2026-05-20T05:50:06.435+0000] {processor.py:186} INFO - Started process (PID=269) to work on /opt/airflow/dags/create_mart_performance_dag.py
[2026-05-20T05:50:06.436+0000] {processor.py:914} INFO - Processing file /opt/airflow/dags/create_mart_performance_dag.py for tasks to queue
[2026-05-20T05:50:06.438+0000] {logging_mixin.py:190} INFO - [2026-05-20T05:50:06.438+0000] {dagbag.py:588} INFO - Filling up the DagBag from /opt/airflow/dags/create_mart_performance_dag.py
[2026-05-20T05:50:06.461+0000] {processor.py:925} INFO - DAG(s) 'create_analytics_mart_performance' retrieved from /opt/airflow/dags/create_mart_performance_dag.py
[2026-05-20T05:50:06.480+0000] {logging_mixin.py:190} INFO - [2026-05-20T05:50:06.480+0000] {dag.py:3239} INFO - Sync 1 DAGs
[2026-05-20T05:50:06.497+0000] {logging_mixin.py:190} INFO - [2026-05-20T05:50:06.497+0000] {dag.py:4180} INFO - Setting next_dagrun for create_analytics_mart_performance to 2026-05-20 03:00:00+00:00, run_after=2026-05-21 03:00:00+00:00
[2026-05-20T05:50:06.513+0000] {processor.py:208} INFO - Processing /opt/airflow/dags/create_mart_performance_dag.py took 0.084 seconds
[2026-05-20T05:50:36.958+0000] {processor.py:186} INFO - Started process (PID=294) to work on /opt/airflow/dags/create_mart_performance_dag.py
[2026-05-20T05:50:36.959+0000] {processor.py:914} INFO - Processing file /opt/airflow/dags/create_mart_performance_dag.py for tasks to queue
[2026-05-20T05:50:36.960+0000] {logging_mixin.py:190} INFO - [2026-05-20T05:50:36.960+0000] {dagbag.py:588} INFO - Filling up the DagBag from /opt/airflow/dags/create_mart_performance_dag.py
[2026-05-20T05:50:36.983+0000] {processor.py:925} INFO - DAG(s) 'create_analytics_mart_performance' retrieved from /opt/airflow/dags/create_mart_performance_dag.py
[2026-05-20T05:50:37.001+0000] {logging_mixin.py:190} INFO - [2026-05-20T05:50:37.001+0000] {dag.py:3239} INFO - Sync 1 DAGs
[2026-05-20T05:50:37.019+0000] {logging_mixin.py:190} INFO - [2026-05-20T05:50:37.019+0000] {dag.py:4180} INFO - Setting next_dagrun for create_analytics_mart_performance to 2026-05-20 03:00:00+00:00, run_after=2026-05-21 03:00:00+00:00
[2026-05-20T05:50:37.034+0000] {processor.py:208} INFO - Processing /opt/airflow/dags/create_mart_performance_dag.py took 0.080 seconds
[2026-05-20T05:51:07.560+0000] {processor.py:186} INFO - Started process (PID=315) to work on /opt/airflow/dags/create_mart_performance_dag.py
[2026-05-20T05:51:07.561+0000] {processor.py:914} INFO - Processing file /opt/airflow/dags/create_mart_performance_dag.py for tasks to queue
[2026-05-20T05:51:07.563+0000] {logging_mixin.py:190} INFO - [2026-05-20T05:51:07.562+0000] {dagbag.py:588} INFO - Filling up the DagBag from /opt/airflow/dags/create_mart_performance_dag.py
[2026-05-20T05:51:07.585+0000] {processor.py:925} INFO - DAG(s) 'create_analytics_mart_performance' retrieved from /opt/airflow/dags/create_mart_performance_dag.py
[2026-05-20T05:51:07.603+0000] {logging_mixin.py:190} INFO - [2026-05-20T05:51:07.603+0000] {dag.py:3239} INFO - Sync 1 DAGs
[2026-05-20T05:51:07.622+0000] {logging_mixin.py:190} INFO - [2026-05-20T05:51:07.622+0000] {dag.py:4180} INFO - Setting next_dagrun for create_analytics_mart_performance to 2026-05-20 03:00:00+00:00, run_after=2026-05-21 03:00:00+00:00
[2026-05-20T05:51:07.648+0000] {processor.py:208} INFO - Processing /opt/airflow/dags/create_mart_performance_dag.py took 0.091 seconds
[2026-05-20T05:51:38.288+0000] {processor.py:186} INFO - Started process (PID=336) to work on /opt/airflow/dags/create_mart_performance_dag.py
[2026-05-20T05:51:38.289+0000] {processor.py:914} INFO - Processing file /opt/airflow/dags/create_mart_performance_dag.py for tasks to queue
[2026-05-20T05:51:38.291+0000] {logging_mixin.py:190} INFO - [2026-05-20T05:51:38.291+0000] {dagbag.py:588} INFO - Filling up the DagBag from /opt/airflow/dags/create_mart_performance_dag.py
[2026-05-20T05:51:38.314+0000] {processor.py:925} INFO - DAG(s) 'create_analytics_mart_performance' retrieved from /opt/airflow/dags/create_mart_performance_dag.py
[2026-05-20T05:51:38.332+0000] {logging_mixin.py:190} INFO - [2026-05-20T05:51:38.332+0000] {dag.py:3239} INFO - Sync 1 DAGs
[2026-05-20T05:51:38.349+0000] {logging_mixin.py:190} INFO - [2026-05-20T05:51:38.348+0000] {dag.py:4180} INFO - Setting next_dagrun for create_analytics_mart_performance to 2026-05-20 03:00:00+00:00, run_after=2026-05-21 03:00:00+00:00
[2026-05-20T05:51:38.373+0000] {processor.py:208} INFO - Processing /opt/airflow/dags/create_mart_performance_dag.py took 0.091 seconds
[2026-05-20T05:52:08.886+0000] {processor.py:186} INFO - Started process (PID=357) to work on /opt/airflow/dags/create_mart_performance_dag.py
[2026-05-20T05:52:08.886+0000] {processor.py:914} INFO - Processing file /opt/airflow/dags/create_mart_performance_dag.py for tasks to queue
[2026-05-20T05:52:08.888+0000] {logging_mixin.py:190} INFO - [2026-05-20T05:52:08.888+0000] {dagbag.py:588} INFO - Filling up the DagBag from /opt/airflow/dags/create_mart_performance_dag.py
[2026-05-20T05:52:08.909+0000] {processor.py:925} INFO - DAG(s) 'create_analytics_mart_performance' retrieved from /opt/airflow/dags/create_mart_performance_dag.py
[2026-05-20T05:52:08.927+0000] {logging_mixin.py:190} INFO - [2026-05-20T05:52:08.927+0000] {dag.py:3239} INFO - Sync 1 DAGs
[2026-05-20T05:52:08.944+0000] {logging_mixin.py:190} INFO - [2026-05-20T05:52:08.943+0000] {dag.py:4180} INFO - Setting next_dagrun for create_analytics_mart_performance to 2026-05-20 03:00:00+00:00, run_after=2026-05-21 03:00:00+00:00
[2026-05-20T05:52:08.958+0000] {processor.py:208} INFO - Processing /opt/airflow/dags/create_mart_performance_dag.py took 0.076 seconds
[2026-05-20T05:52:39.558+0000] {processor.py:186} INFO - Started process (PID=379) to work on /opt/airflow/dags/create_mart_performance_dag.py
[2026-05-20T05:52:39.559+0000] {processor.py:914} INFO - Processing file /opt/airflow/dags/create_mart_performance_dag.py for tasks to queue
[2026-05-20T05:52:39.560+0000] {logging_mixin.py:190} INFO - [2026-05-20T05:52:39.560+0000] {dagbag.py:588} INFO - Filling up the DagBag from /opt/airflow/dags/create_mart_performance_dag.py
[2026-05-20T05:52:39.581+0000] {processor.py:925} INFO - DAG(s) 'create_analytics_mart_performance' retrieved from /opt/airflow/dags/create_mart_performance_dag.py
[2026-05-20T05:52:39.599+0000] {logging_mixin.py:190} INFO - [2026-05-20T05:52:39.599+0000] {dag.py:3239} INFO - Sync 1 DAGs
[2026-05-20T05:52:39.618+0000] {logging_mixin.py:190} INFO - [2026-05-20T05:52:39.617+0000] {dag.py:4180} INFO - Setting next_dagrun for create_analytics_mart_performance to 2026-05-20 03:00:00+00:00, run_after=2026-05-21 03:00:00+00:00
[2026-05-20T05:52:39.642+0000] {processor.py:208} INFO - Processing /opt/airflow/dags/create_mart_performance_dag.py took 0.090 seconds
[2026-05-20T05:53:10.249+0000] {processor.py:186} INFO - Started process (PID=400) to work on /opt/airflow/dags/create_mart_performance_dag.py
[2026-05-20T05:53:10.250+0000] {processor.py:914} INFO - Processing file /opt/airflow/dags/create_mart_performance_dag.py for tasks to queue
[2026-05-20T05:53:10.252+0000] {logging_mixin.py:190} INFO - [2026-05-20T05:53:10.252+0000] {dagbag.py:588} INFO - Filling up the DagBag from /opt/airflow/dags/create_mart_performance_dag.py
[2026-05-20T05:53:10.271+0000] {processor.py:925} INFO - DAG(s) 'create_analytics_mart_performance' retrieved from /opt/airflow/dags/create_mart_performance_dag.py
[2026-05-20T05:53:10.290+0000] {logging_mixin.py:190} INFO - [2026-05-20T05:53:10.290+0000] {dag.py:3239} INFO - Sync 1 DAGs
[2026-05-20T05:53:10.311+0000] {logging_mixin.py:190} INFO - [2026-05-20T05:53:10.311+0000] {dag.py:4180} INFO - Setting next_dagrun for create_analytics_mart_performance to 2026-05-20 03:00:00+00:00, run_after=2026-05-21 03:00:00+00:00
[2026-05-20T05:53:10.325+0000] {processor.py:208} INFO - Processing /opt/airflow/dags/create_mart_performance_dag.py took 0.080 seconds
[2026-05-20T05:53:40.786+0000] {processor.py:186} INFO - Started process (PID=421) to work on /opt/airflow/dags/create_mart_performance_dag.py
[2026-05-20T05:53:40.786+0000] {processor.py:914} INFO - Processing file /opt/airflow/dags/create_mart_performance_dag.py for tasks to queue
[2026-05-20T05:53:40.788+0000] {logging_mixin.py:190} INFO - [2026-05-20T05:53:40.788+0000] {dagbag.py:588} INFO - Filling up the DagBag from /opt/airflow/dags/create_mart_performance_dag.py
[2026-05-20T05:53:40.807+0000] {processor.py:925} INFO - DAG(s) 'create_analytics_mart_performance' retrieved from /opt/airflow/dags/create_mart_performance_dag.py
[2026-05-20T05:53:40.826+0000] {logging_mixin.py:190} INFO - [2026-05-20T05:53:40.825+0000] {dag.py:3239} INFO - Sync 1 DAGs
[2026-05-20T05:53:40.846+0000] {logging_mixin.py:190} INFO - [2026-05-20T05:53:40.846+0000] {dag.py:4180} INFO - Setting next_dagrun for create_analytics_mart_performance to 2026-05-20 03:00:00+00:00, run_after=2026-05-21 03:00:00+00:00
[2026-05-20T05:53:40.861+0000] {processor.py:208} INFO - Processing /opt/airflow/dags/create_mart_performance_dag.py took 0.079 seconds
[2026-05-20T05:54:11.490+0000] {processor.py:186} INFO - Started process (PID=443) to work on /opt/airflow/dags/create_mart_performance_dag.py
[2026-05-20T05:54:11.491+0000] {processor.py:914} INFO - Processing file /opt/airflow/dags/create_mart_performance_dag.py for tasks to queue
[2026-05-20T05:54:11.493+0000] {logging_mixin.py:190} INFO - [2026-05-20T05:54:11.492+0000] {dagbag.py:588} INFO - Filling up the DagBag from /opt/airflow/dags/create_mart_performance_dag.py
[2026-05-20T05:54:11.515+0000] {processor.py:925} INFO - DAG(s) 'create_analytics_mart_performance' retrieved from /opt/airflow/dags/create_mart_performance_dag.py
[2026-05-20T05:54:11.534+0000] {logging_mixin.py:190} INFO - [2026-05-20T05:54:11.534+0000] {dag.py:3239} INFO - Sync 1 DAGs
[2026-05-20T05:54:11.551+0000] {logging_mixin.py:190} INFO - [2026-05-20T05:54:11.551+0000] {dag.py:4180} INFO - Setting next_dagrun for create_analytics_mart_performance to 2026-05-20 03:00:00+00:00, run_after=2026-05-21 03:00:00+00:00
[2026-05-20T05:54:11.566+0000] {processor.py:208} INFO - Processing /opt/airflow/dags/create_mart_performance_dag.py took 0.080 seconds
[2026-05-20T05:54:42.078+0000] {processor.py:186} INFO - Started process (PID=464) to work on /opt/airflow/dags/create_mart_performance_dag.py
[2026-05-20T05:54:42.079+0000] {processor.py:914} INFO - Processing file /opt/airflow/dags/create_mart_performance_dag.py for tasks to queue
[2026-05-20T05:54:42.081+0000] {logging_mixin.py:190} INFO - [2026-05-20T05:54:42.080+0000] {dagbag.py:588} INFO - Filling up the DagBag from /opt/airflow/dags/create_mart_performance_dag.py
[2026-05-20T05:54:42.100+0000] {processor.py:925} INFO - DAG(s) 'create_analytics_mart_performance' retrieved from /opt/airflow/dags/create_mart_performance_dag.py
[2026-05-20T05:54:42.121+0000] {logging_mixin.py:190} INFO - [2026-05-20T05:54:42.120+0000] {dag.py:3239} INFO - Sync 1 DAGs
[2026-05-20T05:54:42.139+0000] {logging_mixin.py:190} INFO - [2026-05-20T05:54:42.139+0000] {dag.py:4180} INFO - Setting next_dagrun for create_analytics_mart_performance to 2026-05-20 03:00:00+00:00, run_after=2026-05-21 03:00:00+00:00
[2026-05-20T05:54:42.164+0000] {processor.py:208} INFO - Processing /opt/airflow/dags/create_mart_performance_dag.py took 0.091 seconds
[2026-05-20T05:55:12.661+0000] {processor.py:186} INFO - Started process (PID=485) to work on /opt/airflow/dags/create_mart_performance_dag.py
[2026-05-20T05:55:12.662+0000] {processor.py:914} INFO - Processing file /opt/airflow/dags/create_mart_performance_dag.py for tasks to queue
[2026-05-20T05:55:12.663+0000] {logging_mixin.py:190} INFO - [2026-05-20T05:55:12.663+0000] {dagbag.py:588} INFO - Filling up the DagBag from /opt/airflow/dags/create_mart_performance_dag.py
[2026-05-20T05:55:12.685+0000] {processor.py:925} INFO - DAG(s) 'create_analytics_mart_performance' retrieved from /opt/airflow/dags/create_mart_performance_dag.py
[2026-05-20T05:55:12.705+0000] {logging_mixin.py:190} INFO - [2026-05-20T05:55:12.705+0000] {dag.py:3239} INFO - Sync 1 DAGs
[2026-05-20T05:55:12.722+0000] {logging_mixin.py:190} INFO - [2026-05-20T05:55:12.722+0000] {dag.py:4180} INFO - Setting next_dagrun for create_analytics_mart_performance to 2026-05-20 03:00:00+00:00, run_after=2026-05-21 03:00:00+00:00
[2026-05-20T05:55:12.735+0000] {processor.py:208} INFO - Processing /opt/airflow/dags/create_mart_performance_dag.py took 0.078 seconds
[2026-05-20T05:55:43.295+0000] {processor.py:186} INFO - Started process (PID=506) to work on /opt/airflow/dags/create_mart_performance_dag.py
[2026-05-20T05:55:43.296+0000] {processor.py:914} INFO - Processing file /opt/airflow/dags/create_mart_performance_dag.py for tasks to queue
[2026-05-20T05:55:43.297+0000] {logging_mixin.py:190} INFO - [2026-05-20T05:55:43.297+0000] {dagbag.py:588} INFO - Filling up the DagBag from /opt/airflow/dags/create_mart_performance_dag.py
[2026-05-20T05:55:43.320+0000] {processor.py:925} INFO - DAG(s) 'create_analytics_mart_performance' retrieved from /opt/airflow/dags/create_mart_performance_dag.py
[2026-05-20T05:55:43.338+0000] {logging_mixin.py:190} INFO - [2026-05-20T05:55:43.338+0000] {dag.py:3239} INFO - Sync 1 DAGs
[2026-05-20T05:55:43.356+0000] {logging_mixin.py:190} INFO - [2026-05-20T05:55:43.356+0000] {dag.py:4180} INFO - Setting next_dagrun for create_analytics_mart_performance to 2026-05-20 03:00:00+00:00, run_after=2026-05-21 03:00:00+00:00
[2026-05-20T05:55:43.380+0000] {processor.py:208} INFO - Processing /opt/airflow/dags/create_mart_performance_dag.py took 0.089 seconds
[2026-05-20T05:56:13.895+0000] {processor.py:186} INFO - Started process (PID=527) to work on /opt/airflow/dags/create_mart_performance_dag.py
[2026-05-20T05:56:13.896+0000] {processor.py:914} INFO - Processing file /opt/airflow/dags/create_mart_performance_dag.py for tasks to queue
[2026-05-20T05:56:13.899+0000] {logging_mixin.py:190} INFO - [2026-05-20T05:56:13.898+0000] {dagbag.py:588} INFO - Filling up the DagBag from /opt/airflow/dags/create_mart_performance_dag.py
[2026-05-20T05:56:13.922+0000] {processor.py:925} INFO - DAG(s) 'create_analytics_mart_performance' retrieved from /opt/airflow/dags/create_mart_performance_dag.py
[2026-05-20T05:56:13.940+0000] {logging_mixin.py:190} INFO - [2026-05-20T05:56:13.939+0000] {dag.py:3239} INFO - Sync 1 DAGs
[2026-05-20T05:56:13.957+0000] {logging_mixin.py:190} INFO - [2026-05-20T05:56:13.957+0000] {dag.py:4180} INFO - Setting next_dagrun for create_analytics_mart_performance to 2026-05-20 03:00:00+00:00, run_after=2026-05-21 03:00:00+00:00
[2026-05-20T05:56:13.971+0000] {processor.py:208} INFO - Processing /opt/airflow/dags/create_mart_performance_dag.py took 0.082 seconds
[2026-05-20T05:56:44.423+0000] {processor.py:186} INFO - Started process (PID=548) to work on /opt/airflow/dags/create_mart_performance_dag.py
[2026-05-20T05:56:44.423+0000] {processor.py:914} INFO - Processing file /opt/airflow/dags/create_mart_performance_dag.py for tasks to queue
[2026-05-20T05:56:44.425+0000] {logging_mixin.py:190} INFO - [2026-05-20T05:56:44.424+0000] {dagbag.py:588} INFO - Filling up the DagBag from /opt/airflow/dags/create_mart_performance_dag.py
[2026-05-20T05:56:44.445+0000] {processor.py:925} INFO - DAG(s) 'create_analytics_mart_performance' retrieved from /opt/airflow/dags/create_mart_performance_dag.py
[2026-05-20T05:56:44.463+0000] {logging_mixin.py:190} INFO - [2026-05-20T05:56:44.463+0000] {dag.py:3239} INFO - Sync 1 DAGs
[2026-05-20T05:56:44.480+0000] {logging_mixin.py:190} INFO - [2026-05-20T05:56:44.480+0000] {dag.py:4180} INFO - Setting next_dagrun for create_analytics_mart_performance to 2026-05-20 03:00:00+00:00, run_after=2026-05-21 03:00:00+00:00
[2026-05-20T05:56:44.493+0000] {processor.py:208} INFO - Processing /opt/airflow/dags/create_mart_performance_dag.py took 0.074 seconds
