[2026-05-20T05:29:41.847+0000] {processor.py:186} INFO - Started process (PID=185) to work on /opt/airflow/dags/create_mart_dag.py
[2026-05-20T05:29:41.848+0000] {processor.py:914} INFO - Processing file /opt/airflow/dags/create_mart_dag.py for tasks to queue
[2026-05-20T05:29:41.851+0000] {logging_mixin.py:190} INFO - [2026-05-20T05:29:41.850+0000] {dagbag.py:588} INFO - Filling up the DagBag from /opt/airflow/dags/create_mart_dag.py
[2026-05-20T05:29:41.875+0000] {processor.py:925} INFO - DAG(s) 'create_analytics_mart' retrieved from /opt/airflow/dags/create_mart_dag.py
[2026-05-20T05:29:41.895+0000] {logging_mixin.py:190} INFO - [2026-05-20T05:29:41.895+0000] {dag.py:3239} INFO - Sync 1 DAGs
[2026-05-20T05:29:41.916+0000] {logging_mixin.py:190} INFO - [2026-05-20T05:29:41.916+0000] {dag.py:4180} INFO - Setting next_dagrun for create_analytics_mart to 2026-05-19 02:00:00+00:00, run_after=2026-05-20 02:00:00+00:00
[2026-05-20T05:29:41.932+0000] {processor.py:208} INFO - Processing /opt/airflow/dags/create_mart_dag.py took 0.090 seconds
[2026-05-20T05:30:12.362+0000] {processor.py:186} INFO - Started process (PID=209) to work on /opt/airflow/dags/create_mart_dag.py
[2026-05-20T05:30:12.363+0000] {processor.py:914} INFO - Processing file /opt/airflow/dags/create_mart_dag.py for tasks to queue
[2026-05-20T05:30:12.365+0000] {logging_mixin.py:190} INFO - [2026-05-20T05:30:12.365+0000] {dagbag.py:588} INFO - Filling up the DagBag from /opt/airflow/dags/create_mart_dag.py
[2026-05-20T05:30:12.391+0000] {processor.py:925} INFO - DAG(s) 'create_analytics_mart' retrieved from /opt/airflow/dags/create_mart_dag.py
[2026-05-20T05:30:12.414+0000] {logging_mixin.py:190} INFO - [2026-05-20T05:30:12.414+0000] {dag.py:3239} INFO - Sync 1 DAGs
[2026-05-20T05:30:12.434+0000] {logging_mixin.py:190} INFO - [2026-05-20T05:30:12.434+0000] {dag.py:4180} INFO - Setting next_dagrun for create_analytics_mart to 2026-05-19 02:00:00+00:00, run_after=2026-05-20 02:00:00+00:00
[2026-05-20T05:30:12.452+0000] {processor.py:208} INFO - Processing /opt/airflow/dags/create_mart_dag.py took 0.095 seconds
[2026-05-20T05:30:42.934+0000] {processor.py:186} INFO - Started process (PID=230) to work on /opt/airflow/dags/create_mart_dag.py
[2026-05-20T05:30:42.935+0000] {processor.py:914} INFO - Processing file /opt/airflow/dags/create_mart_dag.py for tasks to queue
[2026-05-20T05:30:42.937+0000] {logging_mixin.py:190} INFO - [2026-05-20T05:30:42.937+0000] {dagbag.py:588} INFO - Filling up the DagBag from /opt/airflow/dags/create_mart_dag.py
[2026-05-20T05:30:42.957+0000] {processor.py:925} INFO - DAG(s) 'create_analytics_mart' retrieved from /opt/airflow/dags/create_mart_dag.py
[2026-05-20T05:30:42.975+0000] {logging_mixin.py:190} INFO - [2026-05-20T05:30:42.975+0000] {dag.py:3239} INFO - Sync 1 DAGs
[2026-05-20T05:30:42.992+0000] {logging_mixin.py:190} INFO - [2026-05-20T05:30:42.992+0000] {dag.py:4180} INFO - Setting next_dagrun for create_analytics_mart to 2026-05-19 02:00:00+00:00, run_after=2026-05-20 02:00:00+00:00
[2026-05-20T05:30:43.005+0000] {processor.py:208} INFO - Processing /opt/airflow/dags/create_mart_dag.py took 0.076 seconds
[2026-05-20T05:31:13.593+0000] {processor.py:186} INFO - Started process (PID=251) to work on /opt/airflow/dags/create_mart_dag.py
[2026-05-20T05:31:13.594+0000] {processor.py:914} INFO - Processing file /opt/airflow/dags/create_mart_dag.py for tasks to queue
[2026-05-20T05:31:13.595+0000] {logging_mixin.py:190} INFO - [2026-05-20T05:31:13.595+0000] {dagbag.py:588} INFO - Filling up the DagBag from /opt/airflow/dags/create_mart_dag.py
[2026-05-20T05:31:13.613+0000] {processor.py:925} INFO - DAG(s) 'create_analytics_mart' retrieved from /opt/airflow/dags/create_mart_dag.py
[2026-05-20T05:31:13.631+0000] {logging_mixin.py:190} INFO - [2026-05-20T05:31:13.631+0000] {dag.py:3239} INFO - Sync 1 DAGs
[2026-05-20T05:31:13.647+0000] {logging_mixin.py:190} INFO - [2026-05-20T05:31:13.647+0000] {dag.py:4180} INFO - Setting next_dagrun for create_analytics_mart to 2026-05-19 02:00:00+00:00, run_after=2026-05-20 02:00:00+00:00
[2026-05-20T05:31:13.661+0000] {processor.py:208} INFO - Processing /opt/airflow/dags/create_mart_dag.py took 0.072 seconds
[2026-05-20T05:31:44.041+0000] {processor.py:186} INFO - Started process (PID=272) to work on /opt/airflow/dags/create_mart_dag.py
[2026-05-20T05:31:44.042+0000] {processor.py:914} INFO - Processing file /opt/airflow/dags/create_mart_dag.py for tasks to queue
[2026-05-20T05:31:44.044+0000] {logging_mixin.py:190} INFO - [2026-05-20T05:31:44.043+0000] {dagbag.py:588} INFO - Filling up the DagBag from /opt/airflow/dags/create_mart_dag.py
[2026-05-20T05:31:44.066+0000] {processor.py:925} INFO - DAG(s) 'create_analytics_mart' retrieved from /opt/airflow/dags/create_mart_dag.py
[2026-05-20T05:31:44.086+0000] {logging_mixin.py:190} INFO - [2026-05-20T05:31:44.086+0000] {dag.py:3239} INFO - Sync 1 DAGs
[2026-05-20T05:31:44.105+0000] {logging_mixin.py:190} INFO - [2026-05-20T05:31:44.105+0000] {dag.py:4180} INFO - Setting next_dagrun for create_analytics_mart to 2026-05-19 02:00:00+00:00, run_after=2026-05-20 02:00:00+00:00
[2026-05-20T05:31:44.118+0000] {processor.py:208} INFO - Processing /opt/airflow/dags/create_mart_dag.py took 0.082 seconds
[2026-05-20T05:32:14.584+0000] {processor.py:186} INFO - Started process (PID=296) to work on /opt/airflow/dags/create_mart_dag.py
[2026-05-20T05:32:14.585+0000] {processor.py:914} INFO - Processing file /opt/airflow/dags/create_mart_dag.py for tasks to queue
[2026-05-20T05:32:14.586+0000] {logging_mixin.py:190} INFO - [2026-05-20T05:32:14.586+0000] {dagbag.py:588} INFO - Filling up the DagBag from /opt/airflow/dags/create_mart_dag.py
[2026-05-20T05:32:14.606+0000] {processor.py:925} INFO - DAG(s) 'create_analytics_mart' retrieved from /opt/airflow/dags/create_mart_dag.py
[2026-05-20T05:32:14.624+0000] {logging_mixin.py:190} INFO - [2026-05-20T05:32:14.624+0000] {dag.py:3239} INFO - Sync 1 DAGs
[2026-05-20T05:32:14.641+0000] {logging_mixin.py:190} INFO - [2026-05-20T05:32:14.641+0000] {dag.py:4180} INFO - Setting next_dagrun for create_analytics_mart to 2026-05-19 02:00:00+00:00, run_after=2026-05-20 02:00:00+00:00
[2026-05-20T05:32:14.655+0000] {processor.py:208} INFO - Processing /opt/airflow/dags/create_mart_dag.py took 0.075 seconds
[2026-05-20T05:32:45.196+0000] {processor.py:186} INFO - Started process (PID=317) to work on /opt/airflow/dags/create_mart_dag.py
[2026-05-20T05:32:45.197+0000] {processor.py:914} INFO - Processing file /opt/airflow/dags/create_mart_dag.py for tasks to queue
[2026-05-20T05:32:45.198+0000] {logging_mixin.py:190} INFO - [2026-05-20T05:32:45.198+0000] {dagbag.py:588} INFO - Filling up the DagBag from /opt/airflow/dags/create_mart_dag.py
[2026-05-20T05:32:45.217+0000] {processor.py:925} INFO - DAG(s) 'create_analytics_mart' retrieved from /opt/airflow/dags/create_mart_dag.py
[2026-05-20T05:32:45.237+0000] {logging_mixin.py:190} INFO - [2026-05-20T05:32:45.237+0000] {dag.py:3239} INFO - Sync 1 DAGs
[2026-05-20T05:32:45.255+0000] {logging_mixin.py:190} INFO - [2026-05-20T05:32:45.255+0000] {dag.py:4180} INFO - Setting next_dagrun for create_analytics_mart to 2026-05-19 02:00:00+00:00, run_after=2026-05-20 02:00:00+00:00
[2026-05-20T05:32:45.272+0000] {processor.py:208} INFO - Processing /opt/airflow/dags/create_mart_dag.py took 0.081 seconds
[2026-05-20T05:33:15.664+0000] {processor.py:186} INFO - Started process (PID=338) to work on /opt/airflow/dags/create_mart_dag.py
[2026-05-20T05:33:15.665+0000] {processor.py:914} INFO - Processing file /opt/airflow/dags/create_mart_dag.py for tasks to queue
[2026-05-20T05:33:15.666+0000] {logging_mixin.py:190} INFO - [2026-05-20T05:33:15.666+0000] {dagbag.py:588} INFO - Filling up the DagBag from /opt/airflow/dags/create_mart_dag.py
[2026-05-20T05:33:15.683+0000] {processor.py:925} INFO - DAG(s) 'create_analytics_mart' retrieved from /opt/airflow/dags/create_mart_dag.py
[2026-05-20T05:33:15.701+0000] {logging_mixin.py:190} INFO - [2026-05-20T05:33:15.701+0000] {dag.py:3239} INFO - Sync 1 DAGs
[2026-05-20T05:33:15.717+0000] {logging_mixin.py:190} INFO - [2026-05-20T05:33:15.717+0000] {dag.py:4180} INFO - Setting next_dagrun for create_analytics_mart to 2026-05-19 02:00:00+00:00, run_after=2026-05-20 02:00:00+00:00
[2026-05-20T05:33:15.731+0000] {processor.py:208} INFO - Processing /opt/airflow/dags/create_mart_dag.py took 0.071 seconds
[2026-05-20T05:33:46.179+0000] {processor.py:186} INFO - Started process (PID=362) to work on /opt/airflow/dags/create_mart_dag.py
[2026-05-20T05:33:46.180+0000] {processor.py:914} INFO - Processing file /opt/airflow/dags/create_mart_dag.py for tasks to queue
[2026-05-20T05:33:46.182+0000] {logging_mixin.py:190} INFO - [2026-05-20T05:33:46.182+0000] {dagbag.py:588} INFO - Filling up the DagBag from /opt/airflow/dags/create_mart_dag.py
[2026-05-20T05:33:46.203+0000] {processor.py:925} INFO - DAG(s) 'create_analytics_mart' retrieved from /opt/airflow/dags/create_mart_dag.py
[2026-05-20T05:33:46.223+0000] {logging_mixin.py:190} INFO - [2026-05-20T05:33:46.222+0000] {dag.py:3239} INFO - Sync 1 DAGs
[2026-05-20T05:33:46.241+0000] {logging_mixin.py:190} INFO - [2026-05-20T05:33:46.241+0000] {dag.py:4180} INFO - Setting next_dagrun for create_analytics_mart to 2026-05-19 02:00:00+00:00, run_after=2026-05-20 02:00:00+00:00
[2026-05-20T05:33:46.256+0000] {processor.py:208} INFO - Processing /opt/airflow/dags/create_mart_dag.py took 0.081 seconds
[2026-05-20T05:34:16.682+0000] {processor.py:186} INFO - Started process (PID=389) to work on /opt/airflow/dags/create_mart_dag.py
[2026-05-20T05:34:16.683+0000] {processor.py:914} INFO - Processing file /opt/airflow/dags/create_mart_dag.py for tasks to queue
[2026-05-20T05:34:16.685+0000] {logging_mixin.py:190} INFO - [2026-05-20T05:34:16.685+0000] {dagbag.py:588} INFO - Filling up the DagBag from /opt/airflow/dags/create_mart_dag.py
[2026-05-20T05:34:16.706+0000] {processor.py:925} INFO - DAG(s) 'create_analytics_mart' retrieved from /opt/airflow/dags/create_mart_dag.py
[2026-05-20T05:34:16.724+0000] {logging_mixin.py:190} INFO - [2026-05-20T05:34:16.724+0000] {dag.py:3239} INFO - Sync 1 DAGs
[2026-05-20T05:34:16.743+0000] {logging_mixin.py:190} INFO - [2026-05-20T05:34:16.743+0000] {dag.py:4180} INFO - Setting next_dagrun for create_analytics_mart to 2026-05-20 02:00:00+00:00, run_after=2026-05-21 02:00:00+00:00
[2026-05-20T05:34:16.758+0000] {processor.py:208} INFO - Processing /opt/airflow/dags/create_mart_dag.py took 0.079 seconds
[2026-05-20T05:34:47.315+0000] {processor.py:186} INFO - Started process (PID=414) to work on /opt/airflow/dags/create_mart_dag.py
[2026-05-20T05:34:47.316+0000] {processor.py:914} INFO - Processing file /opt/airflow/dags/create_mart_dag.py for tasks to queue
[2026-05-20T05:34:47.318+0000] {logging_mixin.py:190} INFO - [2026-05-20T05:34:47.318+0000] {dagbag.py:588} INFO - Filling up the DagBag from /opt/airflow/dags/create_mart_dag.py
[2026-05-20T05:34:47.338+0000] {processor.py:925} INFO - DAG(s) 'create_analytics_mart' retrieved from /opt/airflow/dags/create_mart_dag.py
[2026-05-20T05:34:47.357+0000] {logging_mixin.py:190} INFO - [2026-05-20T05:34:47.357+0000] {dag.py:3239} INFO - Sync 1 DAGs
[2026-05-20T05:34:47.375+0000] {logging_mixin.py:190} INFO - [2026-05-20T05:34:47.375+0000] {dag.py:4180} INFO - Setting next_dagrun for create_analytics_mart to 2026-05-20 02:00:00+00:00, run_after=2026-05-21 02:00:00+00:00
[2026-05-20T05:34:47.388+0000] {processor.py:208} INFO - Processing /opt/airflow/dags/create_mart_dag.py took 0.077 seconds
[2026-05-20T05:35:17.705+0000] {processor.py:186} INFO - Started process (PID=430) to work on /opt/airflow/dags/create_mart_dag.py
[2026-05-20T05:35:17.707+0000] {processor.py:914} INFO - Processing file /opt/airflow/dags/create_mart_dag.py for tasks to queue
[2026-05-20T05:35:17.708+0000] {logging_mixin.py:190} INFO - [2026-05-20T05:35:17.707+0000] {dagbag.py:588} INFO - Filling up the DagBag from /opt/airflow/dags/create_mart_dag.py
[2026-05-20T05:35:17.727+0000] {processor.py:925} INFO - DAG(s) 'create_analytics_mart' retrieved from /opt/airflow/dags/create_mart_dag.py
[2026-05-20T05:35:17.750+0000] {logging_mixin.py:190} INFO - [2026-05-20T05:35:17.750+0000] {dag.py:3239} INFO - Sync 1 DAGs
[2026-05-20T05:35:17.769+0000] {logging_mixin.py:190} INFO - [2026-05-20T05:35:17.769+0000] {dag.py:4180} INFO - Setting next_dagrun for create_analytics_mart to 2026-05-20 02:00:00+00:00, run_after=2026-05-21 02:00:00+00:00
[2026-05-20T05:35:17.785+0000] {processor.py:208} INFO - Processing /opt/airflow/dags/create_mart_dag.py took 0.084 seconds
[2026-05-20T05:35:48.231+0000] {processor.py:186} INFO - Started process (PID=446) to work on /opt/airflow/dags/create_mart_dag.py
[2026-05-20T05:35:48.232+0000] {processor.py:914} INFO - Processing file /opt/airflow/dags/create_mart_dag.py for tasks to queue
[2026-05-20T05:35:48.232+0000] {logging_mixin.py:190} INFO - [2026-05-20T05:35:48.232+0000] {dagbag.py:588} INFO - Filling up the DagBag from /opt/airflow/dags/create_mart_dag.py
[2026-05-20T05:35:48.254+0000] {processor.py:925} INFO - DAG(s) 'create_analytics_mart' retrieved from /opt/airflow/dags/create_mart_dag.py
[2026-05-20T05:35:48.271+0000] {logging_mixin.py:190} INFO - [2026-05-20T05:35:48.271+0000] {dag.py:3239} INFO - Sync 1 DAGs
[2026-05-20T05:35:48.288+0000] {logging_mixin.py:190} INFO - [2026-05-20T05:35:48.288+0000] {dag.py:4180} INFO - Setting next_dagrun for create_analytics_mart to 2026-05-20 02:00:00+00:00, run_after=2026-05-21 02:00:00+00:00
[2026-05-20T05:35:48.301+0000] {processor.py:208} INFO - Processing /opt/airflow/dags/create_mart_dag.py took 0.074 seconds
[2026-05-20T05:41:14.423+0000] {processor.py:186} INFO - Started process (PID=179) to work on /opt/airflow/dags/create_mart_dag.py
[2026-05-20T05:41:14.424+0000] {processor.py:914} INFO - Processing file /opt/airflow/dags/create_mart_dag.py for tasks to queue
[2026-05-20T05:41:14.426+0000] {logging_mixin.py:190} INFO - [2026-05-20T05:41:14.425+0000] {dagbag.py:588} INFO - Filling up the DagBag from /opt/airflow/dags/create_mart_dag.py
[2026-05-20T05:41:14.454+0000] {processor.py:925} INFO - DAG(s) 'create_analytics_mart' retrieved from /opt/airflow/dags/create_mart_dag.py
[2026-05-20T05:41:14.620+0000] {logging_mixin.py:190} INFO - [2026-05-20T05:41:14.620+0000] {override.py:1911} INFO - Created Permission View: can read on DAG:create_analytics_mart
[2026-05-20T05:41:14.627+0000] {logging_mixin.py:190} INFO - [2026-05-20T05:41:14.627+0000] {override.py:1911} INFO - Created Permission View: can edit on DAG:create_analytics_mart
[2026-05-20T05:41:14.633+0000] {logging_mixin.py:190} INFO - [2026-05-20T05:41:14.633+0000] {override.py:1911} INFO - Created Permission View: can delete on DAG:create_analytics_mart
[2026-05-20T05:41:14.638+0000] {logging_mixin.py:190} INFO - [2026-05-20T05:41:14.638+0000] {override.py:1911} INFO - Created Permission View: menu access on DAG Run:create_analytics_mart
[2026-05-20T05:41:14.643+0000] {logging_mixin.py:190} INFO - [2026-05-20T05:41:14.643+0000] {override.py:1911} INFO - Created Permission View: can read on DAG Run:create_analytics_mart
[2026-05-20T05:41:14.649+0000] {logging_mixin.py:190} INFO - [2026-05-20T05:41:14.649+0000] {override.py:1911} INFO - Created Permission View: can create on DAG Run:create_analytics_mart
[2026-05-20T05:41:14.655+0000] {logging_mixin.py:190} INFO - [2026-05-20T05:41:14.654+0000] {override.py:1911} INFO - Created Permission View: can delete on DAG Run:create_analytics_mart
[2026-05-20T05:41:14.655+0000] {logging_mixin.py:190} INFO - [2026-05-20T05:41:14.655+0000] {dag.py:3239} INFO - Sync 1 DAGs
[2026-05-20T05:41:14.664+0000] {logging_mixin.py:190} INFO - [2026-05-20T05:41:14.664+0000] {dag.py:3262} INFO - Creating ORM DAG for create_analytics_mart
[2026-05-20T05:41:14.674+0000] {logging_mixin.py:190} INFO - [2026-05-20T05:41:14.674+0000] {dag.py:4180} INFO - Setting next_dagrun for create_analytics_mart to 2026-05-19 02:00:00+00:00, run_after=2026-05-20 02:00:00+00:00
[2026-05-20T05:41:14.688+0000] {processor.py:208} INFO - Processing /opt/airflow/dags/create_mart_dag.py took 0.269 seconds
[2026-05-20T05:41:44.818+0000] {processor.py:186} INFO - Started process (PID=195) to work on /opt/airflow/dags/create_mart_dag.py
[2026-05-20T05:41:44.819+0000] {processor.py:914} INFO - Processing file /opt/airflow/dags/create_mart_dag.py for tasks to queue
[2026-05-20T05:41:44.822+0000] {logging_mixin.py:190} INFO - [2026-05-20T05:41:44.822+0000] {dagbag.py:588} INFO - Filling up the DagBag from /opt/airflow/dags/create_mart_dag.py
[2026-05-20T05:41:44.848+0000] {processor.py:925} INFO - DAG(s) 'create_analytics_mart' retrieved from /opt/airflow/dags/create_mart_dag.py
[2026-05-20T05:41:44.868+0000] {logging_mixin.py:190} INFO - [2026-05-20T05:41:44.867+0000] {dag.py:3239} INFO - Sync 1 DAGs
[2026-05-20T05:41:44.885+0000] {logging_mixin.py:190} INFO - [2026-05-20T05:41:44.885+0000] {dag.py:4180} INFO - Setting next_dagrun for create_analytics_mart to 2026-05-19 02:00:00+00:00, run_after=2026-05-20 02:00:00+00:00
[2026-05-20T05:41:44.898+0000] {processor.py:208} INFO - Processing /opt/airflow/dags/create_mart_dag.py took 0.087 seconds
[2026-05-20T05:42:15.314+0000] {processor.py:186} INFO - Started process (PID=211) to work on /opt/airflow/dags/create_mart_dag.py
[2026-05-20T05:42:15.315+0000] {processor.py:914} INFO - Processing file /opt/airflow/dags/create_mart_dag.py for tasks to queue
[2026-05-20T05:42:15.317+0000] {logging_mixin.py:190} INFO - [2026-05-20T05:42:15.317+0000] {dagbag.py:588} INFO - Filling up the DagBag from /opt/airflow/dags/create_mart_dag.py
[2026-05-20T05:42:15.339+0000] {processor.py:925} INFO - DAG(s) 'create_analytics_mart' retrieved from /opt/airflow/dags/create_mart_dag.py
[2026-05-20T05:42:15.358+0000] {logging_mixin.py:190} INFO - [2026-05-20T05:42:15.358+0000] {dag.py:3239} INFO - Sync 1 DAGs
[2026-05-20T05:42:15.374+0000] {logging_mixin.py:190} INFO - [2026-05-20T05:42:15.374+0000] {dag.py:4180} INFO - Setting next_dagrun for create_analytics_mart to 2026-05-19 02:00:00+00:00, run_after=2026-05-20 02:00:00+00:00
[2026-05-20T05:42:15.387+0000] {processor.py:208} INFO - Processing /opt/airflow/dags/create_mart_dag.py took 0.080 seconds
[2026-05-20T05:42:45.734+0000] {processor.py:186} INFO - Started process (PID=233) to work on /opt/airflow/dags/create_mart_dag.py
[2026-05-20T05:42:45.735+0000] {processor.py:914} INFO - Processing file /opt/airflow/dags/create_mart_dag.py for tasks to queue
[2026-05-20T05:42:45.737+0000] {logging_mixin.py:190} INFO - [2026-05-20T05:42:45.736+0000] {dagbag.py:588} INFO - Filling up the DagBag from /opt/airflow/dags/create_mart_dag.py
[2026-05-20T05:42:45.759+0000] {processor.py:925} INFO - DAG(s) 'create_analytics_mart' retrieved from /opt/airflow/dags/create_mart_dag.py
[2026-05-20T05:42:45.776+0000] {logging_mixin.py:190} INFO - [2026-05-20T05:42:45.776+0000] {dag.py:3239} INFO - Sync 1 DAGs
[2026-05-20T05:42:45.794+0000] {logging_mixin.py:190} INFO - [2026-05-20T05:42:45.793+0000] {dag.py:4180} INFO - Setting next_dagrun for create_analytics_mart to 2026-05-20 02:00:00+00:00, run_after=2026-05-21 02:00:00+00:00
[2026-05-20T05:42:45.806+0000] {processor.py:208} INFO - Processing /opt/airflow/dags/create_mart_dag.py took 0.076 seconds
[2026-05-20T05:43:16.138+0000] {processor.py:186} INFO - Started process (PID=249) to work on /opt/airflow/dags/create_mart_dag.py
[2026-05-20T05:43:16.138+0000] {processor.py:914} INFO - Processing file /opt/airflow/dags/create_mart_dag.py for tasks to queue
[2026-05-20T05:43:16.140+0000] {logging_mixin.py:190} INFO - [2026-05-20T05:43:16.140+0000] {dagbag.py:588} INFO - Filling up the DagBag from /opt/airflow/dags/create_mart_dag.py
[2026-05-20T05:43:16.159+0000] {processor.py:925} INFO - DAG(s) 'create_analytics_mart' retrieved from /opt/airflow/dags/create_mart_dag.py
[2026-05-20T05:43:16.178+0000] {logging_mixin.py:190} INFO - [2026-05-20T05:43:16.178+0000] {dag.py:3239} INFO - Sync 1 DAGs
[2026-05-20T05:43:16.197+0000] {logging_mixin.py:190} INFO - [2026-05-20T05:43:16.197+0000] {dag.py:4180} INFO - Setting next_dagrun for create_analytics_mart to 2026-05-20 02:00:00+00:00, run_after=2026-05-21 02:00:00+00:00
[2026-05-20T05:43:16.212+0000] {processor.py:208} INFO - Processing /opt/airflow/dags/create_mart_dag.py took 0.078 seconds
[2026-05-20T05:43:46.644+0000] {processor.py:186} INFO - Started process (PID=265) to work on /opt/airflow/dags/create_mart_dag.py
[2026-05-20T05:43:46.645+0000] {processor.py:914} INFO - Processing file /opt/airflow/dags/create_mart_dag.py for tasks to queue
[2026-05-20T05:43:46.647+0000] {logging_mixin.py:190} INFO - [2026-05-20T05:43:46.646+0000] {dagbag.py:588} INFO - Filling up the DagBag from /opt/airflow/dags/create_mart_dag.py
[2026-05-20T05:43:46.668+0000] {processor.py:925} INFO - DAG(s) 'create_analytics_mart' retrieved from /opt/airflow/dags/create_mart_dag.py
[2026-05-20T05:43:46.686+0000] {logging_mixin.py:190} INFO - [2026-05-20T05:43:46.686+0000] {dag.py:3239} INFO - Sync 1 DAGs
[2026-05-20T05:43:46.702+0000] {logging_mixin.py:190} INFO - [2026-05-20T05:43:46.702+0000] {dag.py:4180} INFO - Setting next_dagrun for create_analytics_mart to 2026-05-20 02:00:00+00:00, run_after=2026-05-21 02:00:00+00:00
[2026-05-20T05:43:46.715+0000] {processor.py:208} INFO - Processing /opt/airflow/dags/create_mart_dag.py took 0.075 seconds
[2026-05-20T05:44:17.182+0000] {processor.py:186} INFO - Started process (PID=281) to work on /opt/airflow/dags/create_mart_dag.py
[2026-05-20T05:44:17.182+0000] {processor.py:914} INFO - Processing file /opt/airflow/dags/create_mart_dag.py for tasks to queue
[2026-05-20T05:44:17.184+0000] {logging_mixin.py:190} INFO - [2026-05-20T05:44:17.184+0000] {dagbag.py:588} INFO - Filling up the DagBag from /opt/airflow/dags/create_mart_dag.py
[2026-05-20T05:44:17.204+0000] {processor.py:925} INFO - DAG(s) 'create_analytics_mart' retrieved from /opt/airflow/dags/create_mart_dag.py
[2026-05-20T05:44:17.222+0000] {logging_mixin.py:190} INFO - [2026-05-20T05:44:17.222+0000] {dag.py:3239} INFO - Sync 1 DAGs
[2026-05-20T05:44:17.242+0000] {logging_mixin.py:190} INFO - [2026-05-20T05:44:17.241+0000] {dag.py:4180} INFO - Setting next_dagrun for create_analytics_mart to 2026-05-20 02:00:00+00:00, run_after=2026-05-21 02:00:00+00:00
[2026-05-20T05:44:17.254+0000] {processor.py:208} INFO - Processing /opt/airflow/dags/create_mart_dag.py took 0.077 seconds
[2026-05-20T05:44:47.703+0000] {processor.py:186} INFO - Started process (PID=297) to work on /opt/airflow/dags/create_mart_dag.py
[2026-05-20T05:44:47.703+0000] {processor.py:914} INFO - Processing file /opt/airflow/dags/create_mart_dag.py for tasks to queue
[2026-05-20T05:44:47.706+0000] {logging_mixin.py:190} INFO - [2026-05-20T05:44:47.706+0000] {dagbag.py:588} INFO - Filling up the DagBag from /opt/airflow/dags/create_mart_dag.py
[2026-05-20T05:44:47.731+0000] {processor.py:925} INFO - DAG(s) 'create_analytics_mart' retrieved from /opt/airflow/dags/create_mart_dag.py
[2026-05-20T05:44:47.749+0000] {logging_mixin.py:190} INFO - [2026-05-20T05:44:47.749+0000] {dag.py:3239} INFO - Sync 1 DAGs
[2026-05-20T05:44:47.767+0000] {logging_mixin.py:190} INFO - [2026-05-20T05:44:47.767+0000] {dag.py:4180} INFO - Setting next_dagrun for create_analytics_mart to 2026-05-20 02:00:00+00:00, run_after=2026-05-21 02:00:00+00:00
[2026-05-20T05:44:47.779+0000] {processor.py:208} INFO - Processing /opt/airflow/dags/create_mart_dag.py took 0.081 seconds
[2026-05-20T05:45:18.227+0000] {processor.py:186} INFO - Started process (PID=313) to work on /opt/airflow/dags/create_mart_dag.py
[2026-05-20T05:45:18.228+0000] {processor.py:914} INFO - Processing file /opt/airflow/dags/create_mart_dag.py for tasks to queue
[2026-05-20T05:45:18.230+0000] {logging_mixin.py:190} INFO - [2026-05-20T05:45:18.230+0000] {dagbag.py:588} INFO - Filling up the DagBag from /opt/airflow/dags/create_mart_dag.py
[2026-05-20T05:45:18.249+0000] {processor.py:925} INFO - DAG(s) 'create_analytics_mart' retrieved from /opt/airflow/dags/create_mart_dag.py
[2026-05-20T05:45:18.267+0000] {logging_mixin.py:190} INFO - [2026-05-20T05:45:18.267+0000] {dag.py:3239} INFO - Sync 1 DAGs
[2026-05-20T05:45:18.284+0000] {logging_mixin.py:190} INFO - [2026-05-20T05:45:18.284+0000] {dag.py:4180} INFO - Setting next_dagrun for create_analytics_mart to 2026-05-20 02:00:00+00:00, run_after=2026-05-21 02:00:00+00:00
[2026-05-20T05:45:18.297+0000] {processor.py:208} INFO - Processing /opt/airflow/dags/create_mart_dag.py took 0.076 seconds
[2026-05-20T05:48:03.920+0000] {processor.py:186} INFO - Started process (PID=184) to work on /opt/airflow/dags/create_mart_dag.py
[2026-05-20T05:48:03.921+0000] {processor.py:914} INFO - Processing file /opt/airflow/dags/create_mart_dag.py for tasks to queue
[2026-05-20T05:48:03.923+0000] {logging_mixin.py:190} INFO - [2026-05-20T05:48:03.923+0000] {dagbag.py:588} INFO - Filling up the DagBag from /opt/airflow/dags/create_mart_dag.py
[2026-05-20T05:48:03.937+0000] {processor.py:925} INFO - DAG(s) 'create_analytics_mart' retrieved from /opt/airflow/dags/create_mart_dag.py
[2026-05-20T05:48:04.076+0000] {logging_mixin.py:190} INFO - [2026-05-20T05:48:04.075+0000] {override.py:1911} INFO - Created Permission View: can edit on DAG:create_analytics_mart
[2026-05-20T05:48:04.082+0000] {logging_mixin.py:190} INFO - [2026-05-20T05:48:04.082+0000] {override.py:1911} INFO - Created Permission View: can delete on DAG:create_analytics_mart
[2026-05-20T05:48:04.087+0000] {logging_mixin.py:190} INFO - [2026-05-20T05:48:04.087+0000] {override.py:1911} INFO - Created Permission View: can read on DAG:create_analytics_mart
[2026-05-20T05:48:04.093+0000] {logging_mixin.py:190} INFO - [2026-05-20T05:48:04.092+0000] {override.py:1911} INFO - Created Permission View: can create on DAG Run:create_analytics_mart
[2026-05-20T05:48:04.097+0000] {logging_mixin.py:190} INFO - [2026-05-20T05:48:04.097+0000] {override.py:1911} INFO - Created Permission View: can delete on DAG Run:create_analytics_mart
[2026-05-20T05:48:04.101+0000] {logging_mixin.py:190} INFO - [2026-05-20T05:48:04.101+0000] {override.py:1911} INFO - Created Permission View: can read on DAG Run:create_analytics_mart
[2026-05-20T05:48:04.105+0000] {logging_mixin.py:190} INFO - [2026-05-20T05:48:04.105+0000] {override.py:1911} INFO - Created Permission View: menu access on DAG Run:create_analytics_mart
[2026-05-20T05:48:04.106+0000] {logging_mixin.py:190} INFO - [2026-05-20T05:48:04.105+0000] {dag.py:3239} INFO - Sync 1 DAGs
[2026-05-20T05:48:04.115+0000] {logging_mixin.py:190} INFO - [2026-05-20T05:48:04.115+0000] {dag.py:3262} INFO - Creating ORM DAG for create_analytics_mart
[2026-05-20T05:48:04.123+0000] {logging_mixin.py:190} INFO - [2026-05-20T05:48:04.122+0000] {dag.py:4180} INFO - Setting next_dagrun for create_analytics_mart to 2026-05-19 02:00:00+00:00, run_after=2026-05-20 02:00:00+00:00
[2026-05-20T05:48:04.136+0000] {processor.py:208} INFO - Processing /opt/airflow/dags/create_mart_dag.py took 0.219 seconds
[2026-05-20T05:48:34.497+0000] {processor.py:186} INFO - Started process (PID=205) to work on /opt/airflow/dags/create_mart_dag.py
[2026-05-20T05:48:34.498+0000] {processor.py:914} INFO - Processing file /opt/airflow/dags/create_mart_dag.py for tasks to queue
[2026-05-20T05:48:34.499+0000] {logging_mixin.py:190} INFO - [2026-05-20T05:48:34.499+0000] {dagbag.py:588} INFO - Filling up the DagBag from /opt/airflow/dags/create_mart_dag.py
[2026-05-20T05:48:34.520+0000] {processor.py:925} INFO - DAG(s) 'create_analytics_mart' retrieved from /opt/airflow/dags/create_mart_dag.py
[2026-05-20T05:48:34.538+0000] {logging_mixin.py:190} INFO - [2026-05-20T05:48:34.538+0000] {dag.py:3239} INFO - Sync 1 DAGs
[2026-05-20T05:48:34.556+0000] {logging_mixin.py:190} INFO - [2026-05-20T05:48:34.556+0000] {dag.py:4180} INFO - Setting next_dagrun for create_analytics_mart to 2026-05-19 02:00:00+00:00, run_after=2026-05-20 02:00:00+00:00
[2026-05-20T05:48:34.569+0000] {processor.py:208} INFO - Processing /opt/airflow/dags/create_mart_dag.py took 0.076 seconds
[2026-05-20T05:49:05.214+0000] {processor.py:186} INFO - Started process (PID=226) to work on /opt/airflow/dags/create_mart_dag.py
[2026-05-20T05:49:05.215+0000] {processor.py:914} INFO - Processing file /opt/airflow/dags/create_mart_dag.py for tasks to queue
[2026-05-20T05:49:05.217+0000] {logging_mixin.py:190} INFO - [2026-05-20T05:49:05.217+0000] {dagbag.py:588} INFO - Filling up the DagBag from /opt/airflow/dags/create_mart_dag.py
[2026-05-20T05:49:05.240+0000] {processor.py:925} INFO - DAG(s) 'create_analytics_mart' retrieved from /opt/airflow/dags/create_mart_dag.py
[2026-05-20T05:49:05.258+0000] {logging_mixin.py:190} INFO - [2026-05-20T05:49:05.258+0000] {dag.py:3239} INFO - Sync 1 DAGs
[2026-05-20T05:49:05.276+0000] {logging_mixin.py:190} INFO - [2026-05-20T05:49:05.275+0000] {dag.py:4180} INFO - Setting next_dagrun for create_analytics_mart to 2026-05-19 02:00:00+00:00, run_after=2026-05-20 02:00:00+00:00
[2026-05-20T05:49:05.291+0000] {processor.py:208} INFO - Processing /opt/airflow/dags/create_mart_dag.py took 0.081 seconds
[2026-05-20T05:49:35.966+0000] {processor.py:186} INFO - Started process (PID=247) to work on /opt/airflow/dags/create_mart_dag.py
[2026-05-20T05:49:35.966+0000] {processor.py:914} INFO - Processing file /opt/airflow/dags/create_mart_dag.py for tasks to queue
[2026-05-20T05:49:35.968+0000] {logging_mixin.py:190} INFO - [2026-05-20T05:49:35.968+0000] {dagbag.py:588} INFO - Filling up the DagBag from /opt/airflow/dags/create_mart_dag.py
[2026-05-20T05:49:35.988+0000] {processor.py:925} INFO - DAG(s) 'create_analytics_mart' retrieved from /opt/airflow/dags/create_mart_dag.py
[2026-05-20T05:49:36.006+0000] {logging_mixin.py:190} INFO - [2026-05-20T05:49:36.005+0000] {dag.py:3239} INFO - Sync 1 DAGs
[2026-05-20T05:49:36.023+0000] {logging_mixin.py:190} INFO - [2026-05-20T05:49:36.023+0000] {dag.py:4180} INFO - Setting next_dagrun for create_analytics_mart to 2026-05-19 02:00:00+00:00, run_after=2026-05-20 02:00:00+00:00
[2026-05-20T05:49:36.036+0000] {processor.py:208} INFO - Processing /opt/airflow/dags/create_mart_dag.py took 0.075 seconds
[2026-05-20T05:50:06.485+0000] {processor.py:186} INFO - Started process (PID=274) to work on /opt/airflow/dags/create_mart_dag.py
[2026-05-20T05:50:06.486+0000] {processor.py:914} INFO - Processing file /opt/airflow/dags/create_mart_dag.py for tasks to queue
[2026-05-20T05:50:06.488+0000] {logging_mixin.py:190} INFO - [2026-05-20T05:50:06.487+0000] {dagbag.py:588} INFO - Filling up the DagBag from /opt/airflow/dags/create_mart_dag.py
[2026-05-20T05:50:06.510+0000] {processor.py:925} INFO - DAG(s) 'create_analytics_mart' retrieved from /opt/airflow/dags/create_mart_dag.py
[2026-05-20T05:50:06.530+0000] {logging_mixin.py:190} INFO - [2026-05-20T05:50:06.529+0000] {dag.py:3239} INFO - Sync 1 DAGs
[2026-05-20T05:50:06.547+0000] {logging_mixin.py:190} INFO - [2026-05-20T05:50:06.547+0000] {dag.py:4180} INFO - Setting next_dagrun for create_analytics_mart to 2026-05-19 02:00:00+00:00, run_after=2026-05-20 02:00:00+00:00
[2026-05-20T05:50:06.561+0000] {processor.py:208} INFO - Processing /opt/airflow/dags/create_mart_dag.py took 0.080 seconds
[2026-05-20T05:50:37.008+0000] {processor.py:186} INFO - Started process (PID=299) to work on /opt/airflow/dags/create_mart_dag.py
[2026-05-20T05:50:37.009+0000] {processor.py:914} INFO - Processing file /opt/airflow/dags/create_mart_dag.py for tasks to queue
[2026-05-20T05:50:37.011+0000] {logging_mixin.py:190} INFO - [2026-05-20T05:50:37.010+0000] {dagbag.py:588} INFO - Filling up the DagBag from /opt/airflow/dags/create_mart_dag.py
[2026-05-20T05:50:37.030+0000] {processor.py:925} INFO - DAG(s) 'create_analytics_mart' retrieved from /opt/airflow/dags/create_mart_dag.py
[2026-05-20T05:50:37.049+0000] {logging_mixin.py:190} INFO - [2026-05-20T05:50:37.049+0000] {dag.py:3239} INFO - Sync 1 DAGs
[2026-05-20T05:50:37.067+0000] {logging_mixin.py:190} INFO - [2026-05-20T05:50:37.066+0000] {dag.py:4180} INFO - Setting next_dagrun for create_analytics_mart to 2026-05-19 02:00:00+00:00, run_after=2026-05-20 02:00:00+00:00
[2026-05-20T05:50:37.079+0000] {processor.py:208} INFO - Processing /opt/airflow/dags/create_mart_dag.py took 0.075 seconds
[2026-05-20T05:51:07.605+0000] {processor.py:186} INFO - Started process (PID=320) to work on /opt/airflow/dags/create_mart_dag.py
[2026-05-20T05:51:07.605+0000] {processor.py:914} INFO - Processing file /opt/airflow/dags/create_mart_dag.py for tasks to queue
[2026-05-20T05:51:07.607+0000] {logging_mixin.py:190} INFO - [2026-05-20T05:51:07.607+0000] {dagbag.py:588} INFO - Filling up the DagBag from /opt/airflow/dags/create_mart_dag.py
[2026-05-20T05:51:07.625+0000] {processor.py:925} INFO - DAG(s) 'create_analytics_mart' retrieved from /opt/airflow/dags/create_mart_dag.py
[2026-05-20T05:51:07.644+0000] {logging_mixin.py:190} INFO - [2026-05-20T05:51:07.644+0000] {dag.py:3239} INFO - Sync 1 DAGs
[2026-05-20T05:51:07.663+0000] {logging_mixin.py:190} INFO - [2026-05-20T05:51:07.663+0000] {dag.py:4180} INFO - Setting next_dagrun for create_analytics_mart to 2026-05-19 02:00:00+00:00, run_after=2026-05-20 02:00:00+00:00
[2026-05-20T05:51:07.677+0000] {processor.py:208} INFO - Processing /opt/airflow/dags/create_mart_dag.py took 0.076 seconds
[2026-05-20T05:51:38.340+0000] {processor.py:186} INFO - Started process (PID=341) to work on /opt/airflow/dags/create_mart_dag.py
[2026-05-20T05:51:38.341+0000] {processor.py:914} INFO - Processing file /opt/airflow/dags/create_mart_dag.py for tasks to queue
[2026-05-20T05:51:38.343+0000] {logging_mixin.py:190} INFO - [2026-05-20T05:51:38.343+0000] {dagbag.py:588} INFO - Filling up the DagBag from /opt/airflow/dags/create_mart_dag.py
[2026-05-20T05:51:38.364+0000] {processor.py:925} INFO - DAG(s) 'create_analytics_mart' retrieved from /opt/airflow/dags/create_mart_dag.py
[2026-05-20T05:51:38.384+0000] {logging_mixin.py:190} INFO - [2026-05-20T05:51:38.384+0000] {dag.py:3239} INFO - Sync 1 DAGs
[2026-05-20T05:51:38.402+0000] {logging_mixin.py:190} INFO - [2026-05-20T05:51:38.401+0000] {dag.py:4180} INFO - Setting next_dagrun for create_analytics_mart to 2026-05-19 02:00:00+00:00, run_after=2026-05-20 02:00:00+00:00
[2026-05-20T05:51:38.416+0000] {processor.py:208} INFO - Processing /opt/airflow/dags/create_mart_dag.py took 0.080 seconds
[2026-05-20T05:52:08.932+0000] {processor.py:186} INFO - Started process (PID=362) to work on /opt/airflow/dags/create_mart_dag.py
[2026-05-20T05:52:08.933+0000] {processor.py:914} INFO - Processing file /opt/airflow/dags/create_mart_dag.py for tasks to queue
[2026-05-20T05:52:08.935+0000] {logging_mixin.py:190} INFO - [2026-05-20T05:52:08.934+0000] {dagbag.py:588} INFO - Filling up the DagBag from /opt/airflow/dags/create_mart_dag.py
[2026-05-20T05:52:08.955+0000] {processor.py:925} INFO - DAG(s) 'create_analytics_mart' retrieved from /opt/airflow/dags/create_mart_dag.py
[2026-05-20T05:52:08.973+0000] {logging_mixin.py:190} INFO - [2026-05-20T05:52:08.972+0000] {dag.py:3239} INFO - Sync 1 DAGs
[2026-05-20T05:52:08.989+0000] {logging_mixin.py:190} INFO - [2026-05-20T05:52:08.989+0000] {dag.py:4180} INFO - Setting next_dagrun for create_analytics_mart to 2026-05-19 02:00:00+00:00, run_after=2026-05-20 02:00:00+00:00
[2026-05-20T05:52:09.001+0000] {processor.py:208} INFO - Processing /opt/airflow/dags/create_mart_dag.py took 0.073 seconds
[2026-05-20T05:52:39.607+0000] {processor.py:186} INFO - Started process (PID=384) to work on /opt/airflow/dags/create_mart_dag.py
[2026-05-20T05:52:39.608+0000] {processor.py:914} INFO - Processing file /opt/airflow/dags/create_mart_dag.py for tasks to queue
[2026-05-20T05:52:39.610+0000] {logging_mixin.py:190} INFO - [2026-05-20T05:52:39.610+0000] {dagbag.py:588} INFO - Filling up the DagBag from /opt/airflow/dags/create_mart_dag.py
[2026-05-20T05:52:39.634+0000] {processor.py:925} INFO - DAG(s) 'create_analytics_mart' retrieved from /opt/airflow/dags/create_mart_dag.py
[2026-05-20T05:52:39.654+0000] {logging_mixin.py:190} INFO - [2026-05-20T05:52:39.654+0000] {dag.py:3239} INFO - Sync 1 DAGs
[2026-05-20T05:52:39.671+0000] {logging_mixin.py:190} INFO - [2026-05-20T05:52:39.671+0000] {dag.py:4180} INFO - Setting next_dagrun for create_analytics_mart to 2026-05-19 02:00:00+00:00, run_after=2026-05-20 02:00:00+00:00
[2026-05-20T05:52:39.685+0000] {processor.py:208} INFO - Processing /opt/airflow/dags/create_mart_dag.py took 0.082 seconds
[2026-05-20T05:53:10.296+0000] {processor.py:186} INFO - Started process (PID=405) to work on /opt/airflow/dags/create_mart_dag.py
[2026-05-20T05:53:10.297+0000] {processor.py:914} INFO - Processing file /opt/airflow/dags/create_mart_dag.py for tasks to queue
[2026-05-20T05:53:10.299+0000] {logging_mixin.py:190} INFO - [2026-05-20T05:53:10.299+0000] {dagbag.py:588} INFO - Filling up the DagBag from /opt/airflow/dags/create_mart_dag.py
[2026-05-20T05:53:10.321+0000] {processor.py:925} INFO - DAG(s) 'create_analytics_mart' retrieved from /opt/airflow/dags/create_mart_dag.py
[2026-05-20T05:53:10.340+0000] {logging_mixin.py:190} INFO - [2026-05-20T05:53:10.340+0000] {dag.py:3239} INFO - Sync 1 DAGs
[2026-05-20T05:53:10.360+0000] {logging_mixin.py:190} INFO - [2026-05-20T05:53:10.360+0000] {dag.py:4180} INFO - Setting next_dagrun for create_analytics_mart to 2026-05-19 02:00:00+00:00, run_after=2026-05-20 02:00:00+00:00
[2026-05-20T05:53:10.375+0000] {processor.py:208} INFO - Processing /opt/airflow/dags/create_mart_dag.py took 0.084 seconds
[2026-05-20T05:53:40.828+0000] {processor.py:186} INFO - Started process (PID=426) to work on /opt/airflow/dags/create_mart_dag.py
[2026-05-20T05:53:40.829+0000] {processor.py:914} INFO - Processing file /opt/airflow/dags/create_mart_dag.py for tasks to queue
[2026-05-20T05:53:40.831+0000] {logging_mixin.py:190} INFO - [2026-05-20T05:53:40.830+0000] {dagbag.py:588} INFO - Filling up the DagBag from /opt/airflow/dags/create_mart_dag.py
[2026-05-20T05:53:40.852+0000] {processor.py:925} INFO - DAG(s) 'create_analytics_mart' retrieved from /opt/airflow/dags/create_mart_dag.py
[2026-05-20T05:53:40.871+0000] {logging_mixin.py:190} INFO - [2026-05-20T05:53:40.871+0000] {dag.py:3239} INFO - Sync 1 DAGs
[2026-05-20T05:53:40.890+0000] {logging_mixin.py:190} INFO - [2026-05-20T05:53:40.890+0000] {dag.py:4180} INFO - Setting next_dagrun for create_analytics_mart to 2026-05-19 02:00:00+00:00, run_after=2026-05-20 02:00:00+00:00
[2026-05-20T05:53:40.904+0000] {processor.py:208} INFO - Processing /opt/airflow/dags/create_mart_dag.py took 0.081 seconds
[2026-05-20T05:54:11.538+0000] {processor.py:186} INFO - Started process (PID=448) to work on /opt/airflow/dags/create_mart_dag.py
[2026-05-20T05:54:11.539+0000] {processor.py:914} INFO - Processing file /opt/airflow/dags/create_mart_dag.py for tasks to queue
[2026-05-20T05:54:11.541+0000] {logging_mixin.py:190} INFO - [2026-05-20T05:54:11.541+0000] {dagbag.py:588} INFO - Filling up the DagBag from /opt/airflow/dags/create_mart_dag.py
[2026-05-20T05:54:11.562+0000] {processor.py:925} INFO - DAG(s) 'create_analytics_mart' retrieved from /opt/airflow/dags/create_mart_dag.py
[2026-05-20T05:54:11.580+0000] {logging_mixin.py:190} INFO - [2026-05-20T05:54:11.579+0000] {dag.py:3239} INFO - Sync 1 DAGs
[2026-05-20T05:54:11.596+0000] {logging_mixin.py:190} INFO - [2026-05-20T05:54:11.596+0000] {dag.py:4180} INFO - Setting next_dagrun for create_analytics_mart to 2026-05-19 02:00:00+00:00, run_after=2026-05-20 02:00:00+00:00
[2026-05-20T05:54:11.609+0000] {processor.py:208} INFO - Processing /opt/airflow/dags/create_mart_dag.py took 0.075 seconds
[2026-05-20T05:54:42.129+0000] {processor.py:186} INFO - Started process (PID=469) to work on /opt/airflow/dags/create_mart_dag.py
[2026-05-20T05:54:42.130+0000] {processor.py:914} INFO - Processing file /opt/airflow/dags/create_mart_dag.py for tasks to queue
[2026-05-20T05:54:42.132+0000] {logging_mixin.py:190} INFO - [2026-05-20T05:54:42.131+0000] {dagbag.py:588} INFO - Filling up the DagBag from /opt/airflow/dags/create_mart_dag.py
[2026-05-20T05:54:42.151+0000] {processor.py:925} INFO - DAG(s) 'create_analytics_mart' retrieved from /opt/airflow/dags/create_mart_dag.py
[2026-05-20T05:54:42.169+0000] {logging_mixin.py:190} INFO - [2026-05-20T05:54:42.169+0000] {dag.py:3239} INFO - Sync 1 DAGs
[2026-05-20T05:54:42.186+0000] {logging_mixin.py:190} INFO - [2026-05-20T05:54:42.186+0000] {dag.py:4180} INFO - Setting next_dagrun for create_analytics_mart to 2026-05-19 02:00:00+00:00, run_after=2026-05-20 02:00:00+00:00
[2026-05-20T05:54:42.199+0000] {processor.py:208} INFO - Processing /opt/airflow/dags/create_mart_dag.py took 0.074 seconds
[2026-05-20T05:55:12.711+0000] {processor.py:186} INFO - Started process (PID=490) to work on /opt/airflow/dags/create_mart_dag.py
[2026-05-20T05:55:12.712+0000] {processor.py:914} INFO - Processing file /opt/airflow/dags/create_mart_dag.py for tasks to queue
[2026-05-20T05:55:12.713+0000] {logging_mixin.py:190} INFO - [2026-05-20T05:55:12.713+0000] {dagbag.py:588} INFO - Filling up the DagBag from /opt/airflow/dags/create_mart_dag.py
[2026-05-20T05:55:12.730+0000] {processor.py:925} INFO - DAG(s) 'create_analytics_mart' retrieved from /opt/airflow/dags/create_mart_dag.py
[2026-05-20T05:55:12.748+0000] {logging_mixin.py:190} INFO - [2026-05-20T05:55:12.748+0000] {dag.py:3239} INFO - Sync 1 DAGs
[2026-05-20T05:55:12.766+0000] {logging_mixin.py:190} INFO - [2026-05-20T05:55:12.766+0000] {dag.py:4180} INFO - Setting next_dagrun for create_analytics_mart to 2026-05-19 02:00:00+00:00, run_after=2026-05-20 02:00:00+00:00
[2026-05-20T05:55:12.778+0000] {processor.py:208} INFO - Processing /opt/airflow/dags/create_mart_dag.py took 0.072 seconds
[2026-05-20T05:55:43.347+0000] {processor.py:186} INFO - Started process (PID=511) to work on /opt/airflow/dags/create_mart_dag.py
[2026-05-20T05:55:43.348+0000] {processor.py:914} INFO - Processing file /opt/airflow/dags/create_mart_dag.py for tasks to queue
[2026-05-20T05:55:43.350+0000] {logging_mixin.py:190} INFO - [2026-05-20T05:55:43.350+0000] {dagbag.py:588} INFO - Filling up the DagBag from /opt/airflow/dags/create_mart_dag.py
[2026-05-20T05:55:43.374+0000] {processor.py:925} INFO - DAG(s) 'create_analytics_mart' retrieved from /opt/airflow/dags/create_mart_dag.py
[2026-05-20T05:55:43.392+0000] {logging_mixin.py:190} INFO - [2026-05-20T05:55:43.392+0000] {dag.py:3239} INFO - Sync 1 DAGs
[2026-05-20T05:55:43.409+0000] {logging_mixin.py:190} INFO - [2026-05-20T05:55:43.409+0000] {dag.py:4180} INFO - Setting next_dagrun for create_analytics_mart to 2026-05-19 02:00:00+00:00, run_after=2026-05-20 02:00:00+00:00
[2026-05-20T05:55:43.423+0000] {processor.py:208} INFO - Processing /opt/airflow/dags/create_mart_dag.py took 0.080 seconds
[2026-05-20T05:56:13.945+0000] {processor.py:186} INFO - Started process (PID=532) to work on /opt/airflow/dags/create_mart_dag.py
[2026-05-20T05:56:13.946+0000] {processor.py:914} INFO - Processing file /opt/airflow/dags/create_mart_dag.py for tasks to queue
[2026-05-20T05:56:13.948+0000] {logging_mixin.py:190} INFO - [2026-05-20T05:56:13.947+0000] {dagbag.py:588} INFO - Filling up the DagBag from /opt/airflow/dags/create_mart_dag.py
[2026-05-20T05:56:13.967+0000] {processor.py:925} INFO - DAG(s) 'create_analytics_mart' retrieved from /opt/airflow/dags/create_mart_dag.py
[2026-05-20T05:56:13.985+0000] {logging_mixin.py:190} INFO - [2026-05-20T05:56:13.985+0000] {dag.py:3239} INFO - Sync 1 DAGs
[2026-05-20T05:56:14.001+0000] {logging_mixin.py:190} INFO - [2026-05-20T05:56:14.001+0000] {dag.py:4180} INFO - Setting next_dagrun for create_analytics_mart to 2026-05-19 02:00:00+00:00, run_after=2026-05-20 02:00:00+00:00
[2026-05-20T05:56:14.015+0000] {processor.py:208} INFO - Processing /opt/airflow/dags/create_mart_dag.py took 0.074 seconds
[2026-05-20T05:56:44.470+0000] {processor.py:186} INFO - Started process (PID=553) to work on /opt/airflow/dags/create_mart_dag.py
[2026-05-20T05:56:44.471+0000] {processor.py:914} INFO - Processing file /opt/airflow/dags/create_mart_dag.py for tasks to queue
[2026-05-20T05:56:44.473+0000] {logging_mixin.py:190} INFO - [2026-05-20T05:56:44.473+0000] {dagbag.py:588} INFO - Filling up the DagBag from /opt/airflow/dags/create_mart_dag.py
[2026-05-20T05:56:44.493+0000] {processor.py:925} INFO - DAG(s) 'create_analytics_mart' retrieved from /opt/airflow/dags/create_mart_dag.py
[2026-05-20T05:56:44.511+0000] {logging_mixin.py:190} INFO - [2026-05-20T05:56:44.511+0000] {dag.py:3239} INFO - Sync 1 DAGs
[2026-05-20T05:56:44.527+0000] {logging_mixin.py:190} INFO - [2026-05-20T05:56:44.527+0000] {dag.py:4180} INFO - Setting next_dagrun for create_analytics_mart to 2026-05-19 02:00:00+00:00, run_after=2026-05-20 02:00:00+00:00
[2026-05-20T05:56:44.539+0000] {processor.py:208} INFO - Processing /opt/airflow/dags/create_mart_dag.py took 0.073 seconds
