[2026-05-20T05:34:09.445+0000] {local_task_job_runner.py:123} INFO - ::group::Pre task execution logs
[2026-05-20T05:34:09.458+0000] {taskinstance.py:2613} INFO - Dependencies all met for dep_context=non-requeueable deps ti=<TaskInstance: create_analytics_mart.create_student_mart scheduled__2026-05-19T02:00:00+00:00 [queued]>
[2026-05-20T05:34:09.463+0000] {taskinstance.py:2613} INFO - Dependencies all met for dep_context=requeueable deps ti=<TaskInstance: create_analytics_mart.create_student_mart scheduled__2026-05-19T02:00:00+00:00 [queued]>
[2026-05-20T05:34:09.464+0000] {taskinstance.py:2866} INFO - Starting attempt 1 of 2
[2026-05-20T05:34:09.472+0000] {taskinstance.py:2889} INFO - Executing <Task(PythonOperator): create_student_mart> on 2026-05-19 02:00:00+00:00
[2026-05-20T05:34:09.477+0000] {standard_task_runner.py:104} INFO - Running: ['***', 'tasks', 'run', 'create_analytics_mart', 'create_student_mart', 'scheduled__2026-05-19T02:00:00+00:00', '--job-id', '8', '--raw', '--subdir', 'DAGS_FOLDER/create_mart_dag.py', '--cfg-path', '/tmp/tmptg4ycjdh']
[2026-05-20T05:34:09.479+0000] {logging_mixin.py:190} WARNING - /home/***/.local/lib/python3.12/site-packages/***/task/task_runner/standard_task_runner.py:70 DeprecationWarning: This process (pid=375) is multi-threaded, use of fork() may lead to deadlocks in the child.
[2026-05-20T05:34:09.479+0000] {standard_task_runner.py:105} INFO - Job 8: Subtask create_student_mart
[2026-05-20T05:34:09.480+0000] {standard_task_runner.py:72} INFO - Started process 376 to run task
[2026-05-20T05:34:09.512+0000] {task_command.py:467} INFO - Running <TaskInstance: create_analytics_mart.create_student_mart scheduled__2026-05-19T02:00:00+00:00 [running]> on host 948565da22e8
[2026-05-20T05:34:09.564+0000] {taskinstance.py:3132} INFO - Exporting env vars: AIRFLOW_CTX_DAG_OWNER='***' AIRFLOW_CTX_DAG_ID='create_analytics_mart' AIRFLOW_CTX_TASK_ID='create_student_mart' AIRFLOW_CTX_EXECUTION_DATE='2026-05-19T02:00:00+00:00' AIRFLOW_CTX_TRY_NUMBER='1' AIRFLOW_CTX_DAG_RUN_ID='scheduled__2026-05-19T02:00:00+00:00'
[2026-05-20T05:34:09.565+0000] {taskinstance.py:731} INFO - ::endgroup::
[2026-05-20T05:34:09.575+0000] {logging_mixin.py:190} INFO - Подключение к host.docker.internal:5433 ...
[2026-05-20T05:34:09.991+0000] {logging_mixin.py:190} INFO - Витрина обновлена. Записей: 272
[2026-05-20T05:34:09.991+0000] {logging_mixin.py:190} INFO - Витрина успешно создана/обновлена.
[2026-05-20T05:34:09.993+0000] {python.py:240} INFO - Done. Returned value was: None
[2026-05-20T05:34:09.999+0000] {taskinstance.py:340} INFO - ::group::Post task execution logs
[2026-05-20T05:34:09.999+0000] {taskinstance.py:352} INFO - Marking task as SUCCESS. dag_id=create_analytics_mart, task_id=create_student_mart, run_id=scheduled__2026-05-19T02:00:00+00:00, execution_date=20260519T020000, start_date=20260520T053409, end_date=20260520T053409
[2026-05-20T05:34:10.015+0000] {local_task_job_runner.py:266} INFO - Task exited with return code 0
[2026-05-20T05:34:10.026+0000] {taskinstance.py:3895} INFO - 0 downstream tasks scheduled from follow-on schedule check
[2026-05-20T05:34:10.027+0000] {local_task_job_runner.py:245} INFO - ::endgroup::
[2026-05-20T05:42:44.004+0000] {local_task_job_runner.py:123} INFO - ::group::Pre task execution logs
[2026-05-20T05:42:44.015+0000] {taskinstance.py:2613} INFO - Dependencies all met for dep_context=non-requeueable deps ti=<TaskInstance: create_analytics_mart.create_student_mart scheduled__2026-05-19T02:00:00+00:00 [queued]>
[2026-05-20T05:42:44.020+0000] {taskinstance.py:2613} INFO - Dependencies all met for dep_context=requeueable deps ti=<TaskInstance: create_analytics_mart.create_student_mart scheduled__2026-05-19T02:00:00+00:00 [queued]>
[2026-05-20T05:42:44.021+0000] {taskinstance.py:2866} INFO - Starting attempt 1 of 2
[2026-05-20T05:42:44.030+0000] {taskinstance.py:2889} INFO - Executing <Task(PythonOperator): create_student_mart> on 2026-05-19 02:00:00+00:00
[2026-05-20T05:42:44.035+0000] {standard_task_runner.py:104} INFO - Running: ['***', 'tasks', 'run', 'create_analytics_mart', 'create_student_mart', 'scheduled__2026-05-19T02:00:00+00:00', '--job-id', '2', '--raw', '--subdir', 'DAGS_FOLDER/create_mart_dag.py', '--cfg-path', '/tmp/tmp2yzfqq31']
[2026-05-20T05:42:44.038+0000] {standard_task_runner.py:105} INFO - Job 2: Subtask create_student_mart
[2026-05-20T05:42:44.037+0000] {logging_mixin.py:190} WARNING - /home/***/.local/lib/python3.12/site-packages/***/task/task_runner/standard_task_runner.py:70 DeprecationWarning: This process (pid=224) is multi-threaded, use of fork() may lead to deadlocks in the child.
[2026-05-20T05:42:44.038+0000] {standard_task_runner.py:72} INFO - Started process 225 to run task
[2026-05-20T05:42:44.071+0000] {task_command.py:467} INFO - Running <TaskInstance: create_analytics_mart.create_student_mart scheduled__2026-05-19T02:00:00+00:00 [running]> on host 5fbad3f6f6a0
[2026-05-20T05:42:44.132+0000] {taskinstance.py:3132} INFO - Exporting env vars: AIRFLOW_CTX_DAG_OWNER='***' AIRFLOW_CTX_DAG_ID='create_analytics_mart' AIRFLOW_CTX_TASK_ID='create_student_mart' AIRFLOW_CTX_EXECUTION_DATE='2026-05-19T02:00:00+00:00' AIRFLOW_CTX_TRY_NUMBER='1' AIRFLOW_CTX_DAG_RUN_ID='scheduled__2026-05-19T02:00:00+00:00'
[2026-05-20T05:42:44.133+0000] {taskinstance.py:731} INFO - ::endgroup::
[2026-05-20T05:42:44.160+0000] {logging_mixin.py:190} INFO - Подключение к host.docker.internal:5433 ...
[2026-05-20T05:42:44.499+0000] {logging_mixin.py:190} INFO - Витрина обновлена. Записей: 272
[2026-05-20T05:42:44.499+0000] {logging_mixin.py:190} INFO - Витрина успешно создана/обновлена.
[2026-05-20T05:42:44.501+0000] {python.py:240} INFO - Done. Returned value was: None
[2026-05-20T05:42:44.507+0000] {taskinstance.py:340} INFO - ::group::Post task execution logs
[2026-05-20T05:42:44.508+0000] {taskinstance.py:352} INFO - Marking task as SUCCESS. dag_id=create_analytics_mart, task_id=create_student_mart, run_id=scheduled__2026-05-19T02:00:00+00:00, execution_date=20260519T020000, start_date=20260520T054244, end_date=20260520T054244
[2026-05-20T05:42:44.654+0000] {local_task_job_runner.py:266} INFO - Task exited with return code 0
[2026-05-20T05:42:44.668+0000] {taskinstance.py:3895} INFO - 0 downstream tasks scheduled from follow-on schedule check
[2026-05-20T05:42:44.671+0000] {local_task_job_runner.py:245} INFO - ::endgroup::
