[2026-05-20T05:29:41.792+0000] {processor.py:186} INFO - Started process (PID=180) to work on /opt/airflow/dags/scripts/build_mart_performance.py
[2026-05-20T05:29:41.793+0000] {processor.py:914} INFO - Processing file /opt/airflow/dags/scripts/build_mart_performance.py for tasks to queue
[2026-05-20T05:29:41.795+0000] {logging_mixin.py:190} INFO - [2026-05-20T05:29:41.795+0000] {dagbag.py:588} INFO - Filling up the DagBag from /opt/airflow/dags/scripts/build_mart_performance.py
[2026-05-20T05:29:41.806+0000] {processor.py:927} WARNING - No viable dags retrieved from /opt/airflow/dags/scripts/build_mart_performance.py
[2026-05-20T05:29:41.818+0000] {processor.py:208} INFO - Processing /opt/airflow/dags/scripts/build_mart_performance.py took 0.030 seconds
[2026-05-20T05:30:12.300+0000] {processor.py:186} INFO - Started process (PID=204) to work on /opt/airflow/dags/scripts/build_mart_performance.py
[2026-05-20T05:30:12.301+0000] {processor.py:914} INFO - Processing file /opt/airflow/dags/scripts/build_mart_performance.py for tasks to queue
[2026-05-20T05:30:12.303+0000] {logging_mixin.py:190} INFO - [2026-05-20T05:30:12.302+0000] {dagbag.py:588} INFO - Filling up the DagBag from /opt/airflow/dags/scripts/build_mart_performance.py
[2026-05-20T05:30:12.315+0000] {processor.py:927} WARNING - No viable dags retrieved from /opt/airflow/dags/scripts/build_mart_performance.py
[2026-05-20T05:30:12.326+0000] {processor.py:208} INFO - Processing /opt/airflow/dags/scripts/build_mart_performance.py took 0.031 seconds
[2026-05-20T05:30:42.876+0000] {processor.py:186} INFO - Started process (PID=225) to work on /opt/airflow/dags/scripts/build_mart_performance.py
[2026-05-20T05:30:42.877+0000] {processor.py:914} INFO - Processing file /opt/airflow/dags/scripts/build_mart_performance.py for tasks to queue
[2026-05-20T05:30:42.879+0000] {logging_mixin.py:190} INFO - [2026-05-20T05:30:42.879+0000] {dagbag.py:588} INFO - Filling up the DagBag from /opt/airflow/dags/scripts/build_mart_performance.py
[2026-05-20T05:30:42.891+0000] {processor.py:927} WARNING - No viable dags retrieved from /opt/airflow/dags/scripts/build_mart_performance.py
[2026-05-20T05:30:42.903+0000] {processor.py:208} INFO - Processing /opt/airflow/dags/scripts/build_mart_performance.py took 0.033 seconds
[2026-05-20T05:31:13.544+0000] {processor.py:186} INFO - Started process (PID=246) to work on /opt/airflow/dags/scripts/build_mart_performance.py
[2026-05-20T05:31:13.545+0000] {processor.py:914} INFO - Processing file /opt/airflow/dags/scripts/build_mart_performance.py for tasks to queue
[2026-05-20T05:31:13.547+0000] {logging_mixin.py:190} INFO - [2026-05-20T05:31:13.547+0000] {dagbag.py:588} INFO - Filling up the DagBag from /opt/airflow/dags/scripts/build_mart_performance.py
[2026-05-20T05:31:13.555+0000] {processor.py:927} WARNING - No viable dags retrieved from /opt/airflow/dags/scripts/build_mart_performance.py
[2026-05-20T05:31:13.566+0000] {processor.py:208} INFO - Processing /opt/airflow/dags/scripts/build_mart_performance.py took 0.027 seconds
[2026-05-20T05:31:43.986+0000] {processor.py:186} INFO - Started process (PID=267) to work on /opt/airflow/dags/scripts/build_mart_performance.py
[2026-05-20T05:31:43.987+0000] {processor.py:914} INFO - Processing file /opt/airflow/dags/scripts/build_mart_performance.py for tasks to queue
[2026-05-20T05:31:43.991+0000] {logging_mixin.py:190} INFO - [2026-05-20T05:31:43.990+0000] {dagbag.py:588} INFO - Filling up the DagBag from /opt/airflow/dags/scripts/build_mart_performance.py
[2026-05-20T05:31:44.002+0000] {processor.py:927} WARNING - No viable dags retrieved from /opt/airflow/dags/scripts/build_mart_performance.py
[2026-05-20T05:31:44.013+0000] {processor.py:208} INFO - Processing /opt/airflow/dags/scripts/build_mart_performance.py took 0.033 seconds
[2026-05-20T05:32:14.534+0000] {processor.py:186} INFO - Started process (PID=291) to work on /opt/airflow/dags/scripts/build_mart_performance.py
[2026-05-20T05:32:14.535+0000] {processor.py:914} INFO - Processing file /opt/airflow/dags/scripts/build_mart_performance.py for tasks to queue
[2026-05-20T05:32:14.538+0000] {logging_mixin.py:190} INFO - [2026-05-20T05:32:14.537+0000] {dagbag.py:588} INFO - Filling up the DagBag from /opt/airflow/dags/scripts/build_mart_performance.py
[2026-05-20T05:32:14.547+0000] {processor.py:927} WARNING - No viable dags retrieved from /opt/airflow/dags/scripts/build_mart_performance.py
[2026-05-20T05:32:14.557+0000] {processor.py:208} INFO - Processing /opt/airflow/dags/scripts/build_mart_performance.py took 0.029 seconds
[2026-05-20T05:32:45.150+0000] {processor.py:186} INFO - Started process (PID=312) to work on /opt/airflow/dags/scripts/build_mart_performance.py
[2026-05-20T05:32:45.150+0000] {processor.py:914} INFO - Processing file /opt/airflow/dags/scripts/build_mart_performance.py for tasks to queue
[2026-05-20T05:32:45.152+0000] {logging_mixin.py:190} INFO - [2026-05-20T05:32:45.152+0000] {dagbag.py:588} INFO - Filling up the DagBag from /opt/airflow/dags/scripts/build_mart_performance.py
[2026-05-20T05:32:45.161+0000] {processor.py:927} WARNING - No viable dags retrieved from /opt/airflow/dags/scripts/build_mart_performance.py
[2026-05-20T05:32:45.171+0000] {processor.py:208} INFO - Processing /opt/airflow/dags/scripts/build_mart_performance.py took 0.025 seconds
[2026-05-20T05:33:15.614+0000] {processor.py:186} INFO - Started process (PID=333) to work on /opt/airflow/dags/scripts/build_mart_performance.py
[2026-05-20T05:33:15.615+0000] {processor.py:914} INFO - Processing file /opt/airflow/dags/scripts/build_mart_performance.py for tasks to queue
[2026-05-20T05:33:15.618+0000] {logging_mixin.py:190} INFO - [2026-05-20T05:33:15.618+0000] {dagbag.py:588} INFO - Filling up the DagBag from /opt/airflow/dags/scripts/build_mart_performance.py
[2026-05-20T05:33:15.626+0000] {processor.py:927} WARNING - No viable dags retrieved from /opt/airflow/dags/scripts/build_mart_performance.py
[2026-05-20T05:33:15.636+0000] {processor.py:208} INFO - Processing /opt/airflow/dags/scripts/build_mart_performance.py took 0.028 seconds
[2026-05-20T05:33:46.136+0000] {processor.py:186} INFO - Started process (PID=357) to work on /opt/airflow/dags/scripts/build_mart_performance.py
[2026-05-20T05:33:46.137+0000] {processor.py:914} INFO - Processing file /opt/airflow/dags/scripts/build_mart_performance.py for tasks to queue
[2026-05-20T05:33:46.138+0000] {logging_mixin.py:190} INFO - [2026-05-20T05:33:46.138+0000] {dagbag.py:588} INFO - Filling up the DagBag from /opt/airflow/dags/scripts/build_mart_performance.py
[2026-05-20T05:33:46.146+0000] {processor.py:927} WARNING - No viable dags retrieved from /opt/airflow/dags/scripts/build_mart_performance.py
[2026-05-20T05:33:46.155+0000] {processor.py:208} INFO - Processing /opt/airflow/dags/scripts/build_mart_performance.py took 0.023 seconds
[2026-05-20T05:34:16.632+0000] {processor.py:186} INFO - Started process (PID=384) to work on /opt/airflow/dags/scripts/build_mart_performance.py
[2026-05-20T05:34:16.633+0000] {processor.py:914} INFO - Processing file /opt/airflow/dags/scripts/build_mart_performance.py for tasks to queue
[2026-05-20T05:34:16.636+0000] {logging_mixin.py:190} INFO - [2026-05-20T05:34:16.635+0000] {dagbag.py:588} INFO - Filling up the DagBag from /opt/airflow/dags/scripts/build_mart_performance.py
[2026-05-20T05:34:16.645+0000] {processor.py:927} WARNING - No viable dags retrieved from /opt/airflow/dags/scripts/build_mart_performance.py
[2026-05-20T05:34:16.655+0000] {processor.py:208} INFO - Processing /opt/airflow/dags/scripts/build_mart_performance.py took 0.029 seconds
[2026-05-20T05:34:47.263+0000] {processor.py:186} INFO - Started process (PID=409) to work on /opt/airflow/dags/scripts/build_mart_performance.py
[2026-05-20T05:34:47.264+0000] {processor.py:914} INFO - Processing file /opt/airflow/dags/scripts/build_mart_performance.py for tasks to queue
[2026-05-20T05:34:47.267+0000] {logging_mixin.py:190} INFO - [2026-05-20T05:34:47.266+0000] {dagbag.py:588} INFO - Filling up the DagBag from /opt/airflow/dags/scripts/build_mart_performance.py
[2026-05-20T05:34:47.277+0000] {processor.py:927} WARNING - No viable dags retrieved from /opt/airflow/dags/scripts/build_mart_performance.py
[2026-05-20T05:34:47.288+0000] {processor.py:208} INFO - Processing /opt/airflow/dags/scripts/build_mart_performance.py took 0.031 seconds
[2026-05-20T05:48:03.862+0000] {processor.py:186} INFO - Started process (PID=176) to work on /opt/airflow/dags/scripts/build_mart_performance.py
[2026-05-20T05:48:03.863+0000] {processor.py:914} INFO - Processing file /opt/airflow/dags/scripts/build_mart_performance.py for tasks to queue
[2026-05-20T05:48:03.865+0000] {logging_mixin.py:190} INFO - [2026-05-20T05:48:03.865+0000] {dagbag.py:588} INFO - Filling up the DagBag from /opt/airflow/dags/scripts/build_mart_performance.py
[2026-05-20T05:48:03.887+0000] {processor.py:927} WARNING - No viable dags retrieved from /opt/airflow/dags/scripts/build_mart_performance.py
[2026-05-20T05:48:03.898+0000] {processor.py:208} INFO - Processing /opt/airflow/dags/scripts/build_mart_performance.py took 0.040 seconds
[2026-05-20T05:48:34.443+0000] {processor.py:186} INFO - Started process (PID=197) to work on /opt/airflow/dags/scripts/build_mart_performance.py
[2026-05-20T05:48:34.445+0000] {processor.py:914} INFO - Processing file /opt/airflow/dags/scripts/build_mart_performance.py for tasks to queue
[2026-05-20T05:48:34.447+0000] {logging_mixin.py:190} INFO - [2026-05-20T05:48:34.447+0000] {dagbag.py:588} INFO - Filling up the DagBag from /opt/airflow/dags/scripts/build_mart_performance.py
[2026-05-20T05:48:34.458+0000] {processor.py:927} WARNING - No viable dags retrieved from /opt/airflow/dags/scripts/build_mart_performance.py
[2026-05-20T05:48:34.469+0000] {processor.py:208} INFO - Processing /opt/airflow/dags/scripts/build_mart_performance.py took 0.029 seconds
[2026-05-20T05:49:05.157+0000] {processor.py:186} INFO - Started process (PID=218) to work on /opt/airflow/dags/scripts/build_mart_performance.py
[2026-05-20T05:49:05.158+0000] {processor.py:914} INFO - Processing file /opt/airflow/dags/scripts/build_mart_performance.py for tasks to queue
[2026-05-20T05:49:05.160+0000] {logging_mixin.py:190} INFO - [2026-05-20T05:49:05.160+0000] {dagbag.py:588} INFO - Filling up the DagBag from /opt/airflow/dags/scripts/build_mart_performance.py
[2026-05-20T05:49:05.174+0000] {processor.py:927} WARNING - No viable dags retrieved from /opt/airflow/dags/scripts/build_mart_performance.py
[2026-05-20T05:49:05.186+0000] {processor.py:208} INFO - Processing /opt/airflow/dags/scripts/build_mart_performance.py took 0.036 seconds
[2026-05-20T05:49:35.915+0000] {processor.py:186} INFO - Started process (PID=239) to work on /opt/airflow/dags/scripts/build_mart_performance.py
[2026-05-20T05:49:35.917+0000] {processor.py:914} INFO - Processing file /opt/airflow/dags/scripts/build_mart_performance.py for tasks to queue
[2026-05-20T05:49:35.919+0000] {logging_mixin.py:190} INFO - [2026-05-20T05:49:35.919+0000] {dagbag.py:588} INFO - Filling up the DagBag from /opt/airflow/dags/scripts/build_mart_performance.py
[2026-05-20T05:49:35.931+0000] {processor.py:927} WARNING - No viable dags retrieved from /opt/airflow/dags/scripts/build_mart_performance.py
[2026-05-20T05:49:35.941+0000] {processor.py:208} INFO - Processing /opt/airflow/dags/scripts/build_mart_performance.py took 0.030 seconds
[2026-05-20T05:50:06.430+0000] {processor.py:186} INFO - Started process (PID=266) to work on /opt/airflow/dags/scripts/build_mart_performance.py
[2026-05-20T05:50:06.431+0000] {processor.py:914} INFO - Processing file /opt/airflow/dags/scripts/build_mart_performance.py for tasks to queue
[2026-05-20T05:50:06.434+0000] {logging_mixin.py:190} INFO - [2026-05-20T05:50:06.433+0000] {dagbag.py:588} INFO - Filling up the DagBag from /opt/airflow/dags/scripts/build_mart_performance.py
[2026-05-20T05:50:06.444+0000] {processor.py:927} WARNING - No viable dags retrieved from /opt/airflow/dags/scripts/build_mart_performance.py
[2026-05-20T05:50:06.457+0000] {processor.py:208} INFO - Processing /opt/airflow/dags/scripts/build_mart_performance.py took 0.033 seconds
[2026-05-20T05:50:36.953+0000] {processor.py:186} INFO - Started process (PID=291) to work on /opt/airflow/dags/scripts/build_mart_performance.py
[2026-05-20T05:50:36.954+0000] {processor.py:914} INFO - Processing file /opt/airflow/dags/scripts/build_mart_performance.py for tasks to queue
[2026-05-20T05:50:36.957+0000] {logging_mixin.py:190} INFO - [2026-05-20T05:50:36.956+0000] {dagbag.py:588} INFO - Filling up the DagBag from /opt/airflow/dags/scripts/build_mart_performance.py
[2026-05-20T05:50:36.968+0000] {processor.py:927} WARNING - No viable dags retrieved from /opt/airflow/dags/scripts/build_mart_performance.py
[2026-05-20T05:50:36.980+0000] {processor.py:208} INFO - Processing /opt/airflow/dags/scripts/build_mart_performance.py took 0.031 seconds
[2026-05-20T05:51:07.555+0000] {processor.py:186} INFO - Started process (PID=312) to work on /opt/airflow/dags/scripts/build_mart_performance.py
[2026-05-20T05:51:07.556+0000] {processor.py:914} INFO - Processing file /opt/airflow/dags/scripts/build_mart_performance.py for tasks to queue
[2026-05-20T05:51:07.558+0000] {logging_mixin.py:190} INFO - [2026-05-20T05:51:07.558+0000] {dagbag.py:588} INFO - Filling up the DagBag from /opt/airflow/dags/scripts/build_mart_performance.py
[2026-05-20T05:51:07.569+0000] {processor.py:927} WARNING - No viable dags retrieved from /opt/airflow/dags/scripts/build_mart_performance.py
[2026-05-20T05:51:07.579+0000] {processor.py:208} INFO - Processing /opt/airflow/dags/scripts/build_mart_performance.py took 0.028 seconds
[2026-05-20T05:51:38.284+0000] {processor.py:186} INFO - Started process (PID=333) to work on /opt/airflow/dags/scripts/build_mart_performance.py
[2026-05-20T05:51:38.285+0000] {processor.py:914} INFO - Processing file /opt/airflow/dags/scripts/build_mart_performance.py for tasks to queue
[2026-05-20T05:51:38.288+0000] {logging_mixin.py:190} INFO - [2026-05-20T05:51:38.287+0000] {dagbag.py:588} INFO - Filling up the DagBag from /opt/airflow/dags/scripts/build_mart_performance.py
[2026-05-20T05:51:38.302+0000] {processor.py:927} WARNING - No viable dags retrieved from /opt/airflow/dags/scripts/build_mart_performance.py
[2026-05-20T05:51:38.312+0000] {processor.py:208} INFO - Processing /opt/airflow/dags/scripts/build_mart_performance.py took 0.035 seconds
[2026-05-20T05:52:08.881+0000] {processor.py:186} INFO - Started process (PID=354) to work on /opt/airflow/dags/scripts/build_mart_performance.py
[2026-05-20T05:52:08.882+0000] {processor.py:914} INFO - Processing file /opt/airflow/dags/scripts/build_mart_performance.py for tasks to queue
[2026-05-20T05:52:08.885+0000] {logging_mixin.py:190} INFO - [2026-05-20T05:52:08.884+0000] {dagbag.py:588} INFO - Filling up the DagBag from /opt/airflow/dags/scripts/build_mart_performance.py
[2026-05-20T05:52:08.895+0000] {processor.py:927} WARNING - No viable dags retrieved from /opt/airflow/dags/scripts/build_mart_performance.py
[2026-05-20T05:52:08.905+0000] {processor.py:208} INFO - Processing /opt/airflow/dags/scripts/build_mart_performance.py took 0.028 seconds
[2026-05-20T05:52:39.554+0000] {processor.py:186} INFO - Started process (PID=376) to work on /opt/airflow/dags/scripts/build_mart_performance.py
[2026-05-20T05:52:39.555+0000] {processor.py:914} INFO - Processing file /opt/airflow/dags/scripts/build_mart_performance.py for tasks to queue
[2026-05-20T05:52:39.558+0000] {logging_mixin.py:190} INFO - [2026-05-20T05:52:39.557+0000] {dagbag.py:588} INFO - Filling up the DagBag from /opt/airflow/dags/scripts/build_mart_performance.py
[2026-05-20T05:52:39.568+0000] {processor.py:927} WARNING - No viable dags retrieved from /opt/airflow/dags/scripts/build_mart_performance.py
[2026-05-20T05:52:39.578+0000] {processor.py:208} INFO - Processing /opt/airflow/dags/scripts/build_mart_performance.py took 0.031 seconds
[2026-05-20T05:53:10.245+0000] {processor.py:186} INFO - Started process (PID=397) to work on /opt/airflow/dags/scripts/build_mart_performance.py
[2026-05-20T05:53:10.246+0000] {processor.py:914} INFO - Processing file /opt/airflow/dags/scripts/build_mart_performance.py for tasks to queue
[2026-05-20T05:53:10.248+0000] {logging_mixin.py:190} INFO - [2026-05-20T05:53:10.248+0000] {dagbag.py:588} INFO - Filling up the DagBag from /opt/airflow/dags/scripts/build_mart_performance.py
[2026-05-20T05:53:10.258+0000] {processor.py:927} WARNING - No viable dags retrieved from /opt/airflow/dags/scripts/build_mart_performance.py
[2026-05-20T05:53:10.268+0000] {processor.py:208} INFO - Processing /opt/airflow/dags/scripts/build_mart_performance.py took 0.027 seconds
[2026-05-20T05:53:40.780+0000] {processor.py:186} INFO - Started process (PID=418) to work on /opt/airflow/dags/scripts/build_mart_performance.py
[2026-05-20T05:53:40.781+0000] {processor.py:914} INFO - Processing file /opt/airflow/dags/scripts/build_mart_performance.py for tasks to queue
[2026-05-20T05:53:40.783+0000] {logging_mixin.py:190} INFO - [2026-05-20T05:53:40.782+0000] {dagbag.py:588} INFO - Filling up the DagBag from /opt/airflow/dags/scripts/build_mart_performance.py
[2026-05-20T05:53:40.790+0000] {processor.py:927} WARNING - No viable dags retrieved from /opt/airflow/dags/scripts/build_mart_performance.py
[2026-05-20T05:53:40.800+0000] {processor.py:208} INFO - Processing /opt/airflow/dags/scripts/build_mart_performance.py took 0.025 seconds
[2026-05-20T05:54:11.486+0000] {processor.py:186} INFO - Started process (PID=440) to work on /opt/airflow/dags/scripts/build_mart_performance.py
[2026-05-20T05:54:11.487+0000] {processor.py:914} INFO - Processing file /opt/airflow/dags/scripts/build_mart_performance.py for tasks to queue
[2026-05-20T05:54:11.489+0000] {logging_mixin.py:190} INFO - [2026-05-20T05:54:11.489+0000] {dagbag.py:588} INFO - Filling up the DagBag from /opt/airflow/dags/scripts/build_mart_performance.py
[2026-05-20T05:54:11.501+0000] {processor.py:927} WARNING - No viable dags retrieved from /opt/airflow/dags/scripts/build_mart_performance.py
[2026-05-20T05:54:11.511+0000] {processor.py:208} INFO - Processing /opt/airflow/dags/scripts/build_mart_performance.py took 0.030 seconds
[2026-05-20T05:54:42.075+0000] {processor.py:186} INFO - Started process (PID=461) to work on /opt/airflow/dags/scripts/build_mart_performance.py
[2026-05-20T05:54:42.076+0000] {processor.py:914} INFO - Processing file /opt/airflow/dags/scripts/build_mart_performance.py for tasks to queue
[2026-05-20T05:54:42.078+0000] {logging_mixin.py:190} INFO - [2026-05-20T05:54:42.078+0000] {dagbag.py:588} INFO - Filling up the DagBag from /opt/airflow/dags/scripts/build_mart_performance.py
[2026-05-20T05:54:42.088+0000] {processor.py:927} WARNING - No viable dags retrieved from /opt/airflow/dags/scripts/build_mart_performance.py
[2026-05-20T05:54:42.097+0000] {processor.py:208} INFO - Processing /opt/airflow/dags/scripts/build_mart_performance.py took 0.029 seconds
[2026-05-20T05:55:12.657+0000] {processor.py:186} INFO - Started process (PID=482) to work on /opt/airflow/dags/scripts/build_mart_performance.py
[2026-05-20T05:55:12.657+0000] {processor.py:914} INFO - Processing file /opt/airflow/dags/scripts/build_mart_performance.py for tasks to queue
[2026-05-20T05:55:12.660+0000] {logging_mixin.py:190} INFO - [2026-05-20T05:55:12.660+0000] {dagbag.py:588} INFO - Filling up the DagBag from /opt/airflow/dags/scripts/build_mart_performance.py
[2026-05-20T05:55:12.672+0000] {processor.py:927} WARNING - No viable dags retrieved from /opt/airflow/dags/scripts/build_mart_performance.py
[2026-05-20T05:55:12.682+0000] {processor.py:208} INFO - Processing /opt/airflow/dags/scripts/build_mart_performance.py took 0.030 seconds
[2026-05-20T05:55:43.291+0000] {processor.py:186} INFO - Started process (PID=503) to work on /opt/airflow/dags/scripts/build_mart_performance.py
[2026-05-20T05:55:43.292+0000] {processor.py:914} INFO - Processing file /opt/airflow/dags/scripts/build_mart_performance.py for tasks to queue
[2026-05-20T05:55:43.295+0000] {logging_mixin.py:190} INFO - [2026-05-20T05:55:43.294+0000] {dagbag.py:588} INFO - Filling up the DagBag from /opt/airflow/dags/scripts/build_mart_performance.py
[2026-05-20T05:55:43.306+0000] {processor.py:927} WARNING - No viable dags retrieved from /opt/airflow/dags/scripts/build_mart_performance.py
[2026-05-20T05:55:43.317+0000] {processor.py:208} INFO - Processing /opt/airflow/dags/scripts/build_mart_performance.py took 0.030 seconds
[2026-05-20T05:56:13.890+0000] {processor.py:186} INFO - Started process (PID=524) to work on /opt/airflow/dags/scripts/build_mart_performance.py
[2026-05-20T05:56:13.891+0000] {processor.py:914} INFO - Processing file /opt/airflow/dags/scripts/build_mart_performance.py for tasks to queue
[2026-05-20T05:56:13.894+0000] {logging_mixin.py:190} INFO - [2026-05-20T05:56:13.893+0000] {dagbag.py:588} INFO - Filling up the DagBag from /opt/airflow/dags/scripts/build_mart_performance.py
[2026-05-20T05:56:13.908+0000] {processor.py:927} WARNING - No viable dags retrieved from /opt/airflow/dags/scripts/build_mart_performance.py
[2026-05-20T05:56:13.918+0000] {processor.py:208} INFO - Processing /opt/airflow/dags/scripts/build_mart_performance.py took 0.035 seconds
[2026-05-20T05:56:44.419+0000] {processor.py:186} INFO - Started process (PID=545) to work on /opt/airflow/dags/scripts/build_mart_performance.py
[2026-05-20T05:56:44.420+0000] {processor.py:914} INFO - Processing file /opt/airflow/dags/scripts/build_mart_performance.py for tasks to queue
[2026-05-20T05:56:44.421+0000] {logging_mixin.py:190} INFO - [2026-05-20T05:56:44.421+0000] {dagbag.py:588} INFO - Filling up the DagBag from /opt/airflow/dags/scripts/build_mart_performance.py
[2026-05-20T05:56:44.432+0000] {processor.py:927} WARNING - No viable dags retrieved from /opt/airflow/dags/scripts/build_mart_performance.py
[2026-05-20T05:56:44.442+0000] {processor.py:208} INFO - Processing /opt/airflow/dags/scripts/build_mart_performance.py took 0.027 seconds
