[2026-05-19T20:09:09.779+0000] {local_task_job_runner.py:123} INFO - ::group::Pre task execution logs
[2026-05-19T20:09:09.791+0000] {taskinstance.py:2613} INFO - Dependencies all met for dep_context=non-requeueable deps ti=<TaskInstance: create_analytics_mart_performance.create_performance_mart manual__2026-05-19T20:09:09.423158+00:00 [queued]>
[2026-05-19T20:09:09.798+0000] {taskinstance.py:2613} INFO - Dependencies all met for dep_context=requeueable deps ti=<TaskInstance: create_analytics_mart_performance.create_performance_mart manual__2026-05-19T20:09:09.423158+00:00 [queued]>
[2026-05-19T20:09:09.798+0000] {taskinstance.py:2866} INFO - Starting attempt 1 of 2
[2026-05-19T20:09:09.817+0000] {taskinstance.py:2889} INFO - Executing <Task(PythonOperator): create_performance_mart> on 2026-05-19 20:09:09.423158+00:00
[2026-05-19T20:09:09.822+0000] {standard_task_runner.py:104} INFO - Running: ['***', 'tasks', 'run', 'create_analytics_mart_performance', 'create_performance_mart', 'manual__2026-05-19T20:09:09.423158+00:00', '--job-id', '3', '--raw', '--subdir', 'DAGS_FOLDER/create_mart_performance_dag.py', '--cfg-path', '/tmp/tmp51x4fnru']
[2026-05-19T20:09:09.824+0000] {standard_task_runner.py:105} INFO - Job 3: Subtask create_performance_mart
[2026-05-19T20:09:09.824+0000] {logging_mixin.py:190} WARNING - /home/***/.local/lib/python3.12/site-packages/***/task/task_runner/standard_task_runner.py:70 DeprecationWarning: This process (pid=244) is multi-threaded, use of fork() may lead to deadlocks in the child.
[2026-05-19T20:09:09.824+0000] {standard_task_runner.py:72} INFO - Started process 245 to run task
[2026-05-19T20:09:09.865+0000] {task_command.py:467} INFO - Running <TaskInstance: create_analytics_mart_performance.create_performance_mart manual__2026-05-19T20:09:09.423158+00:00 [running]> on host 948565da22e8
[2026-05-19T20:09:09.923+0000] {taskinstance.py:3132} INFO - Exporting env vars: AIRFLOW_CTX_DAG_OWNER='schepetova' AIRFLOW_CTX_DAG_ID='create_analytics_mart_performance' AIRFLOW_CTX_TASK_ID='create_performance_mart' AIRFLOW_CTX_EXECUTION_DATE='2026-05-19T20:09:09.423158+00:00' AIRFLOW_CTX_TRY_NUMBER='1' AIRFLOW_CTX_DAG_RUN_ID='manual__2026-05-19T20:09:09.423158+00:00'
[2026-05-19T20:09:09.923+0000] {taskinstance.py:731} INFO - ::endgroup::
[2026-05-19T20:09:09.935+0000] {logging_mixin.py:190} INFO - Подключение к host.docker.internal:5433 ...
[2026-05-19T20:09:09.949+0000] {logging_mixin.py:190} INFO - Схема dmr создана/существует
[2026-05-19T20:09:09.952+0000] {logging_mixin.py:190} INFO - Таблица dmr.analytics_student_performance создана
[2026-05-19T20:09:10.292+0000] {logging_mixin.py:190} INFO - Найдено уникальных пар (студент, курс) с оценками: 17272
[2026-05-19T20:09:11.425+0000] {logging_mixin.py:190} INFO - Витрина заполнена. Добавлено/обновлено записей: 17272
[2026-05-19T20:09:11.425+0000] {logging_mixin.py:190} INFO - Витрина dmr.analytics_student_performance успешно создана/обновлена.
[2026-05-19T20:09:11.429+0000] {python.py:240} INFO - Done. Returned value was: None
[2026-05-19T20:09:11.435+0000] {taskinstance.py:340} INFO - ::group::Post task execution logs
[2026-05-19T20:09:11.436+0000] {taskinstance.py:352} INFO - Marking task as SUCCESS. dag_id=create_analytics_mart_performance, task_id=create_performance_mart, run_id=manual__2026-05-19T20:09:09.423158+00:00, execution_date=20260519T200909, start_date=20260519T200909, end_date=20260519T200911
[2026-05-19T20:09:11.486+0000] {local_task_job_runner.py:266} INFO - Task exited with return code 0
[2026-05-19T20:09:11.499+0000] {taskinstance.py:3895} INFO - 0 downstream tasks scheduled from follow-on schedule check
[2026-05-19T20:09:11.501+0000] {local_task_job_runner.py:245} INFO - ::endgroup::
