[2026-05-20T05:42:44.815+0000] {local_task_job_runner.py:123} INFO - ::group::Pre task execution logs
[2026-05-20T05:42:44.828+0000] {taskinstance.py:2613} INFO - Dependencies all met for dep_context=non-requeueable deps ti=<TaskInstance: create_analytics_mart.create_student_mart manual__2026-05-20T05:42:44.471753+00:00 [queued]>
[2026-05-20T05:42:44.834+0000] {taskinstance.py:2613} INFO - Dependencies all met for dep_context=requeueable deps ti=<TaskInstance: create_analytics_mart.create_student_mart manual__2026-05-20T05:42:44.471753+00:00 [queued]>
[2026-05-20T05:42:44.834+0000] {taskinstance.py:2866} INFO - Starting attempt 1 of 2
[2026-05-20T05:42:44.846+0000] {taskinstance.py:2889} INFO - Executing <Task(PythonOperator): create_student_mart> on 2026-05-20 05:42:44.471753+00:00
[2026-05-20T05:42:44.851+0000] {standard_task_runner.py:104} INFO - Running: ['***', 'tasks', 'run', 'create_analytics_mart', 'create_student_mart', 'manual__2026-05-20T05:42:44.471753+00:00', '--job-id', '3', '--raw', '--subdir', 'DAGS_FOLDER/create_mart_dag.py', '--cfg-path', '/tmp/tmp_ez5zl15']
[2026-05-20T05:42:44.853+0000] {standard_task_runner.py:105} INFO - Job 3: Subtask create_student_mart
[2026-05-20T05:42:44.853+0000] {logging_mixin.py:190} WARNING - /home/***/.local/lib/python3.12/site-packages/***/task/task_runner/standard_task_runner.py:70 DeprecationWarning: This process (pid=227) is multi-threaded, use of fork() may lead to deadlocks in the child.
[2026-05-20T05:42:44.854+0000] {standard_task_runner.py:72} INFO - Started process 228 to run task
[2026-05-20T05:42:44.884+0000] {task_command.py:467} INFO - Running <TaskInstance: create_analytics_mart.create_student_mart manual__2026-05-20T05:42:44.471753+00:00 [running]> on host 5fbad3f6f6a0
[2026-05-20T05:42:44.949+0000] {taskinstance.py:3132} INFO - Exporting env vars: AIRFLOW_CTX_DAG_OWNER='***' AIRFLOW_CTX_DAG_ID='create_analytics_mart' AIRFLOW_CTX_TASK_ID='create_student_mart' AIRFLOW_CTX_EXECUTION_DATE='2026-05-20T05:42:44.471753+00:00' AIRFLOW_CTX_TRY_NUMBER='1' AIRFLOW_CTX_DAG_RUN_ID='manual__2026-05-20T05:42:44.471753+00:00'
[2026-05-20T05:42:44.950+0000] {taskinstance.py:731} INFO - ::endgroup::
[2026-05-20T05:42:44.962+0000] {logging_mixin.py:190} INFO - Подключение к host.docker.internal:5433 ...
[2026-05-20T05:42:45.414+0000] {logging_mixin.py:190} INFO - Витрина обновлена. Записей: 272
[2026-05-20T05:42:45.415+0000] {logging_mixin.py:190} INFO - Витрина успешно создана/обновлена.
[2026-05-20T05:42:45.417+0000] {python.py:240} INFO - Done. Returned value was: None
[2026-05-20T05:42:45.423+0000] {taskinstance.py:340} INFO - ::group::Post task execution logs
[2026-05-20T05:42:45.424+0000] {taskinstance.py:352} INFO - Marking task as SUCCESS. dag_id=create_analytics_mart, task_id=create_student_mart, run_id=manual__2026-05-20T05:42:44.471753+00:00, execution_date=20260520T054244, start_date=20260520T054244, end_date=20260520T054245
[2026-05-20T05:42:45.470+0000] {local_task_job_runner.py:266} INFO - Task exited with return code 0
[2026-05-20T05:42:45.481+0000] {taskinstance.py:3895} INFO - 0 downstream tasks scheduled from follow-on schedule check
[2026-05-20T05:42:45.483+0000] {local_task_job_runner.py:245} INFO - ::endgroup::
