[2026-05-19T20:07:39.570+0000] {processor.py:186} INFO - Started process (PID=179) to work on /opt/airflow/dags/scripts/build_mart_performance.py
[2026-05-19T20:07:39.570+0000] {processor.py:914} INFO - Processing file /opt/airflow/dags/scripts/build_mart_performance.py for tasks to queue
[2026-05-19T20:07:39.572+0000] {logging_mixin.py:190} INFO - [2026-05-19T20:07:39.572+0000] {dagbag.py:588} INFO - Filling up the DagBag from /opt/airflow/dags/scripts/build_mart_performance.py
[2026-05-19T20:07:39.589+0000] {processor.py:927} WARNING - No viable dags retrieved from /opt/airflow/dags/scripts/build_mart_performance.py
[2026-05-19T20:07:39.601+0000] {processor.py:208} INFO - Processing /opt/airflow/dags/scripts/build_mart_performance.py took 0.037 seconds
[2026-05-19T20:08:09.987+0000] {processor.py:186} INFO - Started process (PID=201) to work on /opt/airflow/dags/scripts/build_mart_performance.py
[2026-05-19T20:08:09.988+0000] {processor.py:914} INFO - Processing file /opt/airflow/dags/scripts/build_mart_performance.py for tasks to queue
[2026-05-19T20:08:09.989+0000] {logging_mixin.py:190} INFO - [2026-05-19T20:08:09.989+0000] {dagbag.py:588} INFO - Filling up the DagBag from /opt/airflow/dags/scripts/build_mart_performance.py
[2026-05-19T20:08:10.001+0000] {processor.py:927} WARNING - No viable dags retrieved from /opt/airflow/dags/scripts/build_mart_performance.py
[2026-05-19T20:08:10.013+0000] {processor.py:208} INFO - Processing /opt/airflow/dags/scripts/build_mart_performance.py took 0.030 seconds
[2026-05-19T20:08:40.558+0000] {processor.py:186} INFO - Started process (PID=222) to work on /opt/airflow/dags/scripts/build_mart_performance.py
[2026-05-19T20:08:40.558+0000] {processor.py:914} INFO - Processing file /opt/airflow/dags/scripts/build_mart_performance.py for tasks to queue
[2026-05-19T20:08:40.560+0000] {logging_mixin.py:190} INFO - [2026-05-19T20:08:40.560+0000] {dagbag.py:588} INFO - Filling up the DagBag from /opt/airflow/dags/scripts/build_mart_performance.py
[2026-05-19T20:08:40.572+0000] {processor.py:927} WARNING - No viable dags retrieved from /opt/airflow/dags/scripts/build_mart_performance.py
[2026-05-19T20:08:40.584+0000] {processor.py:208} INFO - Processing /opt/airflow/dags/scripts/build_mart_performance.py took 0.031 seconds
[2026-05-19T20:09:11.100+0000] {processor.py:186} INFO - Started process (PID=250) to work on /opt/airflow/dags/scripts/build_mart_performance.py
[2026-05-19T20:09:11.101+0000] {processor.py:914} INFO - Processing file /opt/airflow/dags/scripts/build_mart_performance.py for tasks to queue
[2026-05-19T20:09:11.102+0000] {logging_mixin.py:190} INFO - [2026-05-19T20:09:11.102+0000] {dagbag.py:588} INFO - Filling up the DagBag from /opt/airflow/dags/scripts/build_mart_performance.py
[2026-05-19T20:09:11.115+0000] {processor.py:927} WARNING - No viable dags retrieved from /opt/airflow/dags/scripts/build_mart_performance.py
[2026-05-19T20:09:11.126+0000] {processor.py:208} INFO - Processing /opt/airflow/dags/scripts/build_mart_performance.py took 0.031 seconds
[2026-05-19T20:09:41.712+0000] {processor.py:186} INFO - Started process (PID=271) to work on /opt/airflow/dags/scripts/build_mart_performance.py
[2026-05-19T20:09:41.713+0000] {processor.py:914} INFO - Processing file /opt/airflow/dags/scripts/build_mart_performance.py for tasks to queue
[2026-05-19T20:09:41.714+0000] {logging_mixin.py:190} INFO - [2026-05-19T20:09:41.714+0000] {dagbag.py:588} INFO - Filling up the DagBag from /opt/airflow/dags/scripts/build_mart_performance.py
[2026-05-19T20:09:41.722+0000] {processor.py:927} WARNING - No viable dags retrieved from /opt/airflow/dags/scripts/build_mart_performance.py
[2026-05-19T20:09:41.733+0000] {processor.py:208} INFO - Processing /opt/airflow/dags/scripts/build_mart_performance.py took 0.027 seconds
[2026-05-19T20:10:12.280+0000] {processor.py:186} INFO - Started process (PID=292) to work on /opt/airflow/dags/scripts/build_mart_performance.py
[2026-05-19T20:10:12.281+0000] {processor.py:914} INFO - Processing file /opt/airflow/dags/scripts/build_mart_performance.py for tasks to queue
[2026-05-19T20:10:12.283+0000] {logging_mixin.py:190} INFO - [2026-05-19T20:10:12.282+0000] {dagbag.py:588} INFO - Filling up the DagBag from /opt/airflow/dags/scripts/build_mart_performance.py
[2026-05-19T20:10:12.296+0000] {processor.py:927} WARNING - No viable dags retrieved from /opt/airflow/dags/scripts/build_mart_performance.py
[2026-05-19T20:10:12.308+0000] {processor.py:208} INFO - Processing /opt/airflow/dags/scripts/build_mart_performance.py took 0.035 seconds
[2026-05-19T20:10:43.042+0000] {processor.py:186} INFO - Started process (PID=313) to work on /opt/airflow/dags/scripts/build_mart_performance.py
[2026-05-19T20:10:43.042+0000] {processor.py:914} INFO - Processing file /opt/airflow/dags/scripts/build_mart_performance.py for tasks to queue
[2026-05-19T20:10:43.044+0000] {logging_mixin.py:190} INFO - [2026-05-19T20:10:43.043+0000] {dagbag.py:588} INFO - Filling up the DagBag from /opt/airflow/dags/scripts/build_mart_performance.py
[2026-05-19T20:10:43.052+0000] {processor.py:927} WARNING - No viable dags retrieved from /opt/airflow/dags/scripts/build_mart_performance.py
[2026-05-19T20:10:43.063+0000] {processor.py:208} INFO - Processing /opt/airflow/dags/scripts/build_mart_performance.py took 0.025 seconds
[2026-05-19T20:11:13.459+0000] {processor.py:186} INFO - Started process (PID=334) to work on /opt/airflow/dags/scripts/build_mart_performance.py
[2026-05-19T20:11:13.460+0000] {processor.py:914} INFO - Processing file /opt/airflow/dags/scripts/build_mart_performance.py for tasks to queue
[2026-05-19T20:11:13.462+0000] {logging_mixin.py:190} INFO - [2026-05-19T20:11:13.461+0000] {dagbag.py:588} INFO - Filling up the DagBag from /opt/airflow/dags/scripts/build_mart_performance.py
[2026-05-19T20:11:13.472+0000] {processor.py:927} WARNING - No viable dags retrieved from /opt/airflow/dags/scripts/build_mart_performance.py
[2026-05-19T20:11:13.484+0000] {processor.py:208} INFO - Processing /opt/airflow/dags/scripts/build_mart_performance.py took 0.029 seconds
[2026-05-19T20:11:43.993+0000] {processor.py:186} INFO - Started process (PID=355) to work on /opt/airflow/dags/scripts/build_mart_performance.py
[2026-05-19T20:11:43.994+0000] {processor.py:914} INFO - Processing file /opt/airflow/dags/scripts/build_mart_performance.py for tasks to queue
[2026-05-19T20:11:43.996+0000] {logging_mixin.py:190} INFO - [2026-05-19T20:11:43.995+0000] {dagbag.py:588} INFO - Filling up the DagBag from /opt/airflow/dags/scripts/build_mart_performance.py
[2026-05-19T20:11:44.004+0000] {processor.py:927} WARNING - No viable dags retrieved from /opt/airflow/dags/scripts/build_mart_performance.py
[2026-05-19T20:11:44.024+0000] {processor.py:208} INFO - Processing /opt/airflow/dags/scripts/build_mart_performance.py took 0.036 seconds
[2026-05-19T20:12:14.727+0000] {processor.py:186} INFO - Started process (PID=376) to work on /opt/airflow/dags/scripts/build_mart_performance.py
[2026-05-19T20:12:14.727+0000] {processor.py:914} INFO - Processing file /opt/airflow/dags/scripts/build_mart_performance.py for tasks to queue
[2026-05-19T20:12:14.729+0000] {logging_mixin.py:190} INFO - [2026-05-19T20:12:14.729+0000] {dagbag.py:588} INFO - Filling up the DagBag from /opt/airflow/dags/scripts/build_mart_performance.py
[2026-05-19T20:12:14.736+0000] {processor.py:927} WARNING - No viable dags retrieved from /opt/airflow/dags/scripts/build_mart_performance.py
[2026-05-19T20:12:14.746+0000] {processor.py:208} INFO - Processing /opt/airflow/dags/scripts/build_mart_performance.py took 0.024 seconds
[2026-05-19T20:12:45.422+0000] {processor.py:186} INFO - Started process (PID=397) to work on /opt/airflow/dags/scripts/build_mart_performance.py
[2026-05-19T20:12:45.423+0000] {processor.py:914} INFO - Processing file /opt/airflow/dags/scripts/build_mart_performance.py for tasks to queue
[2026-05-19T20:12:45.425+0000] {logging_mixin.py:190} INFO - [2026-05-19T20:12:45.424+0000] {dagbag.py:588} INFO - Filling up the DagBag from /opt/airflow/dags/scripts/build_mart_performance.py
[2026-05-19T20:12:45.436+0000] {processor.py:927} WARNING - No viable dags retrieved from /opt/airflow/dags/scripts/build_mart_performance.py
[2026-05-19T20:12:45.449+0000] {processor.py:208} INFO - Processing /opt/airflow/dags/scripts/build_mart_performance.py took 0.031 seconds
[2026-05-19T20:13:16.156+0000] {processor.py:186} INFO - Started process (PID=418) to work on /opt/airflow/dags/scripts/build_mart_performance.py
[2026-05-19T20:13:16.157+0000] {processor.py:914} INFO - Processing file /opt/airflow/dags/scripts/build_mart_performance.py for tasks to queue
[2026-05-19T20:13:16.158+0000] {logging_mixin.py:190} INFO - [2026-05-19T20:13:16.158+0000] {dagbag.py:588} INFO - Filling up the DagBag from /opt/airflow/dags/scripts/build_mart_performance.py
[2026-05-19T20:13:16.168+0000] {processor.py:927} WARNING - No viable dags retrieved from /opt/airflow/dags/scripts/build_mart_performance.py
[2026-05-19T20:13:16.179+0000] {processor.py:208} INFO - Processing /opt/airflow/dags/scripts/build_mart_performance.py took 0.027 seconds
[2026-05-19T20:13:46.816+0000] {processor.py:186} INFO - Started process (PID=439) to work on /opt/airflow/dags/scripts/build_mart_performance.py
[2026-05-19T20:13:46.816+0000] {processor.py:914} INFO - Processing file /opt/airflow/dags/scripts/build_mart_performance.py for tasks to queue
[2026-05-19T20:13:46.818+0000] {logging_mixin.py:190} INFO - [2026-05-19T20:13:46.818+0000] {dagbag.py:588} INFO - Filling up the DagBag from /opt/airflow/dags/scripts/build_mart_performance.py
[2026-05-19T20:13:46.825+0000] {processor.py:927} WARNING - No viable dags retrieved from /opt/airflow/dags/scripts/build_mart_performance.py
[2026-05-19T20:13:46.836+0000] {processor.py:208} INFO - Processing /opt/airflow/dags/scripts/build_mart_performance.py took 0.025 seconds
[2026-05-19T20:14:17.425+0000] {processor.py:186} INFO - Started process (PID=460) to work on /opt/airflow/dags/scripts/build_mart_performance.py
[2026-05-19T20:14:17.425+0000] {processor.py:914} INFO - Processing file /opt/airflow/dags/scripts/build_mart_performance.py for tasks to queue
[2026-05-19T20:14:17.427+0000] {logging_mixin.py:190} INFO - [2026-05-19T20:14:17.427+0000] {dagbag.py:588} INFO - Filling up the DagBag from /opt/airflow/dags/scripts/build_mart_performance.py
[2026-05-19T20:14:17.437+0000] {processor.py:927} WARNING - No viable dags retrieved from /opt/airflow/dags/scripts/build_mart_performance.py
[2026-05-19T20:14:17.449+0000] {processor.py:208} INFO - Processing /opt/airflow/dags/scripts/build_mart_performance.py took 0.028 seconds
[2026-05-19T20:14:48.092+0000] {processor.py:186} INFO - Started process (PID=481) to work on /opt/airflow/dags/scripts/build_mart_performance.py
[2026-05-19T20:14:48.092+0000] {processor.py:914} INFO - Processing file /opt/airflow/dags/scripts/build_mart_performance.py for tasks to queue
[2026-05-19T20:14:48.094+0000] {logging_mixin.py:190} INFO - [2026-05-19T20:14:48.094+0000] {dagbag.py:588} INFO - Filling up the DagBag from /opt/airflow/dags/scripts/build_mart_performance.py
[2026-05-19T20:14:48.104+0000] {processor.py:927} WARNING - No viable dags retrieved from /opt/airflow/dags/scripts/build_mart_performance.py
[2026-05-19T20:14:48.116+0000] {processor.py:208} INFO - Processing /opt/airflow/dags/scripts/build_mart_performance.py took 0.028 seconds
[2026-05-19T20:15:18.615+0000] {processor.py:186} INFO - Started process (PID=502) to work on /opt/airflow/dags/scripts/build_mart_performance.py
[2026-05-19T20:15:18.616+0000] {processor.py:914} INFO - Processing file /opt/airflow/dags/scripts/build_mart_performance.py for tasks to queue
[2026-05-19T20:15:18.618+0000] {logging_mixin.py:190} INFO - [2026-05-19T20:15:18.618+0000] {dagbag.py:588} INFO - Filling up the DagBag from /opt/airflow/dags/scripts/build_mart_performance.py
[2026-05-19T20:15:18.627+0000] {processor.py:927} WARNING - No viable dags retrieved from /opt/airflow/dags/scripts/build_mart_performance.py
[2026-05-19T20:15:18.639+0000] {processor.py:208} INFO - Processing /opt/airflow/dags/scripts/build_mart_performance.py took 0.028 seconds
